******************************************************************************
               TMS320C6x Linker Unix v8.2.2                    
******************************************************************************
>> Linked Mon Apr 16 18:36:29 2018

OUTPUT FILE NAME:   <ti-rtos-uart-test.out>
ENTRY POINT SYMBOL: "_c_int00"  address: 0080fce0


MEMORY CONFIGURATION

         name            origin    length      used     unused   attr    fill
----------------------  --------  ---------  --------  --------  ----  --------
  L2SRAM                00800000   00080000  0002fdb0  00050250  RW X
  MSMCSRAM              0c000000   00200000  00000000  00200000  RW X
  DDR3                  80000000   80000000  00000000  80000000  RWIX


SEGMENT ALLOCATION MAP

run origin  load origin   length   init length attrs members
----------  ----------- ---------- ----------- ----- -------
00800000    00800000    00015100   00015100    r-x
  00800000    00800000    00015100   00015100    r-x .text
00815100    00815100    00010000   00000000    rw-
  00815100    00815100    00010000   00000000    rw- .heap
00825100    00825100    000032b4   000032b4    r--
  00825100    00825100    000032b4   000032b4    r-- .const
008283b8    008283b8    00005ed8   00000000    rw-
  008283b8    008283b8    00002d8c   00000000    rw- .fardata
  0082b148    0082b148    00002000   00000000    rw- .stack
  0082d148    0082d148    00001028   00000000    rw- .far
  0082e170    0082e170    00000120   00000000    rw- .cio
0082e290    0082e290    00000024   00000024    r--
  0082e290    0082e290    00000024   00000024    r-- .switch
0082e2b8    0082e2b8    00000018   00000000    rw-
  0082e2b8    0082e2b8    00000018   00000000    rw- .neardata
0082e2d0    0082e2d0    0000000c   00000000    r--
  0082e2d0    0082e2d0    0000000c   00000000    r-- .rodata
0082e400    0082e400    00001ae0   00001ae0    r-x
  0082e400    0082e400    00000200   00000200    r-x .vecs
  0082e600    0082e600    000018e0   000018e0    r-- .cinit


SECTION ALLOCATION MAP

 output                                  attributes/
section   page    origin      length       input sections
--------  ----  ----------  ----------   ----------------
.stack     0    0082b148    00002000     UNINITIALIZED
                  0082b148    00000008     boot.ae66 : boot.oe66 (.stack)
                  0082b150    00001ff8     --HOLE--

.bss       0    0082e2b8    00000000     UNINITIALIZED

.neardata 
*          0    0082e2b8    00000018     UNINITIALIZED
                  0082e2b8    00000018     ti.osal.ae66 : Utils_tirtos.oe66 (.neardata)

.rodata    0    0082e2d0    0000000c     UNINITIALIZED
                  0082e2d0    00000008     float_buffer.obj (.rodata)
                  0082e2d8    00000004     main.obj (.rodata)

.cinit     0    0082e600    000018e0     
                  0082e600    0000187a     (.cinit..fardata.load) [load image, compression = rle]
                  0082fe7a    00000012     (.cinit..rodata.load) [load image, compression = rle]
                  0082fe8c    0000000d     (.cinit..heap.load) [load image, compression = rle]
                  0082fe99    0000000b     (.cinit..far.load) [load image, compression = rle]
                  0082fea4    00000009     (.cinit..neardata.load) [load image, compression = rle]
                  0082fead    00000003     --HOLE-- [fill = 0]
                  0082feb0    00000008     (__TI_handler_table)
                  0082feb8    00000028     (__TI_cinit_table)

.init_array 
*          0    00800000    00000000     UNINITIALIZED

.heap      0    00815100    00010000     UNINITIALIZED
                  00815100    00010000     app_pe66.oe66 (.heap)

.far       0    0082d148    00001028     UNINITIALIZED
                  0082d148    00000800     app_pe66.oe66 (.far:taskStackSection)
                  0082d948    00000400     (.common:xdc_runtime_SysMin_Module_State_0_outbuf__A)
                  0082dd48    00000220     (.common:UartObjects)
                  0082df68    00000200     (.common:xdc_runtime_LoggerBuf_Instance_State_0_entryArr__A)
                  0082e168    00000008     (.common:parmbuf)

.cio       0    0082e170    00000120     UNINITIALIZED
                  0082e170    00000120     rts6600_elf.lib : trgmsg.obj (.cio)

.vecs      0    0082e400    00000200     
                  0082e400    00000200     app_pe66.oe66 (.vecs)

xdc.meta   0    00800000    000000f0     COPY SECTION
                  00800000    000000f0     app_pe66.oe66 (xdc.meta)

.text      0    00800000    00015100     
                  00800000    000008a0     ti.targets.rts6000.ae66 : System.oe66 (.text:xdc_runtime_System_doPrint__I)
                  008008a0    000007c0     sysbios.ae66 : BIOS.obj (.text:ti_sysbios_knl_Event_pend__E)
                  00801060    00000780                  : BIOS.obj (.text:ti_sysbios_family_c64p_Exception_handler__I)
                  008017e0    000006e0                  : BIOS.obj (.text:ti_sysbios_heaps_HeapMem_freeUnprotected__E)
                  00801ec0    000006c0     ti.drv.uart.ae66 : UART_v0.oe66 (.text:UART_v0_hwiIntFxn$0)
                  00802580    000006c0     sysbios.ae66 : BIOS.obj (.text:ti_sysbios_knl_Semaphore_pend__E)
                  00802c40    00000600     rts6600_elf.lib : divd.obj (.text:__c6xabi_divd)
                  00803240    000005c0     float_buffer.obj (.text)
                  00803800    000005a0     sysbios.ae66 : BIOS.obj (.text:ti_sysbios_heaps_HeapMem_allocUnprotected__E)
                  00803da0    000005a0                  : BIOS.obj (.text:ti_sysbios_knl_Task_Instance_init__E)
                  00804340    00000580                  : BIOS.obj (.text:ti_sysbios_knl_Task_Instance_finalize__E)
                  008048c0    000004e0                  : BIOS.obj (.text:ti_sysbios_timers_timer64_Timer_Module_startup__E)
                  00804da0    00000480     dsplib.ae66 : DSPF_sp_fftSPxSP.oe66 (.text:optimized)
                  00805220    00000460     sysbios.ae66 : BIOS.obj (.text:ti_sysbios_timers_timer64_Timer_deviceConfig__I)
                  00805680    00000440     ti.drv.uart.ae66 : UART_v0.oe66 (.text:UART_open_v0$0)
                  00805ac0    00000440     sysbios.ae66 : BIOS.obj (.text:ti_sysbios_knl_Task_sleep__E)
                  00805f00    00000420     ti.drv.uart.ae66 : UART_v0.oe66 (.text:UART_write2_v0$0)
                  00806320    00000400                      : UART_v0.oe66 (.text:UART_read2_v0$0)
                  00806720    000003c0     main.obj (.text)
                  00806ae0    000003c0     sysbios.ae66 : BIOS.obj (.text:ti_sysbios_heaps_HeapMem_Instance_init__E)
                  00806ea0    00000320                  : BIOS.obj (.text:ti_sysbios_knl_Event_post__E)
                  008071c0    000002e0                  : BIOS.obj (.text:Timer_getNextAvailableTimerId)
                  008074a0    000002e0                  : BIOS.obj (.text:ti_sysbios_knl_Semaphore_post__E)
                  00807780    000002c0     ti.targets.rts6000.ae66 : LoggerBuf.oe66 (.text:xdc_runtime_LoggerBuf_write8__E)
                  00807a40    000002a0     sysbios.ae66 : BIOS.obj (.text:ti_sysbios_family_c64p_Hwi_dispatchCore__I)
                  00807ce0    000002a0                  : BIOS.obj (.text:ti_sysbios_knl_Clock_workFunc__E)
                  00807f80    000002a0                  : BIOS.obj (.text:ti_sysbios_knl_Swi_run__I)
                  00808220    00000280     rts6600_elf.lib : divf.obj (.text:__c6xabi_divf)
                  008084a0    00000280     buffer.obj (.text)
                  00808720    00000260     sysbios.ae66 : BIOS.obj (.text:ti_sysbios_timers_timer64_Timer_start__E)
                  00808980    00000260     ti.targets.rts6000.ae66 : Startup.oe66 (.text:xdc_runtime_Startup_startMods__I)
                  00808be0    00000240     rts6600_elf.lib : imath64.obj (.text:__c6xabi_divull)
                  00808e20    00000240     sysbios.ae66 : BIOS.obj (.text:ti_sysbios_family_c64p_EventCombiner_dispatch__E)
                  00809060    00000240                  : BIOS.obj (.text:ti_sysbios_timers_timer64_Timer_setPeriodMicroSecs__E)
                  008092a0    00000240     ti.targets.rts6000.ae66 : Core-mem.oe66 (.text:xdc_runtime_Core_createObject__I)
                  008094e0    00000240     app_pe66.oe66 (.text:xdc_runtime_System_printfExtend__I)
                  00809720    00000200     ti.osal.ae66 : SemaphoreP_tirtos.oe66 (.text:SemaphoreP_create)
                  00809920    00000200     ti.drv.uart.ae66 : UART_v0.oe66 (.text:UART_readPolling_v0$0)
                  00809b20    00000200     sysbios.ae66 : c64p_Hwi_disp_always.obj (.text:_ti_sysbios_family_c64p_Hwi_dispatchAlways)
                  00809d20    00000200                  : BIOS.obj (.text:ti_sysbios_family_c66_Cache_block__I)
                  00809f20    00000200                  : BIOS.obj (.text:ti_sysbios_family_c66_tci66xx_CpIntc_dispatch__E)
                  0080a120    00000200     uart_synchronizer.obj (.text)
                  0080a320    00000200     ti.targets.rts6000.ae66 : Error.oe66 (.text:xdc_runtime_Error_policyDefault__E)
                  0080a520    000001e0     ti.osal.ae66 : HwiP_tirtos.oe66 (.text:HwiP_create)
                  0080a700    000001e0     sysbios.ae66 : BIOS.obj (.text:ti_sysbios_knl_Task_schedule__I)
                  0080a8e0    000001e0                  : BIOS.obj (.text:ti_sysbios_knl_Task_startCore__E)
                  0080aac0    000001e0     ti.targets.rts6000.ae66 : LoggerBuf.oe66 (.text:xdc_runtime_LoggerBuf_write4__E)
                  0080aca0    000001e0                             : Text.oe66 (.text:xdc_runtime_Text_putSite__E)
                  0080ae80    000001c0     sysbios.ae66 : BIOS.obj (.text:ti_sysbios_family_c64p_EventCombiner_dispatchPlug__E)
                  0080b040    000001c0                  : BIOS.obj (.text:ti_sysbios_family_c64p_Hwi_reconfig__E)
                  0080b200    000001c0                  : BIOS.obj (.text:ti_sysbios_knl_Semaphore_Instance_init__E)
                  0080b3c0    000001a0                  : BIOS.obj (.text:ti_sysbios_family_c66_tci66xx_CpIntc_Module_startup__E)
                  0080b560    000001a0                  : BIOS.obj (.text:ti_sysbios_gates_GateMutex_enter__E)
                  0080b700    000001a0                  : BIOS.obj (.text:ti_sysbios_timers_timer64_Timer_getFreq__E)
                  0080b8a0    000001a0     ti.targets.rts6000.ae66 : Core-smem.oe66 (.text:xdc_runtime_Core_constructObject__I)
                  0080ba40    00000180     mathlib.ae66 : cosdp.oe66 (.text:optci)
                  0080bbc0    00000180     sysbios.ae66 : c64p_Exception_asm.obj (.text)
                  0080bd40    00000180                  : BIOS.obj (.text:ti_sysbios_family_c64p_Exception_internalHandler__I)
                  0080bec0    00000180                  : BIOS.obj (.text:ti_sysbios_knl_Swi_post__E)
                  0080c040    00000180                  : BIOS.obj (.text:ti_sysbios_knl_Task_blockI__E)
                  0080c1c0    00000180                  : BIOS.obj (.text:ti_sysbios_knl_Task_checkStacks__E)
                  0080c340    00000160     ti.osal.ae66 : RegisterIntr_tirtos.oe66 (.text:Osal_RegisterInterrupt)
                  0080c4a0    00000160     mathlib.ae66 : sindp.oe66 (.text:optci)
                  0080c600    00000160     sysbios.ae66 : BIOS.obj (.text:ti_sysbios_knl_Task_unblockI__E)
                  0080c760    00000160                  : BIOS.obj (.text:ti_sysbios_timers_timer64_Timer_initDevice__I)
                  0080c8c0    00000160     ti.targets.rts6000.ae66 : Text.oe66 (.text:xdc_runtime_Text_putMod__E)
                  0080ca20    00000140     sysbios.ae66 : BIOS.obj (.text:ti_sysbios_family_c64p_Hwi_Module_startup__E)
                  0080cb60    00000140                  : BIOS.obj (.text:ti_sysbios_knl_Swi_restoreHwi__E)
                  0080cca0    00000140                  : BIOS.obj (.text:ti_sysbios_knl_Task_exit__E)
                  0080cde0    00000140     utils.obj (.text)
                  0080cf20    00000140     ti.targets.rts6000.ae66 : Core-mem.oe66 (.text:xdc_runtime_Core_deleteObject__I)
                  0080d060    00000140                             : LoggerBuf.oe66 (.text:xdc_runtime_LoggerBuf_setFilterLevel__E)
                  0080d1a0    00000140                             : Text.oe66 (.text:xdc_runtime_Text_putLab__E)
                  0080d2e0    00000120     boot.ae66 : autoinit.oe66 (.text:_auto_init_elf)
                  0080d400    00000120     sysbios.ae66 : BIOS.obj (.text:ti_sysbios_family_c64p_Hwi_Instance_init__E)
                  0080d520    00000120                  : BIOS.obj (.text:ti_sysbios_family_c66_Cache_getL2InitSize__I)
                  0080d640    00000120                  : BIOS.obj (.text:ti_sysbios_knl_Task_postInit__I)
                  0080d760    00000120     ti.targets.rts6000.ae66 : LoggerBuf.oe66 (.text:xdc_runtime_LoggerBuf_getFilterLevel__E)
                  0080d880    00000100     ti.osal.ae66 : EventCombinerP_tirtos.oe66 (.text:EventCombinerP_GroupRegisterInt)
                  0080d980    00000100     ti.drv.uart.ae66 : UART_v0.oe66 (.text:UART_writePolling_v0$0)
                  0080da80    00000100     rts6600_elf.lib : copy_decompress_rle.obj (.text:__TI_decompress_rle_core)
                  0080db80    00000100     sysbios.ae66 : BIOS.obj (.text:ti_sysbios_family_c64p_Hwi_Instance_finalize__E)
                  0080dc80    00000100     ti.targets.rts6000.ae66 : Error.oe66 (.text:xdc_runtime_Error_print__E)
                  0080dd80    00000100                             : Memory.oe66 (.text:xdc_runtime_Memory_alloc__E)
                  0080de80    00000100                             : Startup.oe66 (.text:xdc_runtime_Startup_exec__E)
                  0080df80    000000e0     rts6600_elf.lib : hostwrite.obj (.text:HOSTwrite)
                  0080e060    000000e0     ti.drv.uart.ae66 : UART_v0.oe66 (.text:UART_close_v0$0)
                  0080e140    000000e0                      : UART_v0.oe66 (.text:UART_read_v0$0)
                  0080e220    000000e0                      : UART_v0.oe66 (.text:UART_write_v0$0)
                  0080e300    000000e0     rts6600_elf.lib : exit.obj (.text:exit)
                  0080e3e0    000000e0                     : memset.obj (.text:memset)
                  0080e4c0    000000e0     sysbios.ae66 : BIOS.obj (.text:ti_sysbios_family_c66_Cache_getL1DInitSize__I)
                  0080e5a0    000000e0                  : BIOS.obj (.text:ti_sysbios_family_c66_Cache_getL1PInitSize__I)
                  0080e680    000000e0                  : BIOS.obj (.text:ti_sysbios_family_c66_tci66xx_CpIntc_mapSysIntToHostInt__E)
                  0080e760    000000e0                  : BIOS.obj (.text:ti_sysbios_heaps_HeapMem_getStats__E)
                  0080e840    000000e0                  : BIOS.obj (.text:ti_sysbios_knl_Clock_logTick__E)
                  0080e920    000000e0                  : BIOS.obj (.text:ti_sysbios_knl_Swi_Module_startup__E)
                  0080ea00    000000e0                  : BIOS.obj (.text:ti_sysbios_knl_Swi_runLoop__I)
                  0080eae0    000000e0                  : BIOS.obj (.text:ti_sysbios_knl_Swi_schedule__I)
                  0080ebc0    000000e0                  : BIOS.obj (.text:ti_sysbios_knl_Task_Module_startup__E)
                  0080eca0    000000e0                  : BIOS.obj (.text:ti_sysbios_timers_timer64_Timer_stop__E)
                  0080ed80    000000e0     ti.targets.rts6000.ae66 : Text.oe66 (.text:xdc_runtime_Text_visitRope2__I)
                  0080ee60    000000c0     ti.osal.ae66 : Utils_tirtos.oe66 (.text:Osal_delay)
                  0080ef20    000000c0     ti.drv.uart.ae66 : UART_v0.oe66 (.text:UART_charPut$0)
                  0080efe0    000000c0                      : UART_v0.oe66 (.text:UART_readCancelNoCB$0)
                  0080f0a0    000000c0     rts6600_elf.lib : divu.obj (.text:__divu)
                  0080f160    000000c0                     : memmov.obj (.text:memmove)
                  0080f220    000000c0     sysbios.ae66 : BIOS.obj (.text:ti_sysbios_family_c64p_Hwi_eventMap__E)
                  0080f2e0    000000c0                  : BIOS.obj (.text:ti_sysbios_family_c64p_Hwi_getStackInfo__E)
                  0080f3a0    000000c0                  : BIOS.obj (.text:ti_sysbios_heaps_HeapMem_alloc__E)
                  0080f460    000000c0                  : BIOS.obj (.text:ti_sysbios_knl_Task_allBlockedFunction__I)
                  0080f520    000000c0     app_pe66.oe66 (.text:ti_sysbios_knl_Task_create)
                  0080f5e0    000000c0     rts6600_elf.lib : tls.obj (.text:tls:init:__TI_tls_init)
                  0080f6a0    000000c0     ti.targets.rts6000.ae66 : Assert.oe66 (.text:xdc_runtime_Assert_raise__I)
                  0080f760    000000c0                             : Error.oe66 (.text:xdc_runtime_Error_setX__E)
                  0080f820    000000c0     app_pe66.oe66 (.text:xdc_runtime_LoggerBuf_Object__create__S)
                  0080f8e0    000000c0     ti.targets.rts6000.ae66 : SysMin.oe66 (.text:xdc_runtime_SysMin_abort__E)
                  0080f9a0    000000c0                             : SysMin.oe66 (.text:xdc_runtime_SysMin_flush__E)
                  0080fa60    000000a0     ti.osal.ae66 : RegisterIntr_tirtos.oe66 (.text:Osal_DeleteInterrupt)
                  0080fb00    000000a0     ti.drv.uart.ae66 : UART_v0.oe66 (.text:UART_v0_callback$0)
                  0080fba0    000000a0                      : UART_v0.oe66 (.text:UART_writeCancelNoCB$0)
                  0080fc40    000000a0     rts6600_elf.lib : remu.obj (.text:__remu)
                  0080fce0    000000a0     boot.ae66 : boot.oe66 (.text:_c_int00)
                  0080fd80    000000a0     sysbios.ae66 : c64p_Hwi_asm.obj (.text:_ti_sysbios_family_c64p_Hwi_plug__E)
                  0080fe20    000000a0     rts6600_elf.lib : memcpy64.obj (.text:memcpy)
                  0080fec0    000000a0     sysbios.ae66 : BIOS.obj (.text:ti_sysbios_family_c62_TaskSupport_start__E)
                  0080ff60    000000a0                  : BIOS.obj (.text:ti_sysbios_family_c64p_Exception_Module_startup__E)
                  00810000    000000a0     app_pe66.oe66 (.text:ti_sysbios_family_c64p_Hwi_construct)
                  008100a0    000000a0     sysbios.ae66 : BIOS.obj (.text:ti_sysbios_family_c64p_MemoryProtect_Module_startup__E)
                  00810140    000000a0                  : BIOS.obj (.text:ti_sysbios_family_c66_Cache_all__I)
                  008101e0    000000a0                  : BIOS.obj (.text:ti_sysbios_family_c66_Cache_startup__I)
                  00810280    000000a0                  : BIOS.obj (.text:ti_sysbios_family_c66_tci66xx_CpIntc_dispatchPlug__E)
                  00810320    000000a0                  : BIOS.obj (.text:ti_sysbios_family_c66_tci66xx_CpIntc_getEventId__E)
                  008103c0    000000a0                  : BIOS.obj (.text:ti_sysbios_heaps_HeapMem_init__I)
                  00810460    000000a0                  : BIOS.obj (.text:ti_sysbios_timers_timer64_Timer_startup__E)
                  00810500    000000a0     ti.targets.rts6000.ae66 : Core-params.oe66 (.text:xdc_runtime_Core_assignParams__I)
                  008105a0    000000a0                             : SysMin.oe66 (.text:xdc_runtime_SysMin_putch__E)
                  00810640    000000a0                             : System.oe66 (.text:xdc_runtime_System_formatNum__I)
                  008106e0    000000a0                             : System.oe66 (.text:xdc_runtime_System_putchar__I)
                  00810780    000000a0                             : Text.oe66 (.text:xdc_runtime_Text_printVisFxn__I)
                  00810820    000000a0                             : Text.oe66 (.text:xdc_runtime_Text_xprintf__I)
                  008108c0    00000080     ti.osal.ae66 : EventCombinerP_tirtos.oe66 (.text:EventCombinerP_getHwi)
                  00810940    00000080                  : MuxIntcP_tirtos.oe66 (.text:MuxIntcP_create)
                  008109c0    00000080     ti.csl.ae66 : uart.oe66 (.text:UART_charPut_v0)
                  00810a40    00000080     rts6600_elf.lib : trgmsg.obj (.text:__TI_readmsg)
                  00810ac0    00000080                     : llshift.obj (.text:__c6xabi_llshl)
                  00810b40    00000080     sysbios.ae66 : c62_TaskSupport_asm.obj (.text:_ti_sysbios_family_c62_TaskSupport_swap__E)
                  00810bc0    00000080     app_pe66.oe66 (.text:ti_sysbios_BIOS_atExitFunc__I)
                  00810c40    00000080     app_pe66.oe66 (.text:ti_sysbios_BIOS_registerRTSLock__I)
                  00810cc0    00000080     sysbios.ae66 : BIOS.obj (.text:ti_sysbios_family_c64p_EventCombiner_Module_startup__E)
                  00810d40    00000080                  : BIOS.obj (.text:ti_sysbios_family_c64p_EventCombiner_disableEvent__E)
                  00810dc0    00000080                  : BIOS.obj (.text:ti_sysbios_family_c64p_EventCombiner_enableEvent__E)
                  00810e40    00000080                  : BIOS.obj (.text:ti_sysbios_family_c64p_Hwi_getEventId__E)
                  00810ec0    00000080                  : BIOS.obj (.text:ti_sysbios_family_c66_Cache_setMar__E)
                  00810f40    00000080                  : BIOS.obj (.text:ti_sysbios_family_c66_Cache_setSize__E)
                  00810fc0    00000080     app_pe66.oe66 (.text:ti_sysbios_gates_GateHwi_Object__create__S)
                  00811040    00000080     app_pe66.oe66 (.text:ti_sysbios_gates_GateMutex_Object__create__S)
                  008110c0    00000080     sysbios.ae66 : BIOS.obj (.text:ti_sysbios_hal_Hwi_checkStack)
                  00811140    00000080     app_pe66.oe66 (.text:ti_sysbios_heaps_HeapMem_Object__create__S)
                  008111c0    00000080     app_pe66.oe66 (.text:ti_sysbios_knl_Clock_doTick__I)
                  00811240    00000080     sysbios.ae66 : BIOS.obj (.text:ti_sysbios_knl_Event_checkEvents__I)
                  008112c0    00000080     app_pe66.oe66 (.text:ti_sysbios_knl_Event_create)
                  00811340    00000080     sysbios.ae66 : BIOS.obj (.text:ti_sysbios_knl_Idle_run__E)
                  008113c0    00000080     app_pe66.oe66 (.text:ti_sysbios_knl_Semaphore_create)
                  00811440    00000080     sysbios.ae66 : BIOS.obj (.text:ti_sysbios_knl_Swi_restore__E)
                  008114c0    00000080     ti.targets.rts6000.ae66 : Core-label.oe66 (.text:xdc_runtime_Core_assignLabel__I)
                  00811540    00000080                             : LoggerBuf.oe66 (.text:xdc_runtime_LoggerBuf_Instance_init__E)
                  008115c0    00000080                             : LoggerBuf.oe66 (.text:xdc_runtime_LoggerBuf_Module_startup__E)
                  00811640    00000080                             : LoggerBuf.oe66 (.text:xdc_runtime_LoggerBuf_filterOutEvent__I)
                  008116c0    00000080     app_pe66.oe66 (.text:xdc_runtime_SysMin_output__I)
                  00811740    00000080     ti.targets.rts6000.ae66 : System.oe66 (.text:xdc_runtime_System_atexit__E)
                  008117c0    00000080                             : System.oe66 (.text:xdc_runtime_System_avprintf__E)
                  00811840    00000080                             : System.oe66 (.text:xdc_runtime_System_processAtExit__E)
                  008118c0    00000080                             : System.oe66 (.text:xdc_runtime_System_vprintf__E)
                  00811940    00000060     ti.osal.ae66 : HwiP_tirtos.oe66 (.text:HwiP_delete)
                  008119a0    00000060                  : Utils_tirtos.oe66 (.text:Osal_getHwAttrs)
                  00811a00    00000060                  : SemaphoreP_tirtos.oe66 (.text:SemaphoreP_delete)
                  00811a60    00000060                  : SemaphoreP_tirtos.oe66 (.text:SemaphoreP_pend)
                  00811ac0    00000060     ti.csl.ae66 : uart.oe66 (.text:UART_divisorLatchWrite_v0)
                  00811b20    00000060                 : uart.oe66 (.text:UART_fifoWait_v0)
                  00811b80    00000060                 : uart.oe66 (.text:UART_lineCharacConfig_v0)
                  00811be0    00000060     ti.drv.uart.ae66 : UART_v0.oe66 (.text:UART_readCancel_v0$0)
                  00811c40    00000060                      : UART_v0.oe66 (.text:UART_writeCancel_v0$0)
                  00811ca0    00000060     rts6600_elf.lib : frcmpyd_div.obj (.text:__TI_frcmpyd_div)
                  00811d00    00000060                     : trgmsg.obj (.text:__TI_writemsg)
                  00811d60    00000060                     : llshift.obj (.text:__c6xabi_llshru)
                  00811dc0    00000060     float_buffer.obj (.text:__c99_cdouble_to_cfloat)
                  00811e20    00000060     sysbios.ae66 : c64p_Hwi_asm_switch.obj (.text:_ti_sysbios_family_c64p_Hwi_switchAndDispatch__I)
                  00811e80    00000060                  : c64p_Hwi_asm_switch.obj (.text:_ti_sysbios_family_xxx_Hwi_switchAndRunFunc)
                  00811ee0    00000060     app_pe66.oe66 (.text:ti_sysbios_BIOS_errorRaiseHook__I)
                  00811f40    00000060     app_pe66.oe66 (.text:ti_sysbios_BIOS_removeRTSLock__I)
                  00811fa0    00000060     app_pe66.oe66 (.text:ti_sysbios_BIOS_startFunc__I)
                  00812000    00000060     sysbios.ae66 : BIOS.obj (.text:ti_sysbios_family_c64p_EventCombiner_unused__E)
                  00812060    00000060                  : BIOS.obj (.text:ti_sysbios_family_c64p_Exception_nmiHandler__I)
                  008120c0    00000060                  : BIOS.obj (.text:ti_sysbios_family_c64p_Hwi_disableIER__E)
                  00812120    00000060                  : BIOS.obj (.text:ti_sysbios_family_c64p_Hwi_enableIER__E)
                  00812180    00000060                  : BIOS.obj (.text:ti_sysbios_family_c66_tci66xx_CpIntc_unused__E)
                  008121e0    00000060     app_pe66.oe66 (.text:ti_sysbios_gates_GateMutex_Object__delete__S)
                  00812240    00000060     sysbios.ae66 : BIOS.obj (.text:ti_sysbios_hal_Hwi_initStack)
                  008122a0    00000060                  : BIOS.obj (.text:ti_sysbios_heaps_HeapMem_free__E)
                  00812300    00000060                  : BIOS.obj (.text:ti_sysbios_knl_Clock_addI__E)
                  00812360    00000060                  : BIOS.obj (.text:ti_sysbios_knl_Event_pendTimeout__I)
                  008123c0    00000060     app_pe66.oe66 (.text:ti_sysbios_knl_Queue_construct)
                  00812420    00000060     sysbios.ae66 : BIOS.obj (.text:ti_sysbios_knl_Queue_put__E)
                  00812480    00000060     app_pe66.oe66 (.text:ti_sysbios_knl_Semaphore_Object__delete__S)
                  008124e0    00000060     app_pe66.oe66 (.text:ti_sysbios_knl_Semaphore_construct)
                  00812540    00000060     sysbios.ae66 : BIOS.obj (.text:ti_sysbios_knl_Semaphore_pendTimeout__I)
                  008125a0    00000060     app_pe66.oe66 (.text:ti_sysbios_knl_Task_Object__delete__S)
                  00812600    00000060     sysbios.ae66 : BIOS.obj (.text:ti_sysbios_knl_Task_getMode__E)
                  00812660    00000060                  : BIOS.obj (.text:ti_sysbios_knl_Task_processVitalTaskFlag__I)
                  008126c0    00000060                  : BIOS.obj (.text:ti_sysbios_knl_Task_restore__E)
                  00812720    00000060                  : BIOS.obj (.text:ti_sysbios_knl_Task_sleepTimeout__I)
                  00812780    00000060     app_pe66.oe66 (.text:xdc_runtime_LoggerBuf_Object__delete__S)
                  008127e0    00000060     ti.targets.rts6000.ae66 : LoggerBuf.oe66 (.text:xdc_runtime_LoggerBuf_reset__E)
                  00812840    00000060                             : Memory.oe66 (.text:xdc_runtime_Memory_valloc__E)
                  008128a0    00000060                             : Text.oe66 (.text:xdc_runtime_Text_cordText__E)
                  00812900    00000040     ti.osal.ae66 : RegisterIntr_tirtos.oe66 (.text:Osal_RegisterInterrupt_initParams)
                  00812940    00000040                  : SemaphoreP_tirtos.oe66 (.text:SemaphoreP_Params_init)
                  00812980    00000040                  : SemaphoreP_tirtos.oe66 (.text:SemaphoreP_post)
                  008129c0    00000040     ti.csl.ae66 : uart.oe66 (.text:UART_breakCtl_v0)
                  00812a00    00000040                 : uart.oe66 (.text:UART_charGetNonBlocking_v0)
                  00812a40    00000040                 : uart.oe66 (.text:UART_divisorValCompute_v0)
                  00812a80    00000040                 : uart.oe66 (.text:UART_fIFOConfig_v0)
                  00812ac0    00000040                 : uart.oe66 (.text:UART_fIFORegisterWrite_v0)
                  00812b00    00000040                 : uart.oe66 (.text:UART_intDisable_v0)
                  00812b40    00000040                 : uart.oe66 (.text:UART_intEnable_v0)
                  00812b80    00000040                 : uart.oe66 (.text:UART_intIdentityGet_v0)
                  00812bc0    00000040                 : uart.oe66 (.text:UART_loopbackModeControl_v0)
                  00812c00    00000040     ti.drv.uart.ae66 : UART_drv.oe66 (.text:UART_open)
                  00812c40    00000040     ti.csl.ae66 : uart.oe66 (.text:UART_readLineStatus_v0)
                  00812c80    00000040     ti.osal.ae66 : Utils_tirtos.oe66 (.text:_DebugP_assert)
                  00812cc0    00000040     rts6600_elf.lib : strasg.obj (.text:__strasgi_64plus)
                  00812d00    00000040                     : args_main.obj (.text:_args_main)
                  00812d40    00000040                     : imath64.obj (.text:_subcull)
                  00812d80    00000040     sysbios.ae66 : c62_TaskSupport_asm.obj (.text:_ti_sysbios_family_c62_TaskSupport_buildTaskStack)
                  00812dc0    00000040     rts6600_elf.lib : strlen.obj (.text:strlen)
                  00812e00    00000040     app_pe66.oe66 (.text:ti_sysbios_BIOS_exitFunc__I)
                  00812e40    00000040     sysbios.ae66 : BIOS.obj (.text:ti_sysbios_BIOS_getCpuFreq__E)
                  00812e80    00000040     app_pe66.oe66 (.text:ti_sysbios_BIOS_rtsLock__I)
                  00812ec0    00000040     app_pe66.oe66 (.text:ti_sysbios_BIOS_rtsUnlock__I)
                  00812f00    00000040     sysbios.ae66 : BIOS.obj (.text:ti_sysbios_BIOS_setThreadType__E)
                  00812f40    00000040                  : BIOS.obj (.text:ti_sysbios_family_c62_TaskSupport_checkStack__E)
                  00812f80    00000040                  : BIOS.obj (.text:ti_sysbios_family_c64p_Exception_externalHandler__I)
                  00812fc0    00000040                  : BIOS.obj (.text:ti_sysbios_family_c64p_Hwi_clearInterrupt__E)
                  00813000    00000040     app_pe66.oe66 (.text:ti_sysbios_family_c64p_Hwi_destruct)
                  00813040    00000040     sysbios.ae66 : BIOS.obj (.text:ti_sysbios_family_c64p_Hwi_disableInterrupt__E)
                  00813080    00000040                  : BIOS.obj (.text:ti_sysbios_family_c64p_Hwi_dispatchC__I)
                  008130c0    00000040                  : BIOS.obj (.text:ti_sysbios_family_c64p_Hwi_enableInterrupt__E)
                  00813100    00000040                  : BIOS.obj (.text:ti_sysbios_family_c64p_Hwi_getFunc__E)
                  00813140    00000040                  : BIOS.obj (.text:ti_sysbios_family_c64p_Hwi_getHandle__E)
                  00813180    00000040                  : BIOS.obj (.text:ti_sysbios_family_c64p_Hwi_getIsrStackAddress__I)
                  008131c0    00000040                  : BIOS.obj (.text:ti_sysbios_family_c64p_TimestampProvider_get64__E)
                  00813200    00000040                  : BIOS.obj (.text:ti_sysbios_family_c66_Cache_Module_startup__E)
                  00813240    00000040                  : BIOS.obj (.text:ti_sysbios_family_c66_Cache_RTSSynchInv__I)
                  00813280    00000040                  : BIOS.obj (.text:ti_sysbios_family_c66_Cache_RTSSynchWbInv__I)
                  008132c0    00000040                  : BIOS.obj (.text:ti_sysbios_family_c66_Cache_RTSSynchWb__I)
                  00813300    00000040                  : BIOS.obj (.text:ti_sysbios_family_c66_Cache_invPrefetchBuffer__I)
                  00813340    00000040                  : BIOS.obj (.text:ti_sysbios_family_c66_Cache_wbInv__E)
                  00813380    00000040                  : BIOS.obj (.text:ti_sysbios_family_c66_tci66xx_CpIntc_clearSysInt__E)
                  008133c0    00000040                  : BIOS.obj (.text:ti_sysbios_family_c66_tci66xx_CpIntc_disableHostInt__E)
                  00813400    00000040                  : BIOS.obj (.text:ti_sysbios_family_c66_tci66xx_CpIntc_enableAllHostInts__E)
                  00813440    00000040                  : BIOS.obj (.text:ti_sysbios_family_c66_tci66xx_CpIntc_enableHostInt__E)
                  00813480    00000040                  : BIOS.obj (.text:ti_sysbios_family_c66_tci66xx_CpIntc_enableSysInt__E)
                  008134c0    00000040     app_pe66.oe66 (.text:ti_sysbios_gates_GateHwi_Handle__label__S)
                  00813500    00000040     app_pe66.oe66 (.text:ti_sysbios_gates_GateHwi_Object__delete__S)
                  00813540    00000040     sysbios.ae66 : BIOS.obj (.text:ti_sysbios_gates_GateHwi_enter__E)
                  00813580    00000040     app_pe66.oe66 (.text:ti_sysbios_gates_GateMutex_Handle__label__S)
                  008135c0    00000040     sysbios.ae66 : BIOS.obj (.text:ti_sysbios_gates_GateMutex_Instance_State_sem$28)
                  00813600    00000040                  : BIOS.obj (.text:ti_sysbios_gates_GateMutex_Instance_finalize__E)
                  00813640    00000040                  : BIOS.obj (.text:ti_sysbios_gates_GateMutex_Instance_init__E)
                  00813680    00000040                  : BIOS.obj (.text:ti_sysbios_gates_GateMutex_leave__E)
                  008136c0    00000040                  : BIOS.obj (.text:ti_sysbios_hal_Hwi_getStackInfo__E)
                  00813700    00000040     app_pe66.oe66 (.text:ti_sysbios_heaps_HeapMem_Handle__label__S)
                  00813740    00000040     app_pe66.oe66 (.text:ti_sysbios_heaps_HeapMem_Object__delete__S)
                  00813780    00000040     app_pe66.oe66 (.text:ti_sysbios_heaps_HeapMem_Object__get__S)
                  008137c0    00000040     sysbios.ae66 : BIOS.obj (.text:ti_sysbios_heaps_HeapMem_restore__E)
                  00813800    00000040                  : BIOS.obj (.text:ti_sysbios_knl_Clock_Module_State_clockQ$7)
                  00813840    00000040                  : BIOS.obj (.text:ti_sysbios_knl_Clock_Module_startup__E)
                  00813880    00000040                  : BIOS.obj (.text:ti_sysbios_knl_Clock_startI__E)
                  008138c0    00000040                  : BIOS.obj (.text:ti_sysbios_knl_Event_Instance_State_pendQ$10)
                  00813900    00000040                  : BIOS.obj (.text:ti_sysbios_knl_Event_Instance_init__E)
                  00813940    00000040     app_pe66.oe66 (.text:ti_sysbios_knl_Event_Object__delete__S)
                  00813980    00000040     sysbios.ae66 : BIOS.obj (.text:ti_sysbios_knl_Queue_dequeue__E)
                  008139c0    00000040                  : BIOS.obj (.text:ti_sysbios_knl_Queue_empty__E)
                  00813a00    00000040                  : BIOS.obj (.text:ti_sysbios_knl_Queue_enqueue__E)
                  00813a40    00000040                  : BIOS.obj (.text:ti_sysbios_knl_Queue_remove__E)
                  00813a80    00000040                  : BIOS.obj (.text:ti_sysbios_knl_Semaphore_Instance_State_pendQ$12)
                  00813ac0    00000040                  : BIOS.obj (.text:ti_sysbios_knl_Semaphore_Instance_finalize__E)
                  00813b00    00000040     app_pe66.oe66 (.text:ti_sysbios_knl_Semaphore_destruct)
                  00813b40    00000040     app_pe66.oe66 (.text:ti_sysbios_knl_Swi_Object__get__S)
                  00813b80    00000040     sysbios.ae66 : BIOS.obj (.text:ti_sysbios_knl_Swi_disable__E)
                  00813bc0    00000040                  : BIOS.obj (.text:ti_sysbios_knl_Task_Module_State_inactiveQ$14)
                  00813c00    00000040     app_pe66.oe66 (.text:ti_sysbios_knl_Task_Object__get__S)
                  00813c40    00000040     sysbios.ae66 : BIOS.obj (.text:ti_sysbios_knl_Task_disable__E)
                  00813c80    00000040                  : BIOS.obj (.text:ti_sysbios_knl_Task_enabled__E)
                  00813cc0    00000040                  : BIOS.obj (.text:ti_sysbios_knl_Task_enter__I)
                  00813d00    00000040                  : BIOS.obj (.text:ti_sysbios_knl_Task_restoreHwi__E)
                  00813d40    00000040                  : BIOS.obj (.text:ti_sysbios_knl_Task_unblock__E)
                  00813d80    00000040                  : BIOS.obj (.text:ti_sysbios_timers_timer64_Timer_checkOverflow__I)
                  00813dc0    00000040                  : BIOS.obj (.text:ti_sysbios_timers_timer64_Timer_postInit__I)
                  00813e00    00000040     ti.targets.rts6000.ae66 : Error.oe66 (.text:xdc_runtime_Error_check__E)
                  00813e40    00000040                             : Error.oe66 (.text:xdc_runtime_Error_init__E)
                  00813e80    00000040     app_pe66.oe66 (.text:xdc_runtime_LoggerBuf_Handle__label__S)
                  00813ec0    00000040     ti.targets.rts6000.ae66 : LoggerBuf.oe66 (.text:xdc_runtime_LoggerBuf_Instance_finalize__E)
                  00813f00    00000040     app_pe66.oe66 (.text:xdc_runtime_LoggerBuf_Object__get__S)
                  00813f40    00000040     ti.targets.rts6000.ae66 : LoggerBuf.oe66 (.text:xdc_runtime_LoggerBuf_write0__E)
                  00813f80    00000040                             : LoggerBuf.oe66 (.text:xdc_runtime_LoggerBuf_write1__E)
                  00813fc0    00000040                             : LoggerBuf.oe66 (.text:xdc_runtime_LoggerBuf_write2__E)
                  00814000    00000040                             : Registry.oe66 (.text:xdc_runtime_Registry_findById__E)
                  00814040    00000040                             : SysMin.oe66 (.text:xdc_runtime_SysMin_Module_startup__E)
                  00814080    00000040                             : SysMin.oe66 (.text:xdc_runtime_SysMin_exit__E)
                  008140c0    00000040                             : System.oe66 (.text:xdc_runtime_System_abort__E)
                  00814100    00000040     app_pe66.oe66 (.text:xdc_runtime_System_aprintf__E)
                  00814140    00000040     ti.targets.rts6000.ae66 : System.oe66 (.text:xdc_runtime_System_exit__E)
                  00814180    00000040     app_pe66.oe66 (.text:xdc_runtime_System_printf__E)
                  008141c0    00000020     ti.osal.ae66 : EventCombinerP_tirtos.oe66 (.text:EventCombinerP_disableEvent)
                  008141e0    00000020                  : EventCombinerP_tirtos.oe66 (.text:EventCombinerP_dispatchPlug)
                  00814200    00000020                  : EventCombinerP_tirtos.oe66 (.text:EventCombinerP_enableEvent)
                  00814220    00000020                  : HwiP_tirtos.oe66 (.text:HwiP_disable)
                  00814240    00000020                  : HwiP_tirtos.oe66 (.text:HwiP_restore)
                  00814260    00000020     ti.drv.uart.ae66 : UART_drv.oe66 (.text:UART_Params_init)
                  00814280    00000020                      : UART_drv.oe66 (.text:UART_close)
                  008142a0    00000020                      : UART_v0.oe66 (.text:UART_control_v0$0)
                  008142c0    00000020     ti.csl.ae66 : uart.oe66 (.text:UART_divisorLatchDisable_v0)
                  008142e0    00000020                 : uart.oe66 (.text:UART_fIFOCharPut_v0)
                  00814300    00000020                 : uart.oe66 (.text:UART_fifoEmpty_v0)
                  00814320    00000020     ti.drv.uart.ae66 : UART_v0.oe66 (.text:UART_init_v0$0)
                  00814340    00000020     ti.csl.ae66 : uart.oe66 (.text:UART_operatingModeSelect_v0)
                  00814360    00000020                 : uart.oe66 (.text:UART_pwremuConfig_v0)
                  00814380    00000020     ti.drv.uart.ae66 : UART_drv.oe66 (.text:UART_read)
                  008143a0    00000020                      : UART_drv.oe66 (.text:UART_write)
                  008143c0    00000020     rts6600_elf.lib : _lock.obj (.text:_nop)
                  008143e0    00000020                     : _lock.obj (.text:_register_lock)
                  00814400    00000020                     : _data_synch.obj (.text:_register_synch_api)
                  00814420    00000020                     : _lock.obj (.text:_register_unlock)
                  00814440    00000020     sysbios.ae66 : c62_TaskSupport_asm.obj (.text:_ti_sysbios_family_c62_TaskSupport_glue)
                  00814460    00000020     rts6600_elf.lib : exit.obj (.text:abort)
                  00814480    00000020                     : copy_decompress_none.obj (.text:decompress:none:__TI_decompress_none)
                  008144a0    00000020                     : copy_decompress_rle.obj (.text:decompress:rle24:__TI_decompress_rle24)
                  008144c0    00000020     mathlib.ae66 : cosdp.oe66 (.text:optasm)
                  008144e0    00000020                  : sindp.oe66 (.text:optasm)
                  00814500    00000020     app_pe66.oe66 (.text:ti_sysbios_BIOS_RtsGateProxy_enter__E)
                  00814520    00000020     app_pe66.oe66 (.text:ti_sysbios_BIOS_RtsGateProxy_leave__E)
                  00814540    00000020     sysbios.ae66 : BIOS.obj (.text:ti_sysbios_BIOS_exit__E)
                  00814560    00000020                  : BIOS.obj (.text:ti_sysbios_BIOS_getThreadType__E)
                  00814580    00000020                  : BIOS.obj (.text:ti_sysbios_BIOS_linkedWithIncorrectBootLibrary__E)
                  008145a0    00000020     app_pe66.oe66 (.text:ti_sysbios_BIOS_nullFunc__I)
                  008145c0    00000020     sysbios.ae66 : BIOS.obj (.text:ti_sysbios_BIOS_start__E)
                  008145e0    00000020     app_pe66.oe66 (.text:ti_sysbios_family_c62_TaskSupport_Module__startupDone__S)
                  00814600    00000020     sysbios.ae66 : BIOS.obj (.text:ti_sysbios_family_c62_TaskSupport_getStackAlignment__E)
                  00814620    00000020     app_pe66.oe66 (.text:ti_sysbios_family_c64p_Exception_Module__startupDone__F)
                  00814640    00000020     app_pe66.oe66 (.text:ti_sysbios_family_c64p_Hwi_Module__startupDone__F)
                  00814660    00000020     app_pe66.oe66 (.text:ti_sysbios_family_c64p_Hwi_Params__init__S)
                  00814680    00000020     sysbios.ae66 : BIOS.obj (.text:ti_sysbios_family_c64p_Hwi_postInit__I)
                  008146a0    00000020                  : BIOS.obj (.text:ti_sysbios_family_c64p_Hwi_startup__E)
                  008146c0    00000020                  : BIOS.obj (.text:ti_sysbios_family_c64p_Hwi_switchFromBootStack__E)
                  008146e0    00000020                  : BIOS.obj (.text:ti_sysbios_family_c64p_Hwi_unPluggedInterrupt__I)
                  00814700    00000020                  : BIOS.obj (.text:ti_sysbios_family_c64p_TimestampProvider_Module_startup__E)
                  00814720    00000020                  : BIOS.obj (.text:ti_sysbios_family_c64p_tci6488_TimerSupport_enable__E)
                  00814740    00000020                  : BIOS.obj (.text:ti_sysbios_family_c66_Cache_invL1pAll__E)
                  00814760    00000020                  : BIOS.obj (.text:ti_sysbios_family_c66_Cache_wait__E)
                  00814780    00000020                  : BIOS.obj (.text:ti_sysbios_family_c66_Cache_wbInvAll__E)
                  008147a0    00000020                  : BIOS.obj (.text:ti_sysbios_gates_GateHwi_Instance_init__E)
                  008147c0    00000020                  : BIOS.obj (.text:ti_sysbios_gates_GateHwi_leave__E)
                  008147e0    00000020                  : BIOS.obj (.text:ti_sysbios_gates_GateHwi_query__E)
                  00814800    00000020                  : BIOS.obj (.text:ti_sysbios_gates_GateMutex_query__E)
                  00814820    00000020                  : BIOS.obj (.text:ti_sysbios_hal_Hwi_Module_startup__E)
                  00814840    00000020                  : BIOS.obj (.text:ti_sysbios_hal_Hwi_clearInterrupt__E)
                  00814860    00000020                  : BIOS.obj (.text:ti_sysbios_hal_Hwi_disableInterrupt__E)
                  00814880    00000020                  : BIOS.obj (.text:ti_sysbios_hal_Hwi_enableInterrupt__E)
                  008148a0    00000020                  : BIOS.obj (.text:ti_sysbios_hal_Hwi_startup__E)
                  008148c0    00000020                  : BIOS.obj (.text:ti_sysbios_hal_Hwi_switchFromBootStack__E)
                  008148e0    00000020     app_pe66.oe66 (.text:ti_sysbios_heaps_HeapMem_Module_GateProxy_enter__E)
                  00814900    00000020     app_pe66.oe66 (.text:ti_sysbios_heaps_HeapMem_Module_GateProxy_leave__E)
                  00814920    00000020     sysbios.ae66 : BIOS.obj (.text:ti_sysbios_heaps_HeapMem_Object_get$21)
                  00814940    00000020                  : BIOS.obj (.text:ti_sysbios_heaps_HeapMem_isBlocking__E)
                  00814960    00000020     app_pe66.oe66 (.text:ti_sysbios_knl_Clock_TimerProxy_getMaxTicks__E)
                  00814980    00000020     sysbios.ae66 : BIOS.obj (.text:ti_sysbios_knl_Clock_handle$10)
                  008149a0    00000020                  : BIOS.obj (.text:ti_sysbios_knl_Clock_handle$12)
                  008149c0    00000020                  : BIOS.obj (.text:ti_sysbios_knl_Clock_handle$14)
                  008149e0    00000020                  : BIOS.obj (.text:ti_sysbios_knl_Clock_removeI__E)
                  00814a00    00000020                  : BIOS.obj (.text:ti_sysbios_knl_Clock_stop__E)
                  00814a20    00000020     app_pe66.oe66 (.text:ti_sysbios_knl_Event_Params__init__S)
                  00814a40    00000020     app_pe66.oe66 (.text:ti_sysbios_knl_Event_delete)
                  00814a60    00000020     sysbios.ae66 : BIOS.obj (.text:ti_sysbios_knl_Idle_loop__E)
                  00814a80    00000020                  : BIOS.obj (.text:ti_sysbios_knl_Queue_Instance_init__E)
                  00814aa0    00000020     app_pe66.oe66 (.text:ti_sysbios_knl_Queue_Object__get__S)
                  00814ac0    00000020     sysbios.ae66 : BIOS.obj (.text:ti_sysbios_knl_Queue_Object_get$14)
                  00814ae0    00000020     app_pe66.oe66 (.text:ti_sysbios_knl_Queue_destruct)
                  00814b00    00000020     sysbios.ae66 : BIOS.obj (.text:ti_sysbios_knl_Queue_elemClear__E)
                  00814b20    00000020                  : BIOS.obj (.text:ti_sysbios_knl_Queue_head__E)
                  00814b40    00000020                  : BIOS.obj (.text:ti_sysbios_knl_Queue_insert__E)
                  00814b60    00000020                  : BIOS.obj (.text:ti_sysbios_knl_Queue_next__E)
                  00814b80    00000020                  : BIOS.obj (.text:ti_sysbios_knl_Queue_struct$10)
                  00814ba0    00000020                  : BIOS.obj (.text:ti_sysbios_knl_Queue_struct$12)
                  00814bc0    00000020     app_pe66.oe66 (.text:ti_sysbios_knl_Semaphore_Params__init__S)
                  00814be0    00000020     app_pe66.oe66 (.text:ti_sysbios_knl_Semaphore_delete)
                  00814c00    00000020     sysbios.ae66 : BIOS.obj (.text:ti_sysbios_knl_Semaphore_struct$28)
                  00814c20    00000020                  : BIOS.obj (.text:ti_sysbios_knl_Swi_Object_get$13)
                  00814c40    00000020                  : BIOS.obj (.text:ti_sysbios_knl_Swi_enabled__E)
                  00814c60    00000020                  : BIOS.obj (.text:ti_sysbios_knl_Swi_postInit__I)
                  00814c80    00000020                  : BIOS.obj (.text:ti_sysbios_knl_Swi_startup__E)
                  00814ca0    00000020                  : BIOS.obj (.text:ti_sysbios_knl_Task_Object_get$14)
                  00814cc0    00000020     app_pe66.oe66 (.text:ti_sysbios_knl_Task_Params__init__S)
                  00814ce0    00000020     app_pe66.oe66 (.text:ti_sysbios_knl_Task_delete)
                  00814d00    00000020     sysbios.ae66 : BIOS.obj (.text:ti_sysbios_knl_Task_getPri__E)
                  00814d20    00000020                  : BIOS.obj (.text:ti_sysbios_knl_Task_handle$14)
                  00814d40    00000020                  : BIOS.obj (.text:ti_sysbios_knl_Task_self__E)
                  00814d60    00000020                  : BIOS.obj (.text:ti_sysbios_knl_Task_startup__E)
                  00814d80    00000020     app_pe66.oe66 (.text:ti_sysbios_timers_timer64_Timer_Module__startupDone__F)
                  00814da0    00000020     sysbios.ae66 : BIOS.obj (.text:ti_sysbios_timers_timer64_Timer_getMaxTicks__E)
                  00814dc0    00000020     ti.targets.rts6000.ae66 : Error.oe66 (.text:xdc_runtime_Error_getSite__E)
                  00814de0    00000020                             : Error.oe66 (.text:xdc_runtime_Error_raiseX__E)
                  00814e00    00000020                             : Gate.oe66 (.text:xdc_runtime_Gate_enterSystem__E)
                  00814e20    00000020                             : Gate.oe66 (.text:xdc_runtime_Gate_leaveSystem__E)
                  00814e40    00000020     app_pe66.oe66 (.text:xdc_runtime_IHeap_alloc)
                  00814e60    00000020     app_pe66.oe66 (.text:xdc_runtime_IHeap_free)
                  00814e80    00000020     app_pe66.oe66 (.text:xdc_runtime_LoggerBuf_Module_GateProxy_enter__E)
                  00814ea0    00000020     app_pe66.oe66 (.text:xdc_runtime_LoggerBuf_Module_GateProxy_leave__E)
                  00814ec0    00000020     ti.targets.rts6000.ae66 : LoggerBuf.oe66 (.text:xdc_runtime_LoggerBuf_disable__E)
                  00814ee0    00000020                             : LoggerBuf.oe66 (.text:xdc_runtime_LoggerBuf_enable__E)
                  00814f00    00000020                             : Memory.oe66 (.text:xdc_runtime_Memory_calloc__E)
                  00814f20    00000020                             : Memory.oe66 (.text:xdc_runtime_Memory_free__E)
                  00814f40    00000020                             : Memory.oe66 (.text:xdc_runtime_Memory_getMaxDefaultTypeAlign__E)
                  00814f60    00000020     app_pe66.oe66 (.text:xdc_runtime_Startup_exec__I)
                  00814f80    00000020     ti.targets.rts6000.ae66 : Startup.oe66 (.text:xdc_runtime_Startup_rtsDone__E)
                  00814fa0    00000020                             : SysMin.oe66 (.text:xdc_runtime_SysMin_ready__E)
                  00814fc0    00000020     app_pe66.oe66 (.text:xdc_runtime_System_Module_GateProxy_enter__E)
                  00814fe0    00000020     app_pe66.oe66 (.text:xdc_runtime_System_Module_GateProxy_leave__E)
                  00815000    00000020     ti.targets.rts6000.ae66 : System.oe66 (.text:xdc_runtime_System_Module_startup__E)
                  00815020    00000020                             : System.oe66 (.text:xdc_runtime_System_vsnprintf__E)
                  00815040    00000020                             : Text.oe66 (.text:xdc_runtime_Text_ropeText__E)
                  00815060    00000020     app_pe66.oe66 (.text:xdc_runtime_Text_visitRope__I)
                  00815080    00000020     sysbios.ae66 : BIOS.obj (.text:xdc_uargToPtr$10)
                  008150a0    00000020                  : BIOS.obj (.text:xdc_uargToPtr$12)
                  008150c0    00000020                  : BIOS.obj (.text:xdc_uargToPtr$14)
                  008150e0    00000020                  : BIOS.obj (.text:xdc_uargToPtr$21)

.const     0    00825100    000032b4     
                  00825100    0000195d     app_pe66.oe66 (.const:xdc_runtime_Text_charTab__A)
                  00826a5d    00000001     app_pe66.oe66 (.const:ti_sysbios_timers_timer64_Timer_localTimerBaseId__C)
                  00826a5e    00000002     app_pe66.oe66 (.const:ti_sysbios_family_c64p_EventCombiner_Module__id__C)
                  00826a60    00000574     sysbios.ae66 : BIOS.obj (.const:.string)
                  00826fd4    00000004     ti.targets.rts6000.ae66 : Assert.oe66 (.const:.string)
                  00826fd8    00000400     app_pe66.oe66 (.const:ti_sysbios_family_c66_Cache_marvalues__C)
                  008273d8    000003b4     app_pe66.oe66 (.const:ti_sysbios_family_c66_tci66xx_CpIntc_sysIntToHostInt__A)
                  0082778c    00000004     app_pe66.oe66 (.const:ti_sysbios_family_c62_TaskSupport_stackAlignment__C)
                  00827790    00000108     app_pe66.oe66 (.const:xdc_runtime_Text_nodeTab__A)
                  00827898    00000098     app_pe66.oe66 (.const:.string)
                  00827930    00000074     uart_synchronizer.obj (.const:.string)
                  008279a4    00000058     ti.targets.rts6000.ae66 : Error.oe66 (.const:.string)
                  008279fc    00000050     buffer.obj (.const:.string)
                  00827a4c    00000050     float_buffer.obj (.const:.string)
                  00827a9c    0000004c     utils.obj (.const:.string)
                  00827ae8    00000040     ti.targets.rts6000.ae66 : Text.oe66 (.const:.string)
                  00827b28    00000040     ti.drv.uart.ae66 : UART_drv.oe66 (.const:UART_defaultParams)
                  00827b68    0000003c                      : UART_soc.oe66 (.const:UART_config)
                  00827ba4    0000003c     app_pe66.oe66 (.const:ti_sysbios_knl_Task_Object__PARAMS__C)
                  00827be0    0000003c     app_pe66.oe66 (.const:xdc_runtime_LoggerBuf_Module__FXNS__C)
                  00827c1c    00000004     app_pe66.oe66 (.const:ti_sysbios_family_c64p_EventCombiner_A_invalidEventId__C)
                  00827c20    0000003c     app_pe66.oe66 (.const:xdc_runtime_Startup_sfxnTab__A)
                  00827c5c    00000030     ti.drv.uart.ae66 : UART_v0.oe66 (.const:UART_FxnTable_v0)
                  00827c8c    00000030     app_pe66.oe66 (.const:ti_sysbios_family_c64p_Hwi_Object__PARAMS__C)
                  00827cbc    0000002c     ti.targets.rts6000.ae66 : Startup.oe66 (.const:.string)
                  00827ce8    0000002a     app_pe66.oe66 (.const:ti_sysbios_family_c66_tci66xx_CpIntc_eventId__A)
                  00827d12    00000002     app_pe66.oe66 (.const:ti_sysbios_family_c64p_Exception_Module__id__C)
                  00827d14    00000004     app_pe66.oe66 (.const:ti_sysbios_family_c64p_EventCombiner_E_unpluggedEvent__C)
                  00827d18    0000002a     app_pe66.oe66 (.const:ti_sysbios_family_c66_tci66xx_CpIntc_hostIntToEventId_0__A)
                  00827d42    00000002     app_pe66.oe66 (.const:ti_sysbios_family_c64p_Exception_useInternalBuffer__C)
                  00827d44    00000028     app_pe66.oe66 (.const:ti_sysbios_heaps_HeapMem_Module__FXNS__C)
                  00827d6c    00000028     app_pe66.oe66 (.const:xdc_runtime_LoggerBuf_Object__PARAMS__C)
                  00827d94    00000024     app_pe66.oe66 (.const:ti_sysbios_gates_GateHwi_Module__FXNS__C)
                  00827db8    00000024     app_pe66.oe66 (.const:ti_sysbios_gates_GateMutex_Module__FXNS__C)
                  00827ddc    00000024     app_pe66.oe66 (.const:ti_sysbios_heaps_HeapMem_Object__PARAMS__C)
                  00827e00    00000024     app_pe66.oe66 (.const:ti_sysbios_knl_Semaphore_Object__PARAMS__C)
                  00827e24    00000020     ti.osal.ae66 : SemaphoreP_tirtos.oe66 (.const:.string)
                  00827e44    00000020     app_pe66.oe66 (.const:ti_sysbios_family_c64p_Hwi_Object__DESC__C)
                  00827e64    00000020     app_pe66.oe66 (.const:ti_sysbios_gates_GateHwi_Object__DESC__C)
                  00827e84    00000020     app_pe66.oe66 (.const:ti_sysbios_gates_GateMutex_Object__DESC__C)
                  00827ea4    00000020     app_pe66.oe66 (.const:ti_sysbios_heaps_HeapMem_Object__DESC__C)
                  00827ec4    00000020     app_pe66.oe66 (.const:ti_sysbios_knl_Event_Object__DESC__C)
                  00827ee4    00000020     app_pe66.oe66 (.const:ti_sysbios_knl_Queue_Object__DESC__C)
                  00827f04    00000020     app_pe66.oe66 (.const:ti_sysbios_knl_Semaphore_Object__DESC__C)
                  00827f24    00000020     app_pe66.oe66 (.const:ti_sysbios_knl_Task_Object__DESC__C)
                  00827f44    00000020     app_pe66.oe66 (.const:xdc_runtime_LoggerBuf_Object__DESC__C)
                  00827f64    00000004     app_pe66.oe66 (.const:ti_sysbios_family_c64p_EventCombiner_Module__diagsEnabled__C)
                  00827f68    0000001e     app_pe66.oe66 (.const:xdc_runtime_Startup_sfxnRts__A)
                  00827f86    00000002     app_pe66.oe66 (.const:ti_sysbios_family_c64p_Hwi_Module__id__C)
                  00827f88    0000001c     ti.drv.uart.ae66 : UART_v0.oe66 (.const:.string)
                  00827fa4    0000001c     ti.osal.ae66 : HwiP_tirtos.oe66 (.const:.string)
                  00827fc0    00000018     ti.targets.rts6000.ae66 : System.oe66 (.const:.string)
                  00827fd8    00000018     app_pe66.oe66 (.const:ti_sysbios_family_c64p_MemoryProtect_dmcCtrl__C)
                  00827ff0    00000018     app_pe66.oe66 (.const:ti_sysbios_family_c64p_MemoryProtect_pmcCtrl__C)
                  00828008    00000018     app_pe66.oe66 (.const:ti_sysbios_family_c64p_MemoryProtect_umcCtrl__C)
                  00828020    00000018     app_pe66.oe66 (.const:ti_sysbios_gates_GateHwi_Object__PARAMS__C)
                  00828038    00000018     app_pe66.oe66 (.const:ti_sysbios_gates_GateMutex_Object__PARAMS__C)
                  00828050    00000018     app_pe66.oe66 (.const:ti_sysbios_knl_Event_Object__PARAMS__C)
                  00828068    00000018     app_pe66.oe66 (.const:ti_sysbios_knl_Queue_Object__PARAMS__C)
                  00828080    00000010     main.obj (.const:.string)
                  00828090    00000010     app_pe66.oe66 (.const:ti_sysbios_family_c64p_EventCombiner_EVTMASK__C)
                  008280a0    00000008     app_pe66.oe66 (.const:ti_sysbios_knl_Idle_funcList__C)
                  008280a8    00000008     app_pe66.oe66 (.const:xdc_runtime_Startup_firstFxns__A)
                  008280b0    00000008     app_pe66.oe66 (.const:xdc_runtime_Startup_firstFxns__C)
                  008280b8    00000008     app_pe66.oe66 (.const:xdc_runtime_Startup_lastFxns__C)
                  008280c0    00000004     app_pe66.oe66 (.const:ti_sysbios_family_c64p_EventCombiner_Module__diagsIncluded__C)
                  008280c4    00000004     app_pe66.oe66 (.const:ti_sysbios_family_c64p_EventCombiner_Module__diagsMask__C)
                  008280c8    00000004     app_pe66.oe66 (.const:ti_sysbios_family_c64p_Exception_E_exceptionMax__C)
                  008280cc    00000004     app_pe66.oe66 (.const:ti_sysbios_family_c64p_Exception_exceptionHook__C)
                  008280d0    00000004     app_pe66.oe66 (.const:ti_sysbios_family_c64p_Exception_externalHook__C)
                  008280d4    00000004     app_pe66.oe66 (.const:ti_sysbios_family_c64p_Exception_internalHook__C)
                  008280d8    00000004     app_pe66.oe66 (.const:ti_sysbios_family_c64p_Exception_nmiHook__C)
                  008280dc    00000004     app_pe66.oe66 (.const:ti_sysbios_family_c64p_Hwi_E_alreadyDefined__C)
                  008280e0    00000004     app_pe66.oe66 (.const:ti_sysbios_family_c64p_Hwi_E_handleNotFound__C)
                  008280e4    00000004     app_pe66.oe66 (.const:ti_sysbios_family_c64p_Hwi_E_invalidIntNum__C)
                  008280e8    00000004     app_pe66.oe66 (.const:ti_sysbios_family_c64p_Hwi_LD_end__C)
                  008280ec    00000004     app_pe66.oe66 (.const:ti_sysbios_family_c64p_Hwi_LM_begin__C)
                  008280f0    00000004     app_pe66.oe66 (.const:ti_sysbios_family_c64p_Hwi_Module__diagsEnabled__C)
                  008280f4    00000004     app_pe66.oe66 (.const:ti_sysbios_family_c64p_Hwi_Module__diagsIncluded__C)
                  008280f8    00000004     app_pe66.oe66 (.const:ti_sysbios_family_c64p_Hwi_Module__diagsMask__C)
                  008280fc    00000004     app_pe66.oe66 (.const:ti_sysbios_family_c64p_Hwi_Module__loggerFxn1__C)
                  00828100    00000004     app_pe66.oe66 (.const:ti_sysbios_family_c64p_Hwi_Module__loggerFxn8__C)
                  00828104    00000004     app_pe66.oe66 (.const:ti_sysbios_family_c64p_Hwi_Module__loggerObj__C)
                  00828108    00000004     app_pe66.oe66 (.const:ti_sysbios_family_c66_Cache_E_invalidL1CacheSize__C)
                  0082810c    00000004     app_pe66.oe66 (.const:ti_sysbios_family_c66_Cache_E_invalidL2CacheSize__C)
                  00828110    00000004     app_pe66.oe66 (.const:ti_sysbios_family_c66_Cache_atomicBlockSize__C)
                  00828114    00000004     app_pe66.oe66 (.const:ti_sysbios_family_c66_tci66xx_CpIntc_E_unpluggedSysInt__C)
                  00828118    00000004     app_pe66.oe66 (.const:ti_sysbios_family_c66_tci66xx_CpIntc_eventId__C)
                  0082811c    00000004     app_pe66.oe66 (.const:ti_sysbios_family_c66_tci66xx_CpIntc_hostIntToEventId__C)
                  00828120    00000004     app_pe66.oe66 (.const:ti_sysbios_family_c66_tci66xx_CpIntc_hostIntToEventId__A)
                  00828124    00000004     app_pe66.oe66 (.const:ti_sysbios_family_c66_tci66xx_CpIntc_numEvents__C)
                  00828128    00000004     app_pe66.oe66 (.const:ti_sysbios_family_c66_tci66xx_CpIntc_numStatusRegs__C)
                  0082812c    00000004     app_pe66.oe66 (.const:ti_sysbios_family_c66_tci66xx_CpIntc_numSysInts__C)
                  00828130    00000004     app_pe66.oe66 (.const:ti_sysbios_family_c66_tci66xx_CpIntc_sysIntToHostInt__C)
                  00828134    00000004     app_pe66.oe66 (.const:ti_sysbios_gates_GateMutex_A_badContext__C)
                  00828138    00000004     app_pe66.oe66 (.const:ti_sysbios_gates_GateMutex_Instance_State_sem__O)
                  0082813c    00000004     app_pe66.oe66 (.const:ti_sysbios_gates_GateMutex_Module__diagsEnabled__C)
                  00828140    00000004     app_pe66.oe66 (.const:ti_sysbios_gates_GateMutex_Module__diagsIncluded__C)
                  00828144    00000004     app_pe66.oe66 (.const:ti_sysbios_gates_GateMutex_Module__diagsMask__C)
                  00828148    00000004     app_pe66.oe66 (.const:ti_sysbios_hal_Hwi_E_stackOverflow__C)
                  0082814c    00000004     app_pe66.oe66 (.const:ti_sysbios_heaps_HeapMem_A_align__C)
                  00828150    00000004     app_pe66.oe66 (.const:ti_sysbios_heaps_HeapMem_A_heapSize__C)
                  00828154    00000004     app_pe66.oe66 (.const:ti_sysbios_heaps_HeapMem_A_invalidFree__C)
                  00828158    00000004     app_pe66.oe66 (.const:ti_sysbios_heaps_HeapMem_A_zeroBlock__C)
                  0082815c    00000004     app_pe66.oe66 (.const:ti_sysbios_heaps_HeapMem_E_memory__C)
                  00828160    00000004     app_pe66.oe66 (.const:ti_sysbios_heaps_HeapMem_Module__diagsEnabled__C)
                  00828164    00000004     app_pe66.oe66 (.const:ti_sysbios_heaps_HeapMem_Module__diagsIncluded__C)
                  00828168    00000004     app_pe66.oe66 (.const:ti_sysbios_heaps_HeapMem_Module__diagsMask__C)
                  0082816c    00000004     app_pe66.oe66 (.const:ti_sysbios_heaps_HeapMem_Module__gateObj__C)
                  00828170    00000004     app_pe66.oe66 (.const:ti_sysbios_heaps_HeapMem_Object__count__C)
                  00828174    00000004     app_pe66.oe66 (.const:ti_sysbios_heaps_HeapMem_reqAlign__C)
                  00828178    00000004     app_pe66.oe66 (.const:ti_sysbios_knl_Clock_LM_begin__C)
                  0082817c    00000004     app_pe66.oe66 (.const:ti_sysbios_knl_Clock_LM_tick__C)
                  00828180    00000004     app_pe66.oe66 (.const:ti_sysbios_knl_Clock_LW_delayed__C)
                  00828184    00000004     app_pe66.oe66 (.const:ti_sysbios_knl_Clock_Module_State_clockQ__O)
                  00828188    00000004     app_pe66.oe66 (.const:ti_sysbios_knl_Clock_Module__diagsEnabled__C)
                  0082818c    00000004     app_pe66.oe66 (.const:ti_sysbios_knl_Clock_Module__diagsIncluded__C)
                  00828190    00000004     app_pe66.oe66 (.const:ti_sysbios_knl_Clock_Module__diagsMask__C)
                  00828194    00000004     app_pe66.oe66 (.const:ti_sysbios_knl_Clock_Module__loggerFxn1__C)
                  00828198    00000004     app_pe66.oe66 (.const:ti_sysbios_knl_Clock_Module__loggerFxn2__C)
                  0082819c    00000004     app_pe66.oe66 (.const:ti_sysbios_knl_Clock_Module__loggerObj__C)
                  008281a0    00000004     app_pe66.oe66 (.const:ti_sysbios_knl_Event_A_badContext__C)
                  008281a4    00000004     app_pe66.oe66 (.const:ti_sysbios_knl_Event_A_eventInUse__C)
                  008281a8    00000004     app_pe66.oe66 (.const:ti_sysbios_knl_Event_A_nullEventId__C)
                  008281ac    00000004     app_pe66.oe66 (.const:ti_sysbios_knl_Event_A_nullEventMasks__C)
                  008281b0    00000004     app_pe66.oe66 (.const:ti_sysbios_knl_Event_A_pendTaskDisabled__C)
                  008281b4    00000004     app_pe66.oe66 (.const:ti_sysbios_knl_Event_Instance_State_pendQ__O)
                  008281b8    00000004     app_pe66.oe66 (.const:ti_sysbios_knl_Event_LM_pend__C)
                  008281bc    00000004     app_pe66.oe66 (.const:ti_sysbios_knl_Event_LM_post__C)
                  008281c0    00000004     app_pe66.oe66 (.const:ti_sysbios_knl_Event_Module__diagsEnabled__C)
                  008281c4    00000004     app_pe66.oe66 (.const:ti_sysbios_knl_Event_Module__diagsIncluded__C)
                  008281c8    00000004     app_pe66.oe66 (.const:ti_sysbios_knl_Event_Module__diagsMask__C)
                  008281cc    00000004     app_pe66.oe66 (.const:ti_sysbios_knl_Event_Module__loggerFxn4__C)
                  008281d0    00000004     app_pe66.oe66 (.const:ti_sysbios_knl_Event_Module__loggerFxn8__C)
                  008281d4    00000004     app_pe66.oe66 (.const:ti_sysbios_knl_Event_Module__loggerObj__C)
                  008281d8    00000004     app_pe66.oe66 (.const:ti_sysbios_knl_Idle_funcList__A)
                  008281dc    00000004     app_pe66.oe66 (.const:ti_sysbios_knl_Semaphore_A_badContext__C)
                  008281e0    00000004     app_pe66.oe66 (.const:ti_sysbios_knl_Semaphore_A_noEvents__C)
                  008281e4    00000004     app_pe66.oe66 (.const:ti_sysbios_knl_Semaphore_A_overflow__C)
                  008281e8    00000004     app_pe66.oe66 (.const:ti_sysbios_knl_Semaphore_A_pendTaskDisabled__C)
                  008281ec    00000004     app_pe66.oe66 (.const:ti_sysbios_knl_Semaphore_Instance_State_pendQ__O)
                  008281f0    00000004     app_pe66.oe66 (.const:ti_sysbios_knl_Semaphore_LM_pend__C)
                  008281f4    00000004     app_pe66.oe66 (.const:ti_sysbios_knl_Semaphore_LM_post__C)
                  008281f8    00000004     app_pe66.oe66 (.const:ti_sysbios_knl_Semaphore_Module__diagsEnabled__C)
                  008281fc    00000004     app_pe66.oe66 (.const:ti_sysbios_knl_Semaphore_Module__diagsIncluded__C)
                  00828200    00000004     app_pe66.oe66 (.const:ti_sysbios_knl_Semaphore_Module__diagsMask__C)
                  00828204    00000004     app_pe66.oe66 (.const:ti_sysbios_knl_Semaphore_Module__loggerFxn2__C)
                  00828208    00000004     app_pe66.oe66 (.const:ti_sysbios_knl_Semaphore_Module__loggerFxn4__C)
                  0082820c    00000004     app_pe66.oe66 (.const:ti_sysbios_knl_Semaphore_Module__loggerObj__C)
                  00828210    00000004     app_pe66.oe66 (.const:ti_sysbios_knl_Swi_LD_end__C)
                  00828214    00000004     app_pe66.oe66 (.const:ti_sysbios_knl_Swi_LM_begin__C)
                  00828218    00000004     app_pe66.oe66 (.const:ti_sysbios_knl_Swi_LM_post__C)
                  0082821c    00000004     app_pe66.oe66 (.const:ti_sysbios_knl_Swi_Module__diagsEnabled__C)
                  00828220    00000004     app_pe66.oe66 (.const:ti_sysbios_knl_Swi_Module__diagsIncluded__C)
                  00828224    00000004     app_pe66.oe66 (.const:ti_sysbios_knl_Swi_Module__diagsMask__C)
                  00828228    00000004     app_pe66.oe66 (.const:ti_sysbios_knl_Swi_Module__loggerFxn1__C)
                  0082822c    00000004     app_pe66.oe66 (.const:ti_sysbios_knl_Swi_Module__loggerFxn4__C)
                  00828230    00000004     app_pe66.oe66 (.const:ti_sysbios_knl_Swi_Module__loggerObj__C)
                  00828234    00000004     app_pe66.oe66 (.const:ti_sysbios_knl_Swi_Object__count__C)
                  00828238    00000004     app_pe66.oe66 (.const:ti_sysbios_knl_Swi_numConstructedSwis__C)
                  0082823c    00000004     app_pe66.oe66 (.const:ti_sysbios_knl_Task_A_badPriority__C)
                  00828240    00000004     app_pe66.oe66 (.const:ti_sysbios_knl_Task_A_badTaskState__C)
                  00828244    00000004     app_pe66.oe66 (.const:ti_sysbios_knl_Task_A_badThreadType__C)
                  00828248    00000004     app_pe66.oe66 (.const:ti_sysbios_knl_Task_A_badTimeout__C)
                  0082824c    00000004     app_pe66.oe66 (.const:ti_sysbios_knl_Task_A_noPendElem__C)
                  00828250    00000004     app_pe66.oe66 (.const:ti_sysbios_knl_Task_A_sleepTaskDisabled__C)
                  00828254    00000004     app_pe66.oe66 (.const:ti_sysbios_knl_Task_A_taskDisabled__C)
                  00828258    00000004     app_pe66.oe66 (.const:ti_sysbios_knl_Task_E_spOutOfBounds__C)
                  0082825c    00000004     app_pe66.oe66 (.const:ti_sysbios_knl_Task_E_stackOverflow__C)
                  00828260    00000004     app_pe66.oe66 (.const:ti_sysbios_knl_Task_LD_block__C)
                  00828264    00000004     app_pe66.oe66 (.const:ti_sysbios_knl_Task_LD_exit__C)
                  00828268    00000004     app_pe66.oe66 (.const:ti_sysbios_knl_Task_LD_ready__C)
                  0082826c    00000004     app_pe66.oe66 (.const:ti_sysbios_knl_Task_LM_sleep__C)
                  00828270    00000004     app_pe66.oe66 (.const:ti_sysbios_knl_Task_LM_switch__C)
                  00828274    00000004     app_pe66.oe66 (.const:ti_sysbios_knl_Task_Module_State_inactiveQ__O)
                  00828278    00000004     app_pe66.oe66 (.const:ti_sysbios_knl_Task_Module__diagsEnabled__C)
                  0082827c    00000004     app_pe66.oe66 (.const:ti_sysbios_knl_Task_Module__diagsIncluded__C)
                  00828280    00000004     app_pe66.oe66 (.const:ti_sysbios_knl_Task_Module__diagsMask__C)
                  00828284    00000004     app_pe66.oe66 (.const:ti_sysbios_knl_Task_Module__loggerFxn2__C)
                  00828288    00000004     app_pe66.oe66 (.const:ti_sysbios_knl_Task_Module__loggerFxn4__C)
                  0082828c    00000004     app_pe66.oe66 (.const:ti_sysbios_knl_Task_Module__loggerObj__C)
                  00828290    00000004     app_pe66.oe66 (.const:ti_sysbios_knl_Task_Object__count__C)
                  00828294    00000004     app_pe66.oe66 (.const:ti_sysbios_knl_Task_allBlockedFunc__C)
                  00828298    00000004     app_pe66.oe66 (.const:ti_sysbios_knl_Task_defaultStackHeap__C)
                  0082829c    00000004     app_pe66.oe66 (.const:ti_sysbios_knl_Task_defaultStackSize__C)
                  008282a0    00000004     app_pe66.oe66 (.const:ti_sysbios_knl_Task_numConstructedTasks__C)
                  008282a4    00000004     app_pe66.oe66 (.const:ti_sysbios_timers_timer64_Timer_A_notAvailable__C)
                  008282a8    00000004     app_pe66.oe66 (.const:ti_sysbios_timers_timer64_Timer_E_cannotSupport__C)
                  008282ac    00000004     app_pe66.oe66 (.const:ti_sysbios_timers_timer64_Timer_Module__diagsEnabled__C)
                  008282b0    00000004     app_pe66.oe66 (.const:ti_sysbios_timers_timer64_Timer_Module__diagsIncluded__C)
                  008282b4    00000004     app_pe66.oe66 (.const:ti_sysbios_timers_timer64_Timer_Module__diagsMask__C)
                  008282b8    00000004     app_pe66.oe66 (.const:ti_sysbios_timers_timer64_Timer_anyMaskHigh__C)
                  008282bc    00000004     app_pe66.oe66 (.const:ti_sysbios_timers_timer64_Timer_anyMask__C)
                  008282c0    00000004     app_pe66.oe66 (.const:ti_sysbios_timers_timer64_Timer_freqDivisor__C)
                  008282c4    00000004     app_pe66.oe66 (.const:ti_sysbios_timers_timer64_Timer_numLocalTimers__C)
                  008282c8    00000004     app_pe66.oe66 (.const:ti_sysbios_timers_timer64_Timer_numTimerDevices__C)
                  008282cc    00000004     app_pe66.oe66 (.const:xdc_runtime_Assert_E_assertFailed__C)
                  008282d0    00000004     app_pe66.oe66 (.const:xdc_runtime_Core_A_initializedParams__C)
                  008282d4    00000004     app_pe66.oe66 (.const:xdc_runtime_Core_Module__diagsEnabled__C)
                  008282d8    00000004     app_pe66.oe66 (.const:xdc_runtime_Core_Module__diagsIncluded__C)
                  008282dc    00000004     app_pe66.oe66 (.const:xdc_runtime_Core_Module__diagsMask__C)
                  008282e0    00000004     app_pe66.oe66 (.const:xdc_runtime_Error_E_memory__C)
                  008282e4    00000004     app_pe66.oe66 (.const:xdc_runtime_Error_Module__diagsEnabled__C)
                  008282e8    00000004     app_pe66.oe66 (.const:xdc_runtime_Error_Module__diagsIncluded__C)
                  008282ec    00000004     app_pe66.oe66 (.const:xdc_runtime_Error_Module__diagsMask__C)
                  008282f0    00000004     app_pe66.oe66 (.const:xdc_runtime_Error_Module__loggerFxn8__C)
                  008282f4    00000004     app_pe66.oe66 (.const:xdc_runtime_Error_Module__loggerObj__C)
                  008282f8    00000004     app_pe66.oe66 (.const:xdc_runtime_Error_policyFxn__C)
                  008282fc    00000004     app_pe66.oe66 (.const:xdc_runtime_Error_policy__C)
                  00828300    00000004     app_pe66.oe66 (.const:xdc_runtime_Error_raiseHook__C)
                  00828304    00000004     app_pe66.oe66 (.const:xdc_runtime_IFilterLogger_Interface__BASE__C)
                  00828308    00000004     app_pe66.oe66 (.const:xdc_runtime_IGateProvider_Interface__BASE__C)
                  0082830c    00000004     app_pe66.oe66 (.const:xdc_runtime_IHeap_Interface__BASE__C)
                  00828310    00000004     app_pe66.oe66 (.const:xdc_runtime_ILogger_Interface__BASE__C)
                  00828314    00000004     app_pe66.oe66 (.const:xdc_runtime_IModule_Interface__BASE__C)
                  00828318    00000004     app_pe66.oe66 (.const:xdc_runtime_Log_L_error__C)
                  0082831c    00000004     app_pe66.oe66 (.const:xdc_runtime_LoggerBuf_E_badLevel__C)
                  00828320    00000004     app_pe66.oe66 (.const:xdc_runtime_LoggerBuf_Module__gateObj__C)
                  00828324    00000004     app_pe66.oe66 (.const:xdc_runtime_LoggerBuf_Object__count__C)
                  00828328    00000004     app_pe66.oe66 (.const:xdc_runtime_LoggerBuf_statusLogger__C)
                  0082832c    00000004     app_pe66.oe66 (.const:xdc_runtime_Memory_defaultHeapInstance__C)
                  00828330    00000004     app_pe66.oe66 (.const:xdc_runtime_Startup_execImpl__C)
                  00828334    00000004     app_pe66.oe66 (.const:xdc_runtime_Startup_maxPasses__C)
                  00828338    00000004     app_pe66.oe66 (.const:xdc_runtime_Startup_sfxnRts__C)
                  0082833c    00000004     app_pe66.oe66 (.const:xdc_runtime_Startup_sfxnTab__C)
                  00828340    00000004     app_pe66.oe66 (.const:xdc_runtime_SysMin_bufSize__C)
                  00828344    00000004     app_pe66.oe66 (.const:xdc_runtime_SysMin_outputFunc__C)
                  00828348    00000004     app_pe66.oe66 (.const:xdc_runtime_System_Module__gateObj__C)
                  0082834c    00000004     app_pe66.oe66 (.const:xdc_runtime_System_abortFxn__C)
                  00828350    00000004     app_pe66.oe66 (.const:xdc_runtime_System_exitFxn__C)
                  00828354    00000004     app_pe66.oe66 (.const:xdc_runtime_System_extendFxn__C)
                  00828358    00000004     app_pe66.oe66 (.const:xdc_runtime_System_maxAtexitHandlers__C)
                  0082835c    00000004     app_pe66.oe66 (.const:xdc_runtime_Text_charTab__C)
                  00828360    00000004     app_pe66.oe66 (.const:xdc_runtime_Text_nameEmpty__C)
                  00828364    00000004     app_pe66.oe66 (.const:xdc_runtime_Text_nameStatic__C)
                  00828368    00000004     app_pe66.oe66 (.const:xdc_runtime_Text_nameUnknown__C)
                  0082836c    00000004     app_pe66.oe66 (.const:xdc_runtime_Text_nodeTab__C)
                  00828370    00000004     app_pe66.oe66 (.const:xdc_runtime_Text_visitRopeFxn__C)
                  00828374    00000002     app_pe66.oe66 (.const:ti_sysbios_family_c64p_Hwi_Module__loggerDefined__C)
                  00828376    00000002     app_pe66.oe66 (.const:ti_sysbios_family_c66_Cache_Module__id__C)
                  00828378    00000002     app_pe66.oe66 (.const:ti_sysbios_family_c66_Cache_registerRTSSynch__C)
                  0082837a    00000002     app_pe66.oe66 (.const:ti_sysbios_family_c66_tci66xx_CpIntc_Module__id__C)
                  0082837c    00000002     app_pe66.oe66 (.const:ti_sysbios_gates_GateMutex_Module__id__C)
                  0082837e    00000002     app_pe66.oe66 (.const:ti_sysbios_hal_Hwi_Module__id__C)
                  00828380    00000002     app_pe66.oe66 (.const:ti_sysbios_heaps_HeapMem_Module__id__C)
                  00828382    00000002     app_pe66.oe66 (.const:ti_sysbios_knl_Clock_Module__id__C)
                  00828384    00000002     app_pe66.oe66 (.const:ti_sysbios_knl_Clock_Module__loggerDefined__C)
                  00828386    00000002     app_pe66.oe66 (.const:ti_sysbios_knl_Event_Module__id__C)
                  00828388    00000002     app_pe66.oe66 (.const:ti_sysbios_knl_Event_Module__loggerDefined__C)
                  0082838a    00000002     app_pe66.oe66 (.const:ti_sysbios_knl_Semaphore_Module__id__C)
                  0082838c    00000002     app_pe66.oe66 (.const:ti_sysbios_knl_Semaphore_Module__loggerDefined__C)
                  0082838e    00000002     app_pe66.oe66 (.const:ti_sysbios_knl_Swi_Module__id__C)
                  00828390    00000002     app_pe66.oe66 (.const:ti_sysbios_knl_Swi_Module__loggerDefined__C)
                  00828392    00000002     app_pe66.oe66 (.const:ti_sysbios_knl_Task_Module__id__C)
                  00828394    00000002     app_pe66.oe66 (.const:ti_sysbios_knl_Task_Module__loggerDefined__C)
                  00828396    00000002     app_pe66.oe66 (.const:ti_sysbios_timers_timer64_Timer_Module__id__C)
                  00828398    00000002     app_pe66.oe66 (.const:ti_sysbios_timers_timer64_Timer_startupNeeded__C)
                  0082839a    00000002     app_pe66.oe66 (.const:ti_sysbios_timers_timer64_Timer_useTimer64pRegMap__C)
[...]
008281b4  ti_sysbios_knl_Event_Instance_State_pendQ__O                          
008281b8  ti_sysbios_knl_Event_LM_pend__C                                       
008281bc  ti_sysbios_knl_Event_LM_post__C                                       
008281c0  ti_sysbios_knl_Event_Module__diagsEnabled__C                          
008281c4  ti_sysbios_knl_Event_Module__diagsIncluded__C                         
008281c8  ti_sysbios_knl_Event_Module__diagsMask__C                             
008281cc  ti_sysbios_knl_Event_Module__loggerFxn4__C                            
008281d0  ti_sysbios_knl_Event_Module__loggerFxn8__C                            
008281d4  ti_sysbios_knl_Event_Module__loggerObj__C                             
008281d8  ti_sysbios_knl_Idle_funcList__A                                       
008281dc  ti_sysbios_knl_Semaphore_A_badContext__C                              
008281e0  ti_sysbios_knl_Semaphore_A_noEvents__C                                
008281e4  ti_sysbios_knl_Semaphore_A_overflow__C                                
008281e8  ti_sysbios_knl_Semaphore_A_pendTaskDisabled__C                        
008281ec  ti_sysbios_knl_Semaphore_Instance_State_pendQ__O                      
008281f0  ti_sysbios_knl_Semaphore_LM_pend__C                                   
008281f4  ti_sysbios_knl_Semaphore_LM_post__C                                   
008281f8  ti_sysbios_knl_Semaphore_Module__diagsEnabled__C                      
008281fc  ti_sysbios_knl_Semaphore_Module__diagsIncluded__C                     
00828200  ti_sysbios_knl_Semaphore_Module__diagsMask__C                         
00828204  ti_sysbios_knl_Semaphore_Module__loggerFxn2__C                        
00828208  ti_sysbios_knl_Semaphore_Module__loggerFxn4__C                        
0082820c  ti_sysbios_knl_Semaphore_Module__loggerObj__C                         
00828210  ti_sysbios_knl_Swi_LD_end__C                                          
00828214  ti_sysbios_knl_Swi_LM_begin__C                                        
00828218  ti_sysbios_knl_Swi_LM_post__C                                         
0082821c  ti_sysbios_knl_Swi_Module__diagsEnabled__C                            
00828220  ti_sysbios_knl_Swi_Module__diagsIncluded__C                           
00828224  ti_sysbios_knl_Swi_Module__diagsMask__C                               
00828228  ti_sysbios_knl_Swi_Module__loggerFxn1__C                              
0082822c  ti_sysbios_knl_Swi_Module__loggerFxn4__C                              
00828230  ti_sysbios_knl_Swi_Module__loggerObj__C                               
00828234  ti_sysbios_knl_Swi_Object__count__C                                   
00828238  ti_sysbios_knl_Swi_numConstructedSwis__C                              
0082823c  ti_sysbios_knl_Task_A_badPriority__C                                  
00828240  ti_sysbios_knl_Task_A_badTaskState__C                                 
00828244  ti_sysbios_knl_Task_A_badThreadType__C                                
00828248  ti_sysbios_knl_Task_A_badTimeout__C                                   
0082824c  ti_sysbios_knl_Task_A_noPendElem__C                                   
00828250  ti_sysbios_knl_Task_A_sleepTaskDisabled__C                            
00828254  ti_sysbios_knl_Task_A_taskDisabled__C                                 
00828258  ti_sysbios_knl_Task_E_spOutOfBounds__C                                
0082825c  ti_sysbios_knl_Task_E_stackOverflow__C                                
00828260  ti_sysbios_knl_Task_LD_block__C                                       
00828264  ti_sysbios_knl_Task_LD_exit__C                                        
00828268  ti_sysbios_knl_Task_LD_ready__C                                       
0082826c  ti_sysbios_knl_Task_LM_sleep__C                                       
00828270  ti_sysbios_knl_Task_LM_switch__C                                      
00828274  ti_sysbios_knl_Task_Module_State_inactiveQ__O                         
00828278  ti_sysbios_knl_Task_Module__diagsEnabled__C                           
0082827c  ti_sysbios_knl_Task_Module__diagsIncluded__C                          
00828280  ti_sysbios_knl_Task_Module__diagsMask__C                              
00828284  ti_sysbios_knl_Task_Module__loggerFxn2__C                             
00828288  ti_sysbios_knl_Task_Module__loggerFxn4__C                             
0082828c  ti_sysbios_knl_Task_Module__loggerObj__C                              
00828290  ti_sysbios_knl_Task_Object__count__C                                  
00828294  ti_sysbios_knl_Task_allBlockedFunc__C                                 
00828298  ti_sysbios_knl_Task_defaultStackHeap__C                               
0082829c  ti_sysbios_knl_Task_defaultStackSize__C                               
008282a0  ti_sysbios_knl_Task_numConstructedTasks__C                            
008282a4  ti_sysbios_timers_timer64_Timer_A_notAvailable__C                     
008282a8  ti_sysbios_timers_timer64_Timer_E_cannotSupport__C                    
008282ac  ti_sysbios_timers_timer64_Timer_Module__diagsEnabled__C               
008282b0  ti_sysbios_timers_timer64_Timer_Module__diagsIncluded__C              
008282b4  ti_sysbios_timers_timer64_Timer_Module__diagsMask__C                  
008282b8  ti_sysbios_timers_timer64_Timer_anyMaskHigh__C                        
008282bc  ti_sysbios_timers_timer64_Timer_anyMask__C                            
008282c0  ti_sysbios_timers_timer64_Timer_freqDivisor__C                        
008282c4  ti_sysbios_timers_timer64_Timer_numLocalTimers__C                     
008282c8  ti_sysbios_timers_timer64_Timer_numTimerDevices__C                    
008282cc  xdc_runtime_Assert_E_assertFailed__C                                  
008282d0  xdc_runtime_Core_A_initializedParams__C                               
008282d4  xdc_runtime_Core_Module__diagsEnabled__C                              
008282d8  xdc_runtime_Core_Module__diagsIncluded__C                             
008282dc  xdc_runtime_Core_Module__diagsMask__C                                 
008282e0  xdc_runtime_Error_E_memory__C                                         
008282e4  xdc_runtime_Error_Module__diagsEnabled__C                             
008282e8  xdc_runtime_Error_Module__diagsIncluded__C                            
008282ec  xdc_runtime_Error_Module__diagsMask__C                                
008282f0  xdc_runtime_Error_Module__loggerFxn8__C                               
008282f4  xdc_runtime_Error_Module__loggerObj__C                                
008282f8  xdc_runtime_Error_policyFxn__C                                        
008282fc  xdc_runtime_Error_policy__C                                           
00828300  xdc_runtime_Error_raiseHook__C                                        
00828304  xdc_runtime_IFilterLogger_Interface__BASE__C                          
00828308  xdc_runtime_IGateProvider_Interface__BASE__C                          
0082830c  xdc_runtime_IHeap_Interface__BASE__C                                  
00828310  xdc_runtime_ILogger_Interface__BASE__C                                
00828314  xdc_runtime_IModule_Interface__BASE__C                                
00828318  xdc_runtime_Log_L_error__C                                            
0082831c  xdc_runtime_LoggerBuf_E_badLevel__C                                   
00828320  xdc_runtime_LoggerBuf_Module__gateObj__C                              
00828324  xdc_runtime_LoggerBuf_Object__count__C                                
00828328  xdc_runtime_LoggerBuf_statusLogger__C                                 
0082832c  xdc_runtime_Memory_defaultHeapInstance__C                             
00828330  xdc_runtime_Startup_execImpl__C                                       
00828334  xdc_runtime_Startup_maxPasses__C                                      
00828338  xdc_runtime_Startup_sfxnRts__C                                        
0082833c  xdc_runtime_Startup_sfxnTab__C                                        
00828340  xdc_runtime_SysMin_bufSize__C                                         
00828344  xdc_runtime_SysMin_outputFunc__C                                      
00828348  xdc_runtime_System_Module__gateObj__C                                 
0082834c  xdc_runtime_System_abortFxn__C                                        
00828350  xdc_runtime_System_exitFxn__C                                         
00828354  xdc_runtime_System_extendFxn__C                                       
00828358  xdc_runtime_System_maxAtexitHandlers__C                               
0082835c  xdc_runtime_Text_charTab__C                                           
00828360  xdc_runtime_Text_nameEmpty__C                                         
00828364  xdc_runtime_Text_nameStatic__C                                        
00828368  xdc_runtime_Text_nameUnknown__C                                       
0082836c  xdc_runtime_Text_nodeTab__C                                           
00828370  xdc_runtime_Text_visitRopeFxn__C                                      
00828374  ti_sysbios_family_c64p_Hwi_Module__loggerDefined__C                   
00828376  ti_sysbios_family_c66_Cache_Module__id__C                             
00828378  ti_sysbios_family_c66_Cache_registerRTSSynch__C                       
0082837a  ti_sysbios_family_c66_tci66xx_CpIntc_Module__id__C                    
0082837c  ti_sysbios_gates_GateMutex_Module__id__C                              
0082837e  ti_sysbios_hal_Hwi_Module__id__C                                      
00828380  ti_sysbios_heaps_HeapMem_Module__id__C                                
00828382  ti_sysbios_knl_Clock_Module__id__C                                    
00828384  ti_sysbios_knl_Clock_Module__loggerDefined__C                         
00828386  ti_sysbios_knl_Event_Module__id__C                                    
00828388  ti_sysbios_knl_Event_Module__loggerDefined__C                         
0082838a  ti_sysbios_knl_Semaphore_Module__id__C                                
0082838c  ti_sysbios_knl_Semaphore_Module__loggerDefined__C                     
0082838e  ti_sysbios_knl_Swi_Module__id__C                                      
00828390  ti_sysbios_knl_Swi_Module__loggerDefined__C                           
00828392  ti_sysbios_knl_Task_Module__id__C                                     
00828394  ti_sysbios_knl_Task_Module__loggerDefined__C                          
00828396  ti_sysbios_timers_timer64_Timer_Module__id__C                         
00828398  ti_sysbios_timers_timer64_Timer_startupNeeded__C                      
0082839a  ti_sysbios_timers_timer64_Timer_useTimer64pRegMap__C                  
0082839c  xdc_runtime_Core_Module__id__C                                        
0082839e  xdc_runtime_Error_Module__loggerDefined__C                            
008283a0  xdc_runtime_Error_maxDepth__C                                         
008283a2  xdc_runtime_LoggerBuf_Module__id__C                                   
008283a4  xdc_runtime_LoggerBuf_filterByLevel__C                                
008283a6  xdc_runtime_Main_Module__id__C                                        
008283a8  xdc_runtime_Memory_Module__id__C                                      
008283aa  xdc_runtime_SysMin_flushAtExit__C                                     
008283ac  xdc_runtime_Text_charCnt__C                                           
008283ae  xdc_runtime_Text_isLoaded__C                                          
008283b0  xdc_runtime_Text_registryModsLastId__C                                
008283b2  xdc_runtime_Text_unnamedModsLastId__C                                 
008283b8  ti_sysbios_family_c66_tci66xx_CpIntc_Module_State_0_dispatchTab__A    
0082a2c8  ti_sysbios_family_c64p_EventCombiner_Module__state__V                 
0082a6c8  ti_sysbios_timers_timer64_Timer_Module_State_0_device__A              
0082a848  uartInitCfg                                                           
0082a988  ti_sysbios_family_c66_tci66xx_CpIntc_Module_State_0_hostIntToSysInt__A
0082aa58  ti_sysbios_knl_Swi_Module_State_0_readyQ__A                           
0082aad8  ti_sysbios_knl_Task_Module_State_0_readyQ__A                          
0082ab58  ti_sysbios_timers_timer64_Timer_Module_State_0_gctrl__A               
0082abd8  ti_sysbios_timers_timer64_Timer_Module_State_0_handles__A             
0082ac58  ti_sysbios_timers_timer64_Timer_Module_State_0_intFreqs__A            
0082acd8  ti_sysbios_family_c64p_Hwi_Module__state__V                           
0082ad44  _lock                                                                 
0082ad48  ti_sysbios_timers_timer64_Timer_Object__table__V                      
0082ad98  ti_sysbios_knl_Task_Object__table__V                                  
0082ade4  ti_sysbios_knl_Task_Module__state__V                                  
0082ae68  ti_sysbios_gates_GateMutex_Object__table__V                           
0082aea8  ti_sysbios_family_c66_tci66xx_CpIntc_Module_State_0_initSIER__A       
0082aee4  ti_sysbios_family_c64p_Exception_Module__state__V                     
0082af14  _unlock                                                               
0082af18  ti_sysbios_knl_Swi_Object__table__V                                   
0082af48  gOsal_HwAttrs                                                         
0082af74  ti_sysbios_knl_Clock_Module__state__V                                 
0082afa0  ti_sysbios_BIOS_Module__state__V                                      
0082afc4  ti_sysbios_family_c64p_MemoryProtect_Module__state__V                 
0082afc8  xdc_runtime_LoggerBuf_Object__table__V                                
0082afec  xdc_runtime_Error_IgnoreBlock                                         
0082b00c  ti_sysbios_knl_Swi_Module__state__V                                   
0082b028  ti_sysbios_family_c64p_Hwi_Object__table__V                           
0082b040  ti_sysbios_heaps_HeapMem_Object__table__V                             
0082b058  ti_sysbios_timers_timer64_Timer_Module__state__V                      
0082b070  ti_sysbios_family_c64p_MemoryProtect_Module_State_0_controllers__A    
0082b080  ti_sysbios_family_c66_tci66xx_CpIntc_Module__state__V                 
0082b090  xdc_runtime_System_Module_State_0_atexitHandlers__A                   
0082b0a0  __TI_cleanup_ptr                                                      
0082b0a4  __TI_dtors_ptr                                                        
0082b0a8  __TI_enable_exit_profile_output                                       
0082b0ac  xdc_runtime_Memory_Module__state__V                                   
0082b0b0  ti_sysbios_family_c66_tci66xx_CpIntc_Module_State_0_controller__A     
0082b0bc  xdc_runtime_SysMin_Module__state__V                                   
0082b0c8  ti_sysbios_family_c64p_Hwi_Module__root__V                            
0082b0d0  ti_sysbios_gates_GateHwi_Module__root__V                              
0082b0d8  ti_sysbios_gates_GateMutex_Module__root__V                            
0082b0e0  ti_sysbios_hal_Hwi_Object__table__V                                   
0082b0e8  ti_sysbios_heaps_HeapMem_Module__root__V                              
0082b0f0  ti_sysbios_knl_Event_Module__root__V                                  
0082b0f8  ti_sysbios_knl_Queue_Module__root__V                                  
0082b100  ti_sysbios_knl_Semaphore_Module__root__V                              
0082b108  ti_sysbios_knl_Task_Module__root__V                                   
0082b110  xdc_runtime_LoggerBuf_Module__root__V                                 
0082b118  xdc_runtime_Registry_Module__state__V                                 
0082b120  xdc_runtime_Startup_Module__state__V                                  
0082b128  xdc_runtime_System_Module__state__V                                   
0082b130  xdc_runtime_LoggerBuf_Module__state__V                                
0082b136  xdc_runtime_Error_Module__state__V                                    
0082b138  ti_sysbios_gates_GateHwi_Object__table__V                             
0082b140  ti_sysbios_knl_Task_Module_State_0_idleTask__A                        
0082b148  _stack                                                                
0082d148  __TI_STACK_END                                                        
0082d148  ti_sysbios_knl_Task_Instance_State_0_stack__A                         
0082d948  xdc_runtime_SysMin_Module_State_0_outbuf__A                           
0082dd48  UartObjects                                                           
0082df68  xdc_runtime_LoggerBuf_Instance_State_0_entryArr__A                    
0082e168  parmbuf                                                               
0082e170  __CIOBUF_                                                             
0082e2b8  __TI_STATIC_BASE                                                      
0082e2b8  gOsalSemAllocCnt                                                      
0082e2bc  gOsalSemPeak                                                          
0082e2c0  gOsalTimerAllocCnt                                                    
0082e2c4  gOsalTimerPeak                                                        
0082e2c8  gOsalHwiAllocCnt                                                      
0082e2cc  gOsalHwiPeak                                                          
0082e400  ti_sysbios_family_c64p_Hwi0                                           
0082e400  ti_sysbios_family_c64p_Hwi_int0                                       
0082e420  ti_sysbios_family_c64p_Hwi_int1                                       
0082e440  ti_sysbios_family_c64p_Hwi_int2                                       
0082e460  ti_sysbios_family_c64p_Hwi_int3                                       
0082e480  ti_sysbios_family_c64p_Hwi_int4                                       
0082e4a0  ti_sysbios_family_c64p_Hwi_int5                                       
0082e4c0  ti_sysbios_family_c64p_Hwi_int6                                       
0082e4e0  ti_sysbios_family_c64p_Hwi_int7                                       
0082e500  ti_sysbios_family_c64p_Hwi_int8                                       
0082e520  ti_sysbios_family_c64p_Hwi_int9                                       
0082e540  ti_sysbios_family_c64p_Hwi_int10                                      
0082e560  ti_sysbios_family_c64p_Hwi_int11                                      
0082e580  ti_sysbios_family_c64p_Hwi_int12                                      
0082e5a0  ti_sysbios_family_c64p_Hwi_int13                                      
0082e5c0  ti_sysbios_family_c64p_Hwi_int14                                      
0082e5e0  ti_sysbios_family_c64p_Hwi_int15                                      
0082feb0  __TI_Handler_Table_Base                                               
0082feb8  __TI_CINIT_Base                                                       
0082feb8  __TI_Handler_Table_Limit                                              
0082fee0  __TI_CINIT_Limit                                                      
ffffffff  __TI_pprof_out_hndl                                                   
ffffffff  __TI_prof_data_size                                                   
ffffffff  __TI_prof_data_start                                                  
ffffffff  __binit__                                                             
ffffffff  __c_args__                                                            
ffffffff  binit                                                                 
UNDEFED   __TI_INITARRAY_Base                                                   
UNDEFED   __TI_INITARRAY_Limit                                                  
UNDEFED   __TI_TLS_INIT_Base                                                    
UNDEFED   __TI_TLS_INIT_Limit                                                   

[841 symbols]
