******************************************************************************
               TMS320C6x Linker Unix v8.2.2                    
******************************************************************************
>> Linked Mon Apr 16 19:38:32 2018

OUTPUT FILE NAME:   <ti-rtos-uart-test.out>
ENTRY POINT SYMBOL: "_c_int00"  address: 00810180


MEMORY CONFIGURATION

         name            origin    length      used     unused   attr    fill
----------------------  --------  ---------  --------  --------  ----  --------
  L2SRAM                00800000   00080000  000304a0  0004fb60  RW X
  MSMCSRAM              0c000000   00200000  00000000  00200000  RW X
  DDR3                  80000000   80000000  00000000  80000000  RWIX


SEGMENT ALLOCATION MAP

run origin  load origin   length   init length attrs members
----------  ----------- ---------- ----------- ----- -------
00800000    00800000    000156e0   000156e0    r-x
  00800000    00800000    000156e0   000156e0    r-x .text
008156e0    008156e0    00010000   00000000    rw-
  008156e0    008156e0    00010000   00000000    rw- .heap
008256e0    008256e0    00003344   00003344    r--
  008256e0    008256e0    00003344   00003344    r-- .const
00828a28    00828a28    00005db8   00000000    rw-
  00828a28    00828a28    00002d8c   00000000    rw- .fardata
  0082b7b8    0082b7b8    00002000   00000000    rw- .stack
  0082d7b8    0082d7b8    00001028   00000000    rw- .far
0082e7e0    0082e7e0    00000014   00000014    r--
  0082e7e0    0082e7e0    00000014   00000014    r-- .switch.1
0082e800    0082e800    00000200   00000200    r-x
  0082e800    0082e800    00000200   00000200    r-x .vecs
0082ea00    0082ea00    00000120   00000000    rw-
  0082ea00    0082ea00    00000120   00000000    rw- .cio
0082eb20    0082eb20    00000010   00000010    r--
  0082eb20    0082eb20    00000010   00000010    r-- .switch.2
0082eb30    0082eb30    00000018   00000000    rw-
  0082eb30    0082eb30    00000018   00000000    rw- .neardata
0082eb48    0082eb48    0000000c   00000000    r--
  0082eb48    0082eb48    0000000c   00000000    r-- .rodata
0082eb58    0082eb58    00001960   00001960    r--
  0082eb58    0082eb58    00001960   00001960    r-- .cinit


SECTION ALLOCATION MAP

 output                                  attributes/
section   page    origin      length       input sections
--------  ----  ----------  ----------   ----------------
.stack     0    0082b7b8    00002000     UNINITIALIZED
                  0082b7b8    00000008     boot.ae66 : boot.oe66 (.stack)
                  0082b7c0    00001ff8     --HOLE--

.bss       0    0082eb30    00000000     UNINITIALIZED

.neardata 
*          0    0082eb30    00000018     UNINITIALIZED
                  0082eb30    00000018     ti.osal.ae66 : Utils_tirtos.oe66 (.neardata)

.rodata    0    0082eb48    0000000c     UNINITIALIZED
                  0082eb48    00000008     float_buffer.obj (.rodata)
                  0082eb50    00000004     main.obj (.rodata)

.cinit     0    0082eb58    00001960     
                  0082eb58    000018fa     (.cinit..fardata.load) [load image, compression = rle]
                  00830452    00000012     (.cinit..rodata.load) [load image, compression = rle]
                  00830464    0000000d     (.cinit..heap.load) [load image, compression = rle]
                  00830471    0000000b     (.cinit..far.load) [load image, compression = rle]
                  0083047c    00000009     (.cinit..neardata.load) [load image, compression = rle]
                  00830485    00000003     --HOLE-- [fill = 0]
                  00830488    00000008     (__TI_handler_table)
                  00830490    00000028     (__TI_cinit_table)

.init_array 
*          0    00800000    00000000     UNINITIALIZED

.heap      0    008156e0    00010000     UNINITIALIZED
                  008156e0    00010000     app_pe66.oe66 (.heap)

.far       0    0082d7b8    00001028     UNINITIALIZED
                  0082d7b8    00000800     app_pe66.oe66 (.far:taskStackSection)
                  0082dfb8    00000400     (.common:xdc_runtime_SysMin_Module_State_0_outbuf__A)
                  0082e3b8    00000220     (.common:UartObjects)
                  0082e5d8    00000200     (.common:xdc_runtime_LoggerBuf_Instance_State_0_entryArr__A)
                  0082e7d8    00000008     (.common:parmbuf)

.vecs      0    0082e800    00000200     
                  0082e800    00000200     app_pe66.oe66 (.vecs)

xdc.meta   0    00800000    000000f0     COPY SECTION
                  00800000    000000f0     app_pe66.oe66 (xdc.meta)

.text      0    00800000    000156e0     
                  00800000    000008a0     ti.targets.rts6000.ae66 : System.oe66 (.text:xdc_runtime_System_doPrint__I)
                  008008a0    000007c0     sysbios.ae66 : BIOS.obj (.text:ti_sysbios_knl_Event_pend__E)
                  00801060    00000780                  : BIOS.obj (.text:ti_sysbios_family_c64p_Exception_handler__I)
                  008017e0    000006e0                  : BIOS.obj (.text:ti_sysbios_heaps_HeapMem_freeUnprotected__E)
                  00801ec0    000006c0     ti.drv.uart.ae66 : UART_v0.oe66 (.text:UART_v0_hwiIntFxn$0)
                  00802580    000006c0     sysbios.ae66 : BIOS.obj (.text:ti_sysbios_knl_Semaphore_pend__E)
                  00802c40    00000620     main.obj (.text)
                  00803260    00000600     rts6600_elf.lib : divd.obj (.text:__c6xabi_divd)
                  00803860    000005c0     float_buffer.obj (.text)
                  00803e20    000005a0     sysbios.ae66 : BIOS.obj (.text:ti_sysbios_heaps_HeapMem_allocUnprotected__E)
                  008043c0    000005a0                  : BIOS.obj (.text:ti_sysbios_knl_Task_Instance_init__E)
                  00804960    00000580                  : BIOS.obj (.text:ti_sysbios_knl_Task_Instance_finalize__E)
                  00804ee0    000004e0                  : BIOS.obj (.text:ti_sysbios_timers_timer64_Timer_Module_startup__E)
                  008053c0    00000480     dsplib.ae66 : DSPF_sp_fftSPxSP.oe66 (.text:optimized)
                  00805840    00000460     sysbios.ae66 : BIOS.obj (.text:ti_sysbios_timers_timer64_Timer_deviceConfig__I)
                  00805ca0    00000440     ti.drv.uart.ae66 : UART_v0.oe66 (.text:UART_open_v0$0)
                  008060e0    00000440     sysbios.ae66 : BIOS.obj (.text:ti_sysbios_knl_Task_sleep__E)
                  00806520    00000420     ti.drv.uart.ae66 : UART_v0.oe66 (.text:UART_write2_v0$0)
                  00806940    00000400                      : UART_v0.oe66 (.text:UART_read2_v0$0)
                  00806d40    000003c0     sysbios.ae66 : BIOS.obj (.text:ti_sysbios_heaps_HeapMem_Instance_init__E)
                  00807100    00000320                  : BIOS.obj (.text:ti_sysbios_knl_Event_post__E)
                  00807420    000002e0                  : BIOS.obj (.text:Timer_getNextAvailableTimerId)
                  00807700    000002e0                  : BIOS.obj (.text:ti_sysbios_knl_Semaphore_post__E)
                  008079e0    000002c0     ti.targets.rts6000.ae66 : LoggerBuf.oe66 (.text:xdc_runtime_LoggerBuf_write8__E)
                  00807ca0    000002a0     sysbios.ae66 : BIOS.obj (.text:ti_sysbios_family_c64p_Hwi_dispatchCore__I)
                  00807f40    000002a0                  : BIOS.obj (.text:ti_sysbios_knl_Clock_workFunc__E)
                  008081e0    000002a0                  : BIOS.obj (.text:ti_sysbios_knl_Swi_run__I)
                  00808480    00000280     rts6600_elf.lib : divf.obj (.text:__c6xabi_divf)
                  00808700    00000280     buffer.obj (.text)
                  00808980    00000260     sysbios.ae66 : BIOS.obj (.text:ti_sysbios_timers_timer64_Timer_start__E)
                  00808be0    00000260     ti.targets.rts6000.ae66 : Startup.oe66 (.text:xdc_runtime_Startup_startMods__I)
                  00808e40    00000240     rts6600_elf.lib : imath64.obj (.text:__c6xabi_divull)
                  00809080    00000240     sysbios.ae66 : BIOS.obj (.text:ti_sysbios_family_c64p_EventCombiner_dispatch__E)
                  008092c0    00000240                  : BIOS.obj (.text:ti_sysbios_timers_timer64_Timer_setPeriodMicroSecs__E)
                  00809500    00000240     ti.targets.rts6000.ae66 : Core-mem.oe66 (.text:xdc_runtime_Core_createObject__I)
                  00809740    00000240     app_pe66.oe66 (.text:xdc_runtime_System_printfExtend__I)
                  00809980    00000200     ti.osal.ae66 : SemaphoreP_tirtos.oe66 (.text:SemaphoreP_create)
                  00809b80    00000200     ti.drv.uart.ae66 : UART_v0.oe66 (.text:UART_readPolling_v0$0)
                  00809d80    00000200     sysbios.ae66 : c64p_Hwi_disp_always.obj (.text:_ti_sysbios_family_c64p_Hwi_dispatchAlways)
                  00809f80    00000200                  : BIOS.obj (.text:ti_sysbios_family_c66_Cache_block__I)
                  0080a180    00000200                  : BIOS.obj (.text:ti_sysbios_family_c66_tci66xx_CpIntc_dispatch__E)
                  0080a380    00000200     uart_synchronizer.obj (.text)
                  0080a580    00000200     ti.targets.rts6000.ae66 : Error.oe66 (.text:xdc_runtime_Error_policyDefault__E)
                  0080a780    000001e0     ti.osal.ae66 : HwiP_tirtos.oe66 (.text:HwiP_create)
                  0080a960    000001e0     sysbios.ae66 : BIOS.obj (.text:ti_sysbios_knl_Task_schedule__I)
                  0080ab40    000001e0                  : BIOS.obj (.text:ti_sysbios_knl_Task_startCore__E)
                  0080ad20    000001e0     ti.targets.rts6000.ae66 : LoggerBuf.oe66 (.text:xdc_runtime_LoggerBuf_write4__E)
                  0080af00    000001e0                             : Text.oe66 (.text:xdc_runtime_Text_putSite__E)
                  0080b0e0    000001c0     sysbios.ae66 : BIOS.obj (.text:ti_sysbios_family_c64p_EventCombiner_dispatchPlug__E)
                  0080b2a0    000001c0                  : BIOS.obj (.text:ti_sysbios_family_c64p_Hwi_reconfig__E)
                  0080b460    000001c0                  : BIOS.obj (.text:ti_sysbios_knl_Semaphore_Instance_init__E)
                  0080b620    000001a0     dsplib.ae66 : DSPF_sp_vecsum_sq.oe66 (.text:optimized)
                  0080b7c0    000001a0     sysbios.ae66 : BIOS.obj (.text:ti_sysbios_family_c66_tci66xx_CpIntc_Module_startup__E)
                  0080b960    000001a0                  : BIOS.obj (.text:ti_sysbios_gates_GateMutex_enter__E)
                  0080bb00    000001a0                  : BIOS.obj (.text:ti_sysbios_timers_timer64_Timer_getFreq__E)
                  0080bca0    000001a0     ti.targets.rts6000.ae66 : Core-smem.oe66 (.text:xdc_runtime_Core_constructObject__I)
                  0080be40    00000180     mathlib.ae66 : cosdp.oe66 (.text:optci)
                  0080bfc0    00000180     sysbios.ae66 : c64p_Exception_asm.obj (.text)
                  0080c140    00000180                  : BIOS.obj (.text:ti_sysbios_family_c64p_Exception_internalHandler__I)
                  0080c2c0    00000180                  : BIOS.obj (.text:ti_sysbios_knl_Swi_post__E)
                  0080c440    00000180                  : BIOS.obj (.text:ti_sysbios_knl_Task_blockI__E)
                  0080c5c0    00000180                  : BIOS.obj (.text:ti_sysbios_knl_Task_checkStacks__E)
                  0080c740    00000160     ti.osal.ae66 : RegisterIntr_tirtos.oe66 (.text:Osal_RegisterInterrupt)
                  0080c8a0    00000160     mathlib.ae66 : sindp.oe66 (.text:optci)
                  0080ca00    00000160     sysbios.ae66 : BIOS.obj (.text:ti_sysbios_knl_Task_unblockI__E)
                  0080cb60    00000160                  : BIOS.obj (.text:ti_sysbios_timers_timer64_Timer_initDevice__I)
                  0080ccc0    00000160     ti.targets.rts6000.ae66 : Text.oe66 (.text:xdc_runtime_Text_putMod__E)
                  0080ce20    00000140     sysbios.ae66 : BIOS.obj (.text:ti_sysbios_family_c64p_Hwi_Module_startup__E)
                  0080cf60    00000140                  : BIOS.obj (.text:ti_sysbios_knl_Swi_restoreHwi__E)
                  0080d0a0    00000140                  : BIOS.obj (.text:ti_sysbios_knl_Task_exit__E)
                  0080d1e0    00000140     utils.obj (.text)
                  0080d320    00000140     ti.targets.rts6000.ae66 : Core-mem.oe66 (.text:xdc_runtime_Core_deleteObject__I)
                  0080d460    00000140                             : LoggerBuf.oe66 (.text:xdc_runtime_LoggerBuf_setFilterLevel__E)
                  0080d5a0    00000140                             : Text.oe66 (.text:xdc_runtime_Text_putLab__E)
                  0080d6e0    00000120     boot.ae66 : autoinit.oe66 (.text:_auto_init_elf)
                  0080d800    00000120     sysbios.ae66 : BIOS.obj (.text:ti_sysbios_family_c64p_Hwi_Instance_init__E)
                  0080d920    00000120                  : BIOS.obj (.text:ti_sysbios_family_c66_Cache_getL2InitSize__I)
                  0080da40    00000120                  : BIOS.obj (.text:ti_sysbios_knl_Task_postInit__I)
                  0080db60    00000120     ti.targets.rts6000.ae66 : LoggerBuf.oe66 (.text:xdc_runtime_LoggerBuf_getFilterLevel__E)
                  0080dc80    00000100     ti.osal.ae66 : EventCombinerP_tirtos.oe66 (.text:EventCombinerP_GroupRegisterInt)
                  0080dd80    00000100     ti.drv.uart.ae66 : UART_v0.oe66 (.text:UART_writePolling_v0$0)
                  0080de80    00000100     rts6600_elf.lib : copy_decompress_rle.obj (.text:__TI_decompress_rle_core)
                  0080df80    00000100     sysbios.ae66 : BIOS.obj (.text:ti_sysbios_family_c64p_Hwi_Instance_finalize__E)
                  0080e080    00000100     ti.targets.rts6000.ae66 : Error.oe66 (.text:xdc_runtime_Error_print__E)
                  0080e180    00000100                             : Memory.oe66 (.text:xdc_runtime_Memory_alloc__E)
                  0080e280    00000100                             : Startup.oe66 (.text:xdc_runtime_Startup_exec__E)
                  0080e380    000000e0     rts6600_elf.lib : hostwrite.obj (.text:HOSTwrite)
                  0080e460    000000e0     ti.drv.uart.ae66 : UART_v0.oe66 (.text:UART_close_v0$0)
                  0080e540    000000e0                      : UART_v0.oe66 (.text:UART_read_v0$0)
                  0080e620    000000e0                      : UART_v0.oe66 (.text:UART_write_v0$0)
                  0080e700    000000e0     rts6600_elf.lib : exit.obj (.text:exit)
                  0080e7e0    000000e0                     : memset.obj (.text:memset)
                  0080e8c0    000000e0     sysbios.ae66 : BIOS.obj (.text:ti_sysbios_family_c66_Cache_getL1DInitSize__I)
                  0080e9a0    000000e0                  : BIOS.obj (.text:ti_sysbios_family_c66_Cache_getL1PInitSize__I)
                  0080ea80    000000e0                  : BIOS.obj (.text:ti_sysbios_family_c66_tci66xx_CpIntc_mapSysIntToHostInt__E)
                  0080eb60    000000e0                  : BIOS.obj (.text:ti_sysbios_heaps_HeapMem_getStats__E)
                  0080ec40    000000e0                  : BIOS.obj (.text:ti_sysbios_knl_Clock_logTick__E)
                  0080ed20    000000e0                  : BIOS.obj (.text:ti_sysbios_knl_Swi_Module_startup__E)
                  0080ee00    000000e0                  : BIOS.obj (.text:ti_sysbios_knl_Swi_runLoop__I)
                  0080eee0    000000e0                  : BIOS.obj (.text:ti_sysbios_knl_Swi_schedule__I)
                  0080efc0    000000e0                  : BIOS.obj (.text:ti_sysbios_knl_Task_Module_startup__E)
                  0080f0a0    000000e0                  : BIOS.obj (.text:ti_sysbios_timers_timer64_Timer_stop__E)
                  0080f180    000000e0     ti.targets.rts6000.ae66 : Text.oe66 (.text:xdc_runtime_Text_visitRope2__I)
                  0080f260    000000c0     ti.osal.ae66 : Utils_tirtos.oe66 (.text:Osal_delay)
                  0080f320    000000c0     ti.drv.uart.ae66 : UART_v0.oe66 (.text:UART_charPut$0)
                  0080f3e0    000000c0                      : UART_v0.oe66 (.text:UART_readCancelNoCB$0)
                  0080f4a0    000000c0     rts6600_elf.lib : divu.obj (.text:__divu)
                  0080f560    000000c0                     : memmov.obj (.text:memmove)
                  0080f620    000000c0     sysbios.ae66 : BIOS.obj (.text:ti_sysbios_family_c64p_Hwi_eventMap__E)
                  0080f6e0    000000c0                  : BIOS.obj (.text:ti_sysbios_family_c64p_Hwi_getStackInfo__E)
                  0080f7a0    000000c0                  : BIOS.obj (.text:ti_sysbios_heaps_HeapMem_alloc__E)
                  0080f860    000000c0                  : BIOS.obj (.text:ti_sysbios_knl_Task_allBlockedFunction__I)
                  0080f920    000000c0     app_pe66.oe66 (.text:ti_sysbios_knl_Task_create)
                  0080f9e0    000000c0     rts6600_elf.lib : tls.obj (.text:tls:init:__TI_tls_init)
                  0080faa0    000000c0     ti.targets.rts6000.ae66 : Assert.oe66 (.text:xdc_runtime_Assert_raise__I)
                  0080fb60    000000c0                             : Error.oe66 (.text:xdc_runtime_Error_setX__E)
                  0080fc20    000000c0     app_pe66.oe66 (.text:xdc_runtime_LoggerBuf_Object__create__S)
                  0080fce0    000000c0     ti.targets.rts6000.ae66 : SysMin.oe66 (.text:xdc_runtime_SysMin_abort__E)
                  0080fda0    000000c0                             : SysMin.oe66 (.text:xdc_runtime_SysMin_flush__E)
                  0080fe60    000000a0     ti.osal.ae66 : RegisterIntr_tirtos.oe66 (.text:Osal_DeleteInterrupt)
                  0080ff00    000000a0     ti.drv.uart.ae66 : UART_v0.oe66 (.text:UART_v0_callback$0)
                  0080ffa0    000000a0                      : UART_v0.oe66 (.text:UART_writeCancelNoCB$0)
                  00810040    000000a0     rts6600_elf.lib : round.obj (.text:__c6xabi_nround)
                  008100e0    000000a0                     : remu.obj (.text:__remu)
                  00810180    000000a0     boot.ae66 : boot.oe66 (.text:_c_int00)
                  00810220    000000a0     sysbios.ae66 : c64p_Hwi_asm.obj (.text:_ti_sysbios_family_c64p_Hwi_plug__E)
                  008102c0    000000a0     rts6600_elf.lib : memcpy64.obj (.text:memcpy)
                  00810360    000000a0                     : modf.obj (.text:modf)
                  00810400    000000a0     sysbios.ae66 : BIOS.obj (.text:ti_sysbios_family_c62_TaskSupport_start__E)
                  008104a0    000000a0                  : BIOS.obj (.text:ti_sysbios_family_c64p_Exception_Module_startup__E)
                  00810540    000000a0     app_pe66.oe66 (.text:ti_sysbios_family_c64p_Hwi_construct)
                  008105e0    000000a0     sysbios.ae66 : BIOS.obj (.text:ti_sysbios_family_c64p_MemoryProtect_Module_startup__E)
                  00810680    000000a0                  : BIOS.obj (.text:ti_sysbios_family_c66_Cache_all__I)
                  00810720    000000a0                  : BIOS.obj (.text:ti_sysbios_family_c66_Cache_startup__I)
                  008107c0    000000a0                  : BIOS.obj (.text:ti_sysbios_family_c66_tci66xx_CpIntc_dispatchPlug__E)
                  00810860    000000a0                  : BIOS.obj (.text:ti_sysbios_family_c66_tci66xx_CpIntc_getEventId__E)
                  00810900    000000a0                  : BIOS.obj (.text:ti_sysbios_heaps_HeapMem_init__I)
                  008109a0    000000a0                  : BIOS.obj (.text:ti_sysbios_timers_timer64_Timer_startup__E)
                  00810a40    000000a0     ti.targets.rts6000.ae66 : Core-params.oe66 (.text:xdc_runtime_Core_assignParams__I)
                  00810ae0    000000a0                             : SysMin.oe66 (.text:xdc_runtime_SysMin_putch__E)
                  00810b80    000000a0                             : System.oe66 (.text:xdc_runtime_System_formatNum__I)
                  00810c20    000000a0                             : System.oe66 (.text:xdc_runtime_System_putchar__I)
                  00810cc0    000000a0                             : Text.oe66 (.text:xdc_runtime_Text_printVisFxn__I)
                  00810d60    000000a0                             : Text.oe66 (.text:xdc_runtime_Text_xprintf__I)
                  00810e00    00000080     ti.osal.ae66 : EventCombinerP_tirtos.oe66 (.text:EventCombinerP_getHwi)
                  00810e80    00000080                  : MuxIntcP_tirtos.oe66 (.text:MuxIntcP_create)
                  00810f00    00000080     ti.csl.ae66 : uart.oe66 (.text:UART_charPut_v0)
                  00810f80    00000080     rts6600_elf.lib : trgmsg.obj (.text:__TI_readmsg)
                  00811000    00000080                     : llshift.obj (.text:__c6xabi_llshl)
                  00811080    00000080     sysbios.ae66 : c62_TaskSupport_asm.obj (.text:_ti_sysbios_family_c62_TaskSupport_swap__E)
                  00811100    00000080     mathlib.ae66 : sqrtsp.oe66 (.text:optci)
                  00811180    00000080     app_pe66.oe66 (.text:ti_sysbios_BIOS_atExitFunc__I)
                  00811200    00000080     app_pe66.oe66 (.text:ti_sysbios_BIOS_registerRTSLock__I)
                  00811280    00000080     sysbios.ae66 : BIOS.obj (.text:ti_sysbios_family_c64p_EventCombiner_Module_startup__E)
                  00811300    00000080                  : BIOS.obj (.text:ti_sysbios_family_c64p_EventCombiner_disableEvent__E)
                  00811380    00000080                  : BIOS.obj (.text:ti_sysbios_family_c64p_EventCombiner_enableEvent__E)
                  00811400    00000080                  : BIOS.obj (.text:ti_sysbios_family_c64p_Hwi_getEventId__E)
                  00811480    00000080                  : BIOS.obj (.text:ti_sysbios_family_c66_Cache_setMar__E)
                  00811500    00000080                  : BIOS.obj (.text:ti_sysbios_family_c66_Cache_setSize__E)
                  00811580    00000080     app_pe66.oe66 (.text:ti_sysbios_gates_GateHwi_Object__create__S)
                  00811600    00000080     app_pe66.oe66 (.text:ti_sysbios_gates_GateMutex_Object__create__S)
                  00811680    00000080     sysbios.ae66 : BIOS.obj (.text:ti_sysbios_hal_Hwi_checkStack)
                  00811700    00000080     app_pe66.oe66 (.text:ti_sysbios_heaps_HeapMem_Object__create__S)
                  00811780    00000080     app_pe66.oe66 (.text:ti_sysbios_knl_Clock_doTick__I)
                  00811800    00000080     sysbios.ae66 : BIOS.obj (.text:ti_sysbios_knl_Event_checkEvents__I)
                  00811880    00000080     app_pe66.oe66 (.text:ti_sysbios_knl_Event_create)
                  00811900    00000080     sysbios.ae66 : BIOS.obj (.text:ti_sysbios_knl_Idle_run__E)
                  00811980    00000080     app_pe66.oe66 (.text:ti_sysbios_knl_Semaphore_create)
                  00811a00    00000080     sysbios.ae66 : BIOS.obj (.text:ti_sysbios_knl_Swi_restore__E)
                  00811a80    00000080     ti.targets.rts6000.ae66 : Core-label.oe66 (.text:xdc_runtime_Core_assignLabel__I)
                  00811b00    00000080                             : LoggerBuf.oe66 (.text:xdc_runtime_LoggerBuf_Instance_init__E)
                  00811b80    00000080                             : LoggerBuf.oe66 (.text:xdc_runtime_LoggerBuf_Module_startup__E)
                  00811c00    00000080                             : LoggerBuf.oe66 (.text:xdc_runtime_LoggerBuf_filterOutEvent__I)
                  00811c80    00000080     app_pe66.oe66 (.text:xdc_runtime_SysMin_output__I)
                  00811d00    00000080     ti.targets.rts6000.ae66 : System.oe66 (.text:xdc_runtime_System_atexit__E)
                  00811d80    00000080                             : System.oe66 (.text:xdc_runtime_System_avprintf__E)
                  00811e00    00000080                             : System.oe66 (.text:xdc_runtime_System_processAtExit__E)
                  00811e80    00000080                             : System.oe66 (.text:xdc_runtime_System_vprintf__E)
                  00811f00    00000060     ti.osal.ae66 : HwiP_tirtos.oe66 (.text:HwiP_delete)
                  00811f60    00000060                  : Utils_tirtos.oe66 (.text:Osal_getHwAttrs)
                  00811fc0    00000060                  : SemaphoreP_tirtos.oe66 (.text:SemaphoreP_delete)
                  00812020    00000060                  : SemaphoreP_tirtos.oe66 (.text:SemaphoreP_pend)
                  00812080    00000060     ti.csl.ae66 : uart.oe66 (.text:UART_divisorLatchWrite_v0)
                  008120e0    00000060                 : uart.oe66 (.text:UART_fifoWait_v0)
                  00812140    00000060                 : uart.oe66 (.text:UART_lineCharacConfig_v0)
                  008121a0    00000060     ti.drv.uart.ae66 : UART_v0.oe66 (.text:UART_readCancel_v0$0)
                  00812200    00000060                      : UART_v0.oe66 (.text:UART_writeCancel_v0$0)
                  00812260    00000060     rts6600_elf.lib : frcmpyd_div.obj (.text:__TI_frcmpyd_div)
                  008122c0    00000060                     : trgmsg.obj (.text:__TI_writemsg)
                  00812320    00000060                     : llshift.obj (.text:__c6xabi_llshru)
                  00812380    00000060     float_buffer.obj (.text:__c99_cdouble_to_cfloat)
                  008123e0    00000060     sysbios.ae66 : c64p_Hwi_asm_switch.obj (.text:_ti_sysbios_family_c64p_Hwi_switchAndDispatch__I)
                  00812440    00000060                  : c64p_Hwi_asm_switch.obj (.text:_ti_sysbios_family_xxx_Hwi_switchAndRunFunc)
                  008124a0    00000060     app_pe66.oe66 (.text:ti_sysbios_BIOS_errorRaiseHook__I)
                  00812500    00000060     app_pe66.oe66 (.text:ti_sysbios_BIOS_removeRTSLock__I)
                  00812560    00000060     app_pe66.oe66 (.text:ti_sysbios_BIOS_startFunc__I)
                  008125c0    00000060     sysbios.ae66 : BIOS.obj (.text:ti_sysbios_family_c64p_EventCombiner_unused__E)
                  00812620    00000060                  : BIOS.obj (.text:ti_sysbios_family_c64p_Exception_nmiHandler__I)
                  00812680    00000060                  : BIOS.obj (.text:ti_sysbios_family_c64p_Hwi_disableIER__E)
                  008126e0    00000060                  : BIOS.obj (.text:ti_sysbios_family_c64p_Hwi_enableIER__E)
                  00812740    00000060                  : BIOS.obj (.text:ti_sysbios_family_c66_tci66xx_CpIntc_unused__E)
                  008127a0    00000060     app_pe66.oe66 (.text:ti_sysbios_gates_GateMutex_Object__delete__S)
                  00812800    00000060     sysbios.ae66 : BIOS.obj (.text:ti_sysbios_hal_Hwi_initStack)
                  00812860    00000060                  : BIOS.obj (.text:ti_sysbios_heaps_HeapMem_free__E)
                  008128c0    00000060                  : BIOS.obj (.text:ti_sysbios_knl_Clock_addI__E)
                  00812920    00000060                  : BIOS.obj (.text:ti_sysbios_knl_Event_pendTimeout__I)
                  00812980    00000060     app_pe66.oe66 (.text:ti_sysbios_knl_Queue_construct)
                  008129e0    00000060     sysbios.ae66 : BIOS.obj (.text:ti_sysbios_knl_Queue_put__E)
                  00812a40    00000060     app_pe66.oe66 (.text:ti_sysbios_knl_Semaphore_Object__delete__S)
                  00812aa0    00000060     app_pe66.oe66 (.text:ti_sysbios_knl_Semaphore_construct)
                  00812b00    00000060     sysbios.ae66 : BIOS.obj (.text:ti_sysbios_knl_Semaphore_pendTimeout__I)
                  00812b60    00000060     app_pe66.oe66 (.text:ti_sysbios_knl_Task_Object__delete__S)
                  00812bc0    00000060     sysbios.ae66 : BIOS.obj (.text:ti_sysbios_knl_Task_getMode__E)
                  00812c20    00000060                  : BIOS.obj (.text:ti_sysbios_knl_Task_processVitalTaskFlag__I)
                  00812c80    00000060                  : BIOS.obj (.text:ti_sysbios_knl_Task_restore__E)
                  00812ce0    00000060                  : BIOS.obj (.text:ti_sysbios_knl_Task_sleepTimeout__I)
                  00812d40    00000060     app_pe66.oe66 (.text:xdc_runtime_LoggerBuf_Object__delete__S)
                  00812da0    00000060     ti.targets.rts6000.ae66 : LoggerBuf.oe66 (.text:xdc_runtime_LoggerBuf_reset__E)
                  00812e00    00000060                             : Memory.oe66 (.text:xdc_runtime_Memory_valloc__E)
                  00812e60    00000060                             : Text.oe66 (.text:xdc_runtime_Text_cordText__E)
                  00812ec0    00000040     ti.osal.ae66 : RegisterIntr_tirtos.oe66 (.text:Osal_RegisterInterrupt_initParams)
                  00812f00    00000040                  : SemaphoreP_tirtos.oe66 (.text:SemaphoreP_Params_init)
                  00812f40    00000040                  : SemaphoreP_tirtos.oe66 (.text:SemaphoreP_post)
                  00812f80    00000040     ti.csl.ae66 : uart.oe66 (.text:UART_breakCtl_v0)
                  00812fc0    00000040                 : uart.oe66 (.text:UART_charGetNonBlocking_v0)
                  00813000    00000040                 : uart.oe66 (.text:UART_divisorValCompute_v0)
                  00813040    00000040                 : uart.oe66 (.text:UART_fIFOConfig_v0)
                  00813080    00000040                 : uart.oe66 (.text:UART_fIFORegisterWrite_v0)
                  008130c0    00000040                 : uart.oe66 (.text:UART_intDisable_v0)
                  00813100    00000040                 : uart.oe66 (.text:UART_intEnable_v0)
                  00813140    00000040                 : uart.oe66 (.text:UART_intIdentityGet_v0)
                  00813180    00000040                 : uart.oe66 (.text:UART_loopbackModeControl_v0)
                  008131c0    00000040     ti.drv.uart.ae66 : UART_drv.oe66 (.text:UART_open)
                  00813200    00000040     ti.csl.ae66 : uart.oe66 (.text:UART_readLineStatus_v0)
                  00813240    00000040     ti.osal.ae66 : Utils_tirtos.oe66 (.text:_DebugP_assert)
                  00813280    00000040     rts6600_elf.lib : strasg.obj (.text:__strasgi_64plus)
                  008132c0    00000040                     : args_main.obj (.text:_args_main)
                  00813300    00000040                     : imath64.obj (.text:_subcull)
                  00813340    00000040     sysbios.ae66 : c62_TaskSupport_asm.obj (.text:_ti_sysbios_family_c62_TaskSupport_buildTaskStack)
                  00813380    00000040     rts6600_elf.lib : strlen.obj (.text:strlen)
                  008133c0    00000040     app_pe66.oe66 (.text:ti_sysbios_BIOS_exitFunc__I)
                  00813400    00000040     sysbios.ae66 : BIOS.obj (.text:ti_sysbios_BIOS_getCpuFreq__E)
                  00813440    00000040     app_pe66.oe66 (.text:ti_sysbios_BIOS_rtsLock__I)
                  00813480    00000040     app_pe66.oe66 (.text:ti_sysbios_BIOS_rtsUnlock__I)
                  008134c0    00000040     sysbios.ae66 : BIOS.obj (.text:ti_sysbios_BIOS_setThreadType__E)
                  00813500    00000040                  : BIOS.obj (.text:ti_sysbios_family_c62_TaskSupport_checkStack__E)
                  00813540    00000040                  : BIOS.obj (.text:ti_sysbios_family_c64p_Exception_externalHandler__I)
                  00813580    00000040                  : BIOS.obj (.text:ti_sysbios_family_c64p_Hwi_clearInterrupt__E)
                  008135c0    00000040     app_pe66.oe66 (.text:ti_sysbios_family_c64p_Hwi_destruct)
                  00813600    00000040     sysbios.ae66 : BIOS.obj (.text:ti_sysbios_family_c64p_Hwi_disableInterrupt__E)
                  00813640    00000040                  : BIOS.obj (.text:ti_sysbios_family_c64p_Hwi_dispatchC__I)
                  00813680    00000040                  : BIOS.obj (.text:ti_sysbios_family_c64p_Hwi_enableInterrupt__E)
                  008136c0    00000040                  : BIOS.obj (.text:ti_sysbios_family_c64p_Hwi_getFunc__E)
                  00813700    00000040                  : BIOS.obj (.text:ti_sysbios_family_c64p_Hwi_getHandle__E)
                  00813740    00000040                  : BIOS.obj (.text:ti_sysbios_family_c64p_Hwi_getIsrStackAddress__I)
                  00813780    00000040                  : BIOS.obj (.text:ti_sysbios_family_c64p_TimestampProvider_get64__E)
                  008137c0    00000040                  : BIOS.obj (.text:ti_sysbios_family_c66_Cache_Module_startup__E)
                  00813800    00000040                  : BIOS.obj (.text:ti_sysbios_family_c66_Cache_RTSSynchInv__I)
                  00813840    00000040                  : BIOS.obj (.text:ti_sysbios_family_c66_Cache_RTSSynchWbInv__I)
                  00813880    00000040                  : BIOS.obj (.text:ti_sysbios_family_c66_Cache_RTSSynchWb__I)
                  008138c0    00000040                  : BIOS.obj (.text:ti_sysbios_family_c66_Cache_invPrefetchBuffer__I)
                  00813900    00000040                  : BIOS.obj (.text:ti_sysbios_family_c66_Cache_wbInv__E)
                  00813940    00000040                  : BIOS.obj (.text:ti_sysbios_family_c66_tci66xx_CpIntc_clearSysInt__E)
                  00813980    00000040                  : BIOS.obj (.text:ti_sysbios_family_c66_tci66xx_CpIntc_disableHostInt__E)
                  008139c0    00000040                  : BIOS.obj (.text:ti_sysbios_family_c66_tci66xx_CpIntc_enableAllHostInts__E)
                  00813a00    00000040                  : BIOS.obj (.text:ti_sysbios_family_c66_tci66xx_CpIntc_enableHostInt__E)
                  00813a40    00000040                  : BIOS.obj (.text:ti_sysbios_family_c66_tci66xx_CpIntc_enableSysInt__E)
                  00813a80    00000040     app_pe66.oe66 (.text:ti_sysbios_gates_GateHwi_Handle__label__S)
                  00813ac0    00000040     app_pe66.oe66 (.text:ti_sysbios_gates_GateHwi_Object__delete__S)
                  00813b00    00000040     sysbios.ae66 : BIOS.obj (.text:ti_sysbios_gates_GateHwi_enter__E)
                  00813b40    00000040     app_pe66.oe66 (.text:ti_sysbios_gates_GateMutex_Handle__label__S)
                  00813b80    00000040     sysbios.ae66 : BIOS.obj (.text:ti_sysbios_gates_GateMutex_Instance_State_sem$28)
                  00813bc0    00000040                  : BIOS.obj (.text:ti_sysbios_gates_GateMutex_Instance_finalize__E)
                  00813c00    00000040                  : BIOS.obj (.text:ti_sysbios_gates_GateMutex_Instance_init__E)
                  00813c40    00000040                  : BIOS.obj (.text:ti_sysbios_gates_GateMutex_leave__E)
                  00813c80    00000040                  : BIOS.obj (.text:ti_sysbios_hal_Hwi_getStackInfo__E)
                  00813cc0    00000040     app_pe66.oe66 (.text:ti_sysbios_heaps_HeapMem_Handle__label__S)
                  00813d00    00000040     app_pe66.oe66 (.text:ti_sysbios_heaps_HeapMem_Object__delete__S)
                  00813d40    00000040     app_pe66.oe66 (.text:ti_sysbios_heaps_HeapMem_Object__get__S)
                  00813d80    00000040     sysbios.ae66 : BIOS.obj (.text:ti_sysbios_heaps_HeapMem_restore__E)
                  00813dc0    00000040                  : BIOS.obj (.text:ti_sysbios_knl_Clock_Module_State_clockQ$7)
                  00813e00    00000040                  : BIOS.obj (.text:ti_sysbios_knl_Clock_Module_startup__E)
                  00813e40    00000040                  : BIOS.obj (.text:ti_sysbios_knl_Clock_startI__E)
                  00813e80    00000040                  : BIOS.obj (.text:ti_sysbios_knl_Event_Instance_State_pendQ$10)
                  00813ec0    00000040                  : BIOS.obj (.text:ti_sysbios_knl_Event_Instance_init__E)
                  00813f00    00000040     app_pe66.oe66 (.text:ti_sysbios_knl_Event_Object__delete__S)
                  00813f40    00000040     sysbios.ae66 : BIOS.obj (.text:ti_sysbios_knl_Queue_dequeue__E)
                  00813f80    00000040                  : BIOS.obj (.text:ti_sysbios_knl_Queue_empty__E)
                  00813fc0    00000040                  : BIOS.obj (.text:ti_sysbios_knl_Queue_enqueue__E)
                  00814000    00000040                  : BIOS.obj (.text:ti_sysbios_knl_Queue_remove__E)
                  00814040    00000040                  : BIOS.obj (.text:ti_sysbios_knl_Semaphore_Instance_State_pendQ$12)
                  00814080    00000040                  : BIOS.obj (.text:ti_sysbios_knl_Semaphore_Instance_finalize__E)
                  008140c0    00000040     app_pe66.oe66 (.text:ti_sysbios_knl_Semaphore_destruct)
                  00814100    00000040     app_pe66.oe66 (.text:ti_sysbios_knl_Swi_Object__get__S)
                  00814140    00000040     sysbios.ae66 : BIOS.obj (.text:ti_sysbios_knl_Swi_disable__E)
                  00814180    00000040                  : BIOS.obj (.text:ti_sysbios_knl_Task_Module_State_inactiveQ$14)
                  008141c0    00000040     app_pe66.oe66 (.text:ti_sysbios_knl_Task_Object__get__S)
                  00814200    00000040     sysbios.ae66 : BIOS.obj (.text:ti_sysbios_knl_Task_disable__E)
                  00814240    00000040                  : BIOS.obj (.text:ti_sysbios_knl_Task_enabled__E)
                  00814280    00000040                  : BIOS.obj (.text:ti_sysbios_knl_Task_enter__I)
                  008142c0    00000040                  : BIOS.obj (.text:ti_sysbios_knl_Task_restoreHwi__E)
                  00814300    00000040                  : BIOS.obj (.text:ti_sysbios_knl_Task_unblock__E)
                  00814340    00000040                  : BIOS.obj (.text:ti_sysbios_timers_timer64_Timer_checkOverflow__I)
                  00814380    00000040                  : BIOS.obj (.text:ti_sysbios_timers_timer64_Timer_postInit__I)
                  008143c0    00000040     ti.targets.rts6000.ae66 : Error.oe66 (.text:xdc_runtime_Error_check__E)
                  00814400    00000040                             : Error.oe66 (.text:xdc_runtime_Error_init__E)
                  00814440    00000040     app_pe66.oe66 (.text:xdc_runtime_LoggerBuf_Handle__label__S)
                  00814480    00000040     ti.targets.rts6000.ae66 : LoggerBuf.oe66 (.text:xdc_runtime_LoggerBuf_Instance_finalize__E)
                  008144c0    00000040     app_pe66.oe66 (.text:xdc_runtime_LoggerBuf_Object__get__S)
                  00814500    00000040     ti.targets.rts6000.ae66 : LoggerBuf.oe66 (.text:xdc_runtime_LoggerBuf_write0__E)
                  00814540    00000040                             : LoggerBuf.oe66 (.text:xdc_runtime_LoggerBuf_write1__E)
                  00814580    00000040                             : LoggerBuf.oe66 (.text:xdc_runtime_LoggerBuf_write2__E)
                  008145c0    00000040                             : Registry.oe66 (.text:xdc_runtime_Registry_findById__E)
                  00814600    00000040                             : SysMin.oe66 (.text:xdc_runtime_SysMin_Module_startup__E)
                  00814640    00000040                             : SysMin.oe66 (.text:xdc_runtime_SysMin_exit__E)
                  00814680    00000040                             : System.oe66 (.text:xdc_runtime_System_abort__E)
                  008146c0    00000040     app_pe66.oe66 (.text:xdc_runtime_System_aprintf__E)
                  00814700    00000040     ti.targets.rts6000.ae66 : System.oe66 (.text:xdc_runtime_System_exit__E)
                  00814740    00000040     app_pe66.oe66 (.text:xdc_runtime_System_printf__E)
                  00814780    00000020     ti.osal.ae66 : EventCombinerP_tirtos.oe66 (.text:EventCombinerP_disableEvent)
                  008147a0    00000020                  : EventCombinerP_tirtos.oe66 (.text:EventCombinerP_dispatchPlug)
                  008147c0    00000020                  : EventCombinerP_tirtos.oe66 (.text:EventCombinerP_enableEvent)
                  008147e0    00000020                  : HwiP_tirtos.oe66 (.text:HwiP_disable)
                  00814800    00000020                  : HwiP_tirtos.oe66 (.text:HwiP_restore)
                  00814820    00000020     ti.drv.uart.ae66 : UART_drv.oe66 (.text:UART_Params_init)
                  00814840    00000020                      : UART_drv.oe66 (.text:UART_close)
                  00814860    00000020                      : UART_v0.oe66 (.text:UART_control_v0$0)
                  00814880    00000020     ti.csl.ae66 : uart.oe66 (.text:UART_divisorLatchDisable_v0)
                  008148a0    00000020                 : uart.oe66 (.text:UART_fIFOCharPut_v0)
                  008148c0    00000020                 : uart.oe66 (.text:UART_fifoEmpty_v0)
                  008148e0    00000020     ti.drv.uart.ae66 : UART_v0.oe66 (.text:UART_init_v0$0)
                  00814900    00000020     ti.csl.ae66 : uart.oe66 (.text:UART_operatingModeSelect_v0)
                  00814920    00000020                 : uart.oe66 (.text:UART_pwremuConfig_v0)
                  00814940    00000020     ti.drv.uart.ae66 : UART_drv.oe66 (.text:UART_read)
                  00814960    00000020                      : UART_drv.oe66 (.text:UART_write)
                  00814980    00000020     rts6600_elf.lib : _lock.obj (.text:_nop)
                  008149a0    00000020                     : _lock.obj (.text:_register_lock)
                  008149c0    00000020                     : _data_synch.obj (.text:_register_synch_api)
                  008149e0    00000020                     : _lock.obj (.text:_register_unlock)
                  00814a00    00000020     sysbios.ae66 : c62_TaskSupport_asm.obj (.text:_ti_sysbios_family_c62_TaskSupport_glue)
                  00814a20    00000020     rts6600_elf.lib : exit.obj (.text:abort)
                  00814a40    00000020                     : copy_decompress_none.obj (.text:decompress:none:__TI_decompress_none)
                  00814a60    00000020                     : copy_decompress_rle.obj (.text:decompress:rle24:__TI_decompress_rle24)
                  00814a80    00000020     mathlib.ae66 : cosdp.oe66 (.text:optasm)
                  00814aa0    00000020                  : sindp.oe66 (.text:optasm)
                  00814ac0    00000020                  : sqrtsp.oe66 (.text:optasm)
                  00814ae0    00000020     app_pe66.oe66 (.text:ti_sysbios_BIOS_RtsGateProxy_enter__E)
                  00814b00    00000020     app_pe66.oe66 (.text:ti_sysbios_BIOS_RtsGateProxy_leave__E)
                  00814b20    00000020     sysbios.ae66 : BIOS.obj (.text:ti_sysbios_BIOS_exit__E)
                  00814b40    00000020                  : BIOS.obj (.text:ti_sysbios_BIOS_getThreadType__E)
                  00814b60    00000020                  : BIOS.obj (.text:ti_sysbios_BIOS_linkedWithIncorrectBootLibrary__E)
                  00814b80    00000020     app_pe66.oe66 (.text:ti_sysbios_BIOS_nullFunc__I)
                  00814ba0    00000020     sysbios.ae66 : BIOS.obj (.text:ti_sysbios_BIOS_start__E)
                  00814bc0    00000020     app_pe66.oe66 (.text:ti_sysbios_family_c62_TaskSupport_Module__startupDone__S)
                  00814be0    00000020     sysbios.ae66 : BIOS.obj (.text:ti_sysbios_family_c62_TaskSupport_getStackAlignment__E)
                  00814c00    00000020     app_pe66.oe66 (.text:ti_sysbios_family_c64p_Exception_Module__startupDone__F)
                  00814c20    00000020     app_pe66.oe66 (.text:ti_sysbios_family_c64p_Hwi_Module__startupDone__F)
                  00814c40    00000020     app_pe66.oe66 (.text:ti_sysbios_family_c64p_Hwi_Params__init__S)
                  00814c60    00000020     sysbios.ae66 : BIOS.obj (.text:ti_sysbios_family_c64p_Hwi_postInit__I)
                  00814c80    00000020                  : BIOS.obj (.text:ti_sysbios_family_c64p_Hwi_startup__E)
                  00814ca0    00000020                  : BIOS.obj (.text:ti_sysbios_family_c64p_Hwi_switchFromBootStack__E)
                  00814cc0    00000020                  : BIOS.obj (.text:ti_sysbios_family_c64p_Hwi_unPluggedInterrupt__I)
                  00814ce0    00000020                  : BIOS.obj (.text:ti_sysbios_family_c64p_TimestampProvider_Module_startup__E)
                  00814d00    00000020                  : BIOS.obj (.text:ti_sysbios_family_c64p_tci6488_TimerSupport_enable__E)
                  00814d20    00000020                  : BIOS.obj (.text:ti_sysbios_family_c66_Cache_invL1pAll__E)
                  00814d40    00000020                  : BIOS.obj (.text:ti_sysbios_family_c66_Cache_wait__E)
                  00814d60    00000020                  : BIOS.obj (.text:ti_sysbios_family_c66_Cache_wbInvAll__E)
                  00814d80    00000020                  : BIOS.obj (.text:ti_sysbios_gates_GateHwi_Instance_init__E)
                  00814da0    00000020                  : BIOS.obj (.text:ti_sysbios_gates_GateHwi_leave__E)
                  00814dc0    00000020                  : BIOS.obj (.text:ti_sysbios_gates_GateHwi_query__E)
                  00814de0    00000020                  : BIOS.obj (.text:ti_sysbios_gates_GateMutex_query__E)
                  00814e00    00000020                  : BIOS.obj (.text:ti_sysbios_hal_Hwi_Module_startup__E)
                  00814e20    00000020                  : BIOS.obj (.text:ti_sysbios_hal_Hwi_clearInterrupt__E)
                  00814e40    00000020                  : BIOS.obj (.text:ti_sysbios_hal_Hwi_disableInterrupt__E)
                  00814e60    00000020                  : BIOS.obj (.text:ti_sysbios_hal_Hwi_enableInterrupt__E)
                  00814e80    00000020                  : BIOS.obj (.text:ti_sysbios_hal_Hwi_startup__E)
                  00814ea0    00000020                  : BIOS.obj (.text:ti_sysbios_hal_Hwi_switchFromBootStack__E)
                  00814ec0    00000020     app_pe66.oe66 (.text:ti_sysbios_heaps_HeapMem_Module_GateProxy_enter__E)
                  00814ee0    00000020     app_pe66.oe66 (.text:ti_sysbios_heaps_HeapMem_Module_GateProxy_leave__E)
                  00814f00    00000020     sysbios.ae66 : BIOS.obj (.text:ti_sysbios_heaps_HeapMem_Object_get$21)
                  00814f20    00000020                  : BIOS.obj (.text:ti_sysbios_heaps_HeapMem_isBlocking__E)
                  00814f40    00000020     app_pe66.oe66 (.text:ti_sysbios_knl_Clock_TimerProxy_getMaxTicks__E)
                  00814f60    00000020     sysbios.ae66 : BIOS.obj (.text:ti_sysbios_knl_Clock_handle$10)
                  00814f80    00000020                  : BIOS.obj (.text:ti_sysbios_knl_Clock_handle$12)
                  00814fa0    00000020                  : BIOS.obj (.text:ti_sysbios_knl_Clock_handle$14)
                  00814fc0    00000020                  : BIOS.obj (.text:ti_sysbios_knl_Clock_removeI__E)
                  00814fe0    00000020                  : BIOS.obj (.text:ti_sysbios_knl_Clock_stop__E)
                  00815000    00000020     app_pe66.oe66 (.text:ti_sysbios_knl_Event_Params__init__S)
                  00815020    00000020     app_pe66.oe66 (.text:ti_sysbios_knl_Event_delete)
                  00815040    00000020     sysbios.ae66 : BIOS.obj (.text:ti_sysbios_knl_Idle_loop__E)
                  00815060    00000020                  : BIOS.obj (.text:ti_sysbios_knl_Queue_Instance_init__E)
                  00815080    00000020     app_pe66.oe66 (.text:ti_sysbios_knl_Queue_Object__get__S)
                  008150a0    00000020     sysbios.ae66 : BIOS.obj (.text:ti_sysbios_knl_Queue_Object_get$14)
                  008150c0    00000020     app_pe66.oe66 (.text:ti_sysbios_knl_Queue_destruct)
                  008150e0    00000020     sysbios.ae66 : BIOS.obj (.text:ti_sysbios_knl_Queue_elemClear__E)
                  00815100    00000020                  : BIOS.obj (.text:ti_sysbios_knl_Queue_head__E)
                  00815120    00000020                  : BIOS.obj (.text:ti_sysbios_knl_Queue_insert__E)
                  00815140    00000020                  : BIOS.obj (.text:ti_sysbios_knl_Queue_next__E)
                  00815160    00000020                  : BIOS.obj (.text:ti_sysbios_knl_Queue_struct$10)
                  00815180    00000020                  : BIOS.obj (.text:ti_sysbios_knl_Queue_struct$12)
                  008151a0    00000020     app_pe66.oe66 (.text:ti_sysbios_knl_Semaphore_Params__init__S)
                  008151c0    00000020     app_pe66.oe66 (.text:ti_sysbios_knl_Semaphore_delete)
                  008151e0    00000020     sysbios.ae66 : BIOS.obj (.text:ti_sysbios_knl_Semaphore_struct$28)
                  00815200    00000020                  : BIOS.obj (.text:ti_sysbios_knl_Swi_Object_get$13)
                  00815220    00000020                  : BIOS.obj (.text:ti_sysbios_knl_Swi_enabled__E)
                  00815240    00000020                  : BIOS.obj (.text:ti_sysbios_knl_Swi_postInit__I)
                  00815260    00000020                  : BIOS.obj (.text:ti_sysbios_knl_Swi_startup__E)
                  00815280    00000020                  : BIOS.obj (.text:ti_sysbios_knl_Task_Object_get$14)
                  008152a0    00000020     app_pe66.oe66 (.text:ti_sysbios_knl_Task_Params__init__S)
                  008152c0    00000020     app_pe66.oe66 (.text:ti_sysbios_knl_Task_delete)
                  008152e0    00000020     sysbios.ae66 : BIOS.obj (.text:ti_sysbios_knl_Task_getPri__E)
                  00815300    00000020                  : BIOS.obj (.text:ti_sysbios_knl_Task_handle$14)
                  00815320    00000020                  : BIOS.obj (.text:ti_sysbios_knl_Task_self__E)
                  00815340    00000020                  : BIOS.obj (.text:ti_sysbios_knl_Task_startup__E)
                  00815360    00000020     app_pe66.oe66 (.text:ti_sysbios_timers_timer64_Timer_Module__startupDone__F)
                  00815380    00000020     sysbios.ae66 : BIOS.obj (.text:ti_sysbios_timers_timer64_Timer_getMaxTicks__E)
                  008153a0    00000020     ti.targets.rts6000.ae66 : Error.oe66 (.text:xdc_runtime_Error_getSite__E)
                  008153c0    00000020                             : Error.oe66 (.text:xdc_runtime_Error_raiseX__E)
                  008153e0    00000020                             : Gate.oe66 (.text:xdc_runtime_Gate_enterSystem__E)
                  00815400    00000020                             : Gate.oe66 (.text:xdc_runtime_Gate_leaveSystem__E)
                  00815420    00000020     app_pe66.oe66 (.text:xdc_runtime_IHeap_alloc)
                  00815440    00000020     app_pe66.oe66 (.text:xdc_runtime_IHeap_free)
                  00815460    00000020     app_pe66.oe66 (.text:xdc_runtime_LoggerBuf_Module_GateProxy_enter__E)
                  00815480    00000020     app_pe66.oe66 (.text:xdc_runtime_LoggerBuf_Module_GateProxy_leave__E)
                  008154a0    00000020     ti.targets.rts6000.ae66 : LoggerBuf.oe66 (.text:xdc_runtime_LoggerBuf_disable__E)
                  008154c0    00000020                             : LoggerBuf.oe66 (.text:xdc_runtime_LoggerBuf_enable__E)
                  008154e0    00000020                             : Memory.oe66 (.text:xdc_runtime_Memory_calloc__E)
                  00815500    00000020                             : Memory.oe66 (.text:xdc_runtime_Memory_free__E)
                  00815520    00000020                             : Memory.oe66 (.text:xdc_runtime_Memory_getMaxDefaultTypeAlign__E)
                  00815540    00000020     app_pe66.oe66 (.text:xdc_runtime_Startup_exec__I)
                  00815560    00000020     ti.targets.rts6000.ae66 : Startup.oe66 (.text:xdc_runtime_Startup_rtsDone__E)
                  00815580    00000020                             : SysMin.oe66 (.text:xdc_runtime_SysMin_ready__E)
                  008155a0    00000020     app_pe66.oe66 (.text:xdc_runtime_System_Module_GateProxy_enter__E)
                  008155c0    00000020     app_pe66.oe66 (.text:xdc_runtime_System_Module_GateProxy_leave__E)
                  008155e0    00000020     ti.targets.rts6000.ae66 : System.oe66 (.text:xdc_runtime_System_Module_startup__E)
                  00815600    00000020                             : System.oe66 (.text:xdc_runtime_System_vsnprintf__E)
                  00815620    00000020                             : Text.oe66 (.text:xdc_runtime_Text_ropeText__E)
                  00815640    00000020     app_pe66.oe66 (.text:xdc_runtime_Text_visitRope__I)
                  00815660    00000020     sysbios.ae66 : BIOS.obj (.text:xdc_uargToPtr$10)
                  00815680    00000020                  : BIOS.obj (.text:xdc_uargToPtr$12)
                  008156a0    00000020                  : BIOS.obj (.text:xdc_uargToPtr$14)
                  008156c0    00000020                  : BIOS.obj (.text:xdc_uargToPtr$21)

.const     0    008256e0    00003344     
                  008256e0    0000195d     app_pe66.oe66 (.const:xdc_runtime_Text_charTab__A)
                  0082703d    00000001     app_pe66.oe66 (.const:ti_sysbios_timers_timer64_Timer_localTimerBaseId__C)
                  0082703e    00000002     app_pe66.oe66 (.const:ti_sysbios_family_c64p_EventCombiner_Module__id__C)
                  00827040    00000574     sysbios.ae66 : BIOS.obj (.const:.string)
                  008275b4    00000004     ti.targets.rts6000.ae66 : Assert.oe66 (.const:.string)
                  008275b8    00000400     app_pe66.oe66 (.const:ti_sysbios_family_c66_Cache_marvalues__C)
                  008279b8    000003b4     app_pe66.oe66 (.const:ti_sysbios_family_c66_tci66xx_CpIntc_sysIntToHostInt__A)
                  00827d6c    00000004     app_pe66.oe66 (.const:ti_sysbios_family_c62_TaskSupport_stackAlignment__C)
                  00827d70    00000108     app_pe66.oe66 (.const:xdc_runtime_Text_nodeTab__A)
                  00827e78    00000098     app_pe66.oe66 (.const:.string)
                  00827f10    00000074     uart_synchronizer.obj (.const:.string)
                  00827f84    00000058     ti.targets.rts6000.ae66 : Error.oe66 (.const:.string)
                  00827fdc    00000004     app_pe66.oe66 (.const:ti_sysbios_family_c64p_EventCombiner_A_invalidEventId__C)
                  00827fe0    00000058     main.obj (.const:INDEX$2)
                  00828038    00000050     buffer.obj (.const:.string)
                  00828088    00000050     float_buffer.obj (.const:.string)
                  008280d8    0000004c     utils.obj (.const:.string)
                  00828124    00000048     main.obj (.const:.string)
                  0082816c    00000040     ti.targets.rts6000.ae66 : Text.oe66 (.const:.string)
                  008281ac    00000040     ti.drv.uart.ae66 : UART_drv.oe66 (.const:UART_defaultParams)
                  008281ec    00000004     app_pe66.oe66 (.const:ti_sysbios_family_c64p_EventCombiner_E_unpluggedEvent__C)
                  008281f0    0000003c     ti.drv.uart.ae66 : UART_soc.oe66 (.const:UART_config)
                  0082822c    0000003c     app_pe66.oe66 (.const:ti_sysbios_knl_Task_Object__PARAMS__C)
                  00828268    0000003c     app_pe66.oe66 (.const:xdc_runtime_LoggerBuf_Module__FXNS__C)
                  008282a4    00000004     app_pe66.oe66 (.const:ti_sysbios_family_c64p_EventCombiner_Module__diagsEnabled__C)
                  008282a8    0000003c     app_pe66.oe66 (.const:xdc_runtime_Startup_sfxnTab__A)
                  008282e4    00000030     ti.drv.uart.ae66 : UART_v0.oe66 (.const:UART_FxnTable_v0)
                  00828314    00000030     app_pe66.oe66 (.const:ti_sysbios_family_c64p_Hwi_Object__PARAMS__C)
                  00828344    0000002c     ti.targets.rts6000.ae66 : Startup.oe66 (.const:.string)
                  00828370    0000002a     app_pe66.oe66 (.const:ti_sysbios_family_c66_tci66xx_CpIntc_eventId__A)
                  0082839a    00000002     app_pe66.oe66 (.const:ti_sysbios_family_c64p_Exception_Module__id__C)
                  0082839c    00000004     app_pe66.oe66 (.const:ti_sysbios_family_c64p_EventCombiner_Module__diagsIncluded__C)
                  008283a0    0000002a     app_pe66.oe66 (.const:ti_sysbios_family_c66_tci66xx_CpIntc_hostIntToEventId_0__A)
                  008283ca    00000002     app_pe66.oe66 (.const:ti_sysbios_family_c64p_Exception_useInternalBuffer__C)
                  008283cc    00000028     app_pe66.oe66 (.const:ti_sysbios_heaps_HeapMem_Module__FXNS__C)
                  008283f4    00000028     app_pe66.oe66 (.const:xdc_runtime_LoggerBuf_Object__PARAMS__C)
                  0082841c    00000024     app_pe66.oe66 (.const:ti_sysbios_gates_GateHwi_Module__FXNS__C)
                  00828440    00000024     app_pe66.oe66 (.const:ti_sysbios_gates_GateMutex_Module__FXNS__C)
                  00828464    00000024     app_pe66.oe66 (.const:ti_sysbios_heaps_HeapMem_Object__PARAMS__C)
                  00828488    00000024     app_pe66.oe66 (.const:ti_sysbios_knl_Semaphore_Object__PARAMS__C)
                  008284ac    00000020     ti.osal.ae66 : SemaphoreP_tirtos.oe66 (.const:.string)
                  008284cc    00000020     app_pe66.oe66 (.const:ti_sysbios_family_c64p_Hwi_Object__DESC__C)
                  008284ec    00000020     app_pe66.oe66 (.const:ti_sysbios_gates_GateHwi_Object__DESC__C)
                  0082850c    00000020     app_pe66.oe66 (.const:ti_sysbios_gates_GateMutex_Object__DESC__C)
                  0082852c    00000020     app_pe66.oe66 (.const:ti_sysbios_heaps_HeapMem_Object__DESC__C)
                  0082854c    00000020     app_pe66.oe66 (.const:ti_sysbios_knl_Event_Object__DESC__C)
                  0082856c    00000020     app_pe66.oe66 (.const:ti_sysbios_knl_Queue_Object__DESC__C)
                  0082858c    00000020     app_pe66.oe66 (.const:ti_sysbios_knl_Semaphore_Object__DESC__C)
                  008285ac    00000020     app_pe66.oe66 (.const:ti_sysbios_knl_Task_Object__DESC__C)
                  008285cc    00000020     app_pe66.oe66 (.const:xdc_runtime_LoggerBuf_Object__DESC__C)
                  008285ec    00000004     app_pe66.oe66 (.const:ti_sysbios_family_c64p_EventCombiner_Module__diagsMask__C)
                  008285f0    0000001e     app_pe66.oe66 (.const:xdc_runtime_Startup_sfxnRts__A)
                  0082860e    00000002     app_pe66.oe66 (.const:ti_sysbios_family_c64p_Hwi_Module__id__C)
                  00828610    0000001c     ti.drv.uart.ae66 : UART_v0.oe66 (.const:.string)
                  0082862c    0000001c     ti.osal.ae66 : HwiP_tirtos.oe66 (.const:.string)
                  00828648    00000018     ti.targets.rts6000.ae66 : System.oe66 (.const:.string)
                  00828660    00000018     app_pe66.oe66 (.const:ti_sysbios_family_c64p_MemoryProtect_dmcCtrl__C)
                  00828678    00000018     app_pe66.oe66 (.const:ti_sysbios_family_c64p_MemoryProtect_pmcCtrl__C)
                  00828690    00000018     app_pe66.oe66 (.const:ti_sysbios_family_c64p_MemoryProtect_umcCtrl__C)
                  008286a8    00000018     app_pe66.oe66 (.const:ti_sysbios_gates_GateHwi_Object__PARAMS__C)
                  008286c0    00000018     app_pe66.oe66 (.const:ti_sysbios_gates_GateMutex_Object__PARAMS__C)
                  008286d8    00000018     app_pe66.oe66 (.const:ti_sysbios_knl_Event_Object__PARAMS__C)
                  008286f0    00000018     app_pe66.oe66 (.const:ti_sysbios_knl_Queue_Object__PARAMS__C)
                  00828708    00000010     app_pe66.oe66 (.const:ti_sysbios_family_c64p_EventCombiner_EVTMASK__C)
                  00828718    00000008     app_pe66.oe66 (.const:ti_sysbios_knl_Idle_funcList__C)
                  00828720    00000008     app_pe66.oe66 (.const:xdc_runtime_Startup_firstFxns__A)
                  00828728    00000008     app_pe66.oe66 (.const:xdc_runtime_Startup_firstFxns__C)
                  00828730    00000008     app_pe66.oe66 (.const:xdc_runtime_Startup_lastFxns__C)
                  00828738    00000004     app_pe66.oe66 (.const:ti_sysbios_family_c64p_Exception_E_exceptionMax__C)
                  0082873c    00000004     app_pe66.oe66 (.const:ti_sysbios_family_c64p_Exception_exceptionHook__C)
                  00828740    00000004     app_pe66.oe66 (.const:ti_sysbios_family_c64p_Exception_externalHook__C)
                  00828744    00000004     app_pe66.oe66 (.const:ti_sysbios_family_c64p_Exception_internalHook__C)
                  00828748    00000004     app_pe66.oe66 (.const:ti_sysbios_family_c64p_Exception_nmiHook__C)
                  0082874c    00000004     app_pe66.oe66 (.const:ti_sysbios_family_c64p_Hwi_E_alreadyDefined__C)
                  00828750    00000004     app_pe66.oe66 (.const:ti_sysbios_family_c64p_Hwi_E_handleNotFound__C)
                  00828754    00000004     app_pe66.oe66 (.const:ti_sysbios_family_c64p_Hwi_E_invalidIntNum__C)
                  00828758    00000004     app_pe66.oe66 (.const:ti_sysbios_family_c64p_Hwi_LD_end__C)
                  0082875c    00000004     app_pe66.oe66 (.const:ti_sysbios_family_c64p_Hwi_LM_begin__C)
                  00828760    00000004     app_pe66.oe66 (.const:ti_sysbios_family_c64p_Hwi_Module__diagsEnabled__C)
                  00828764    00000004     app_pe66.oe66 (.const:ti_sysbios_family_c64p_Hwi_Module__diagsIncluded__C)
                  00828768    00000004     app_pe66.oe66 (.const:ti_sysbios_family_c64p_Hwi_Module__diagsMask__C)
                  0082876c    00000004     app_pe66.oe66 (.const:ti_sysbios_family_c64p_Hwi_Module__loggerFxn1__C)
                  00828770    00000004     app_pe66.oe66 (.const:ti_sysbios_family_c64p_Hwi_Module__loggerFxn8__C)
                  00828774    00000004     app_pe66.oe66 (.const:ti_sysbios_family_c64p_Hwi_Module__loggerObj__C)
                  00828778    00000004     app_pe66.oe66 (.const:ti_sysbios_family_c66_Cache_E_invalidL1CacheSize__C)
                  0082877c    00000004     app_pe66.oe66 (.const:ti_sysbios_family_c66_Cache_E_invalidL2CacheSize__C)
                  00828780    00000004     app_pe66.oe66 (.const:ti_sysbios_family_c66_Cache_atomicBlockSize__C)
                  00828784    00000004     app_pe66.oe66 (.const:ti_sysbios_family_c66_tci66xx_CpIntc_E_unpluggedSysInt__C)
                  00828788    00000004     app_pe66.oe66 (.const:ti_sysbios_family_c66_tci66xx_CpIntc_eventId__C)
                  0082878c    00000004     app_pe66.oe66 (.const:ti_sysbios_family_c66_tci66xx_CpIntc_hostIntToEventId__C)
                  00828790    00000004     app_pe66.oe66 (.const:ti_sysbios_family_c66_tci66xx_CpIntc_hostIntToEventId__A)
                  00828794    00000004     app_pe66.oe66 (.const:ti_sysbios_family_c66_tci66xx_CpIntc_numEvents__C)
                  00828798    00000004     app_pe66.oe66 (.const:ti_sysbios_family_c66_tci66xx_CpIntc_numStatusRegs__C)
                  0082879c    00000004     app_pe66.oe66 (.const:ti_sysbios_family_c66_tci66xx_CpIntc_numSysInts__C)
                  008287a0    00000004     app_pe66.oe66 (.const:ti_sysbios_family_c66_tci66xx_CpIntc_sysIntToHostInt__C)
                  008287a4    00000004     app_pe66.oe66 (.const:ti_sysbios_gates_GateMutex_A_badContext__C)
                  008287a8    00000004     app_pe66.oe66 (.const:ti_sysbios_gates_GateMutex_Instance_State_sem__O)
                  008287ac    00000004     app_pe66.oe66 (.const:ti_sysbios_gates_GateMutex_Module__diagsEnabled__C)
                  008287b0    00000004     app_pe66.oe66 (.const:ti_sysbios_gates_GateMutex_Module__diagsIncluded__C)
                  008287b4    00000004     app_pe66.oe66 (.const:ti_sysbios_gates_GateMutex_Module__diagsMask__C)
                  008287b8    00000004     app_pe66.oe66 (.const:ti_sysbios_hal_Hwi_E_stackOverflow__C)
                  008287bc    00000004     app_pe66.oe66 (.const:ti_sysbios_heaps_HeapMem_A_align__C)
                  008287c0    00000004     app_pe66.oe66 (.const:ti_sysbios_heaps_HeapMem_A_heapSize__C)
                  008287c4    00000004     app_pe66.oe66 (.const:ti_sysbios_heaps_HeapMem_A_invalidFree__C)
                  008287c8    00000004     app_pe66.oe66 (.const:ti_sysbios_heaps_HeapMem_A_zeroBlock__C)
                  008287cc    00000004     app_pe66.oe66 (.const:ti_sysbios_heaps_HeapMem_E_memory__C)
                  008287d0    00000004     app_pe66.oe66 (.const:ti_sysbios_heaps_HeapMem_Module__diagsEnabled__C)
                  008287d4    00000004     app_pe66.oe66 (.const:ti_sysbios_heaps_HeapMem_Module__diagsIncluded__C)
                  008287d8    00000004     app_pe66.oe66 (.const:ti_sysbios_heaps_HeapMem_Module__diagsMask__C)
                  008287dc    00000004     app_pe66.oe66 (.const:ti_sysbios_heaps_HeapMem_Module__gateObj__C)
                  008287e0    00000004     app_pe66.oe66 (.const:ti_sysbios_heaps_HeapMem_Object__count__C)
                  008287e4    00000004     app_pe66.oe66 (.const:ti_sysbios_heaps_HeapMem_reqAlign__C)
                  008287e8    00000004     app_pe66.oe66 (.const:ti_sysbios_knl_Clock_LM_begin__C)
                  008287ec    00000004     app_pe66.oe66 (.const:ti_sysbios_knl_Clock_LM_tick__C)
                  008287f0    00000004     app_pe66.oe66 (.const:ti_sysbios_knl_Clock_LW_delayed__C)
                  008287f4    00000004     app_pe66.oe66 (.const:ti_sysbios_knl_Clock_Module_State_clockQ__O)
                  008287f8    00000004     app_pe66.oe66 (.const:ti_sysbios_knl_Clock_Module__diagsEnabled__C)
                  008287fc    00000004     app_pe66.oe66 (.const:ti_sysbios_knl_Clock_Module__diagsIncluded__C)
                  00828800    00000004     app_pe66.oe66 (.const:ti_sysbios_knl_Clock_Module__diagsMask__C)
                  00828804    00000004     app_pe66.oe66 (.const:ti_sysbios_knl_Clock_Module__loggerFxn1__C)
                  00828808    00000004     app_pe66.oe66 (.const:ti_sysbios_knl_Clock_Module__loggerFxn2__C)
                  0082880c    00000004     app_pe66.oe66 (.const:ti_sysbios_knl_Clock_Module__loggerObj__C)
                  00828810    00000004     app_pe66.oe66 (.const:ti_sysbios_knl_Event_A_badContext__C)
                  00828814    00000004     app_pe66.oe66 (.const:ti_sysbios_knl_Event_A_eventInUse__C)
                  00828818    00000004     app_pe66.oe66 (.const:ti_sysbios_knl_Event_A_nullEventId__C)
                  0082881c    00000004     app_pe66.oe66 (.const:ti_sysbios_knl_Event_A_nullEventMasks__C)
                  00828820    00000004     app_pe66.oe66 (.const:ti_sysbios_knl_Event_A_pendTaskDisabled__C)
                  00828824    00000004     app_pe66.oe66 (.const:ti_sysbios_knl_Event_Instance_State_pendQ__O)
                  00828828    00000004     app_pe66.oe66 (.const:ti_sysbios_knl_Event_LM_pend__C)
                  0082882c    00000004     app_pe66.oe66 (.const:ti_sysbios_knl_Event_LM_post__C)
                  00828830    00000004     app_pe66.oe66 (.const:ti_sysbios_knl_Event_Module__diagsEnabled__C)
                  00828834    00000004     app_pe66.oe66 (.const:ti_sysbios_knl_Event_Module__diagsIncluded__C)
                  00828838    00000004     app_pe66.oe66 (.const:ti_sysbios_knl_Event_Module__diagsMask__C)
                  0082883c    00000004     app_pe66.oe66 (.const:ti_sysbios_knl_Event_Module__loggerFxn4__C)
                  00828840    00000004     app_pe66.oe66 (.const:ti_sysbios_knl_Event_Module__loggerFxn8__C)
                  00828844    00000004     app_pe66.oe66 (.const:ti_sysbios_knl_Event_Module__loggerObj__C)
                  00828848    00000004     app_pe66.oe66 (.const:ti_sysbios_knl_Idle_funcList__A)
                  0082884c    00000004     app_pe66.oe66 (.const:ti_sysbios_knl_Semaphore_A_badContext__C)
                  00828850    00000004     app_pe66.oe66 (.const:ti_sysbios_knl_Semaphore_A_noEvents__C)
                  00828854    00000004     app_pe66.oe66 (.const:ti_sysbios_knl_Semaphore_A_overflow__C)
                  00828858    00000004     app_pe66.oe66 (.const:ti_sysbios_knl_Semaphore_A_pendTaskDisabled__C)
                  0082885c    00000004     app_pe66.oe66 (.const:ti_sysbios_knl_Semaphore_Instance_State_pendQ__O)
                  00828860    00000004     app_pe66.oe66 (.const:ti_sysbios_knl_Semaphore_LM_pend__C)
                  00828864    00000004     app_pe66.oe66 (.const:ti_sysbios_knl_Semaphore_LM_post__C)
                  00828868    00000004     app_pe66.oe66 (.const:ti_sysbios_knl_Semaphore_Module__diagsEnabled__C)
                  0082886c    00000004     app_pe66.oe66 (.const:ti_sysbios_knl_Semaphore_Module__diagsIncluded__C)
                  00828870    00000004     app_pe66.oe66 (.const:ti_sysbios_knl_Semaphore_Module__diagsMask__C)
                  00828874    00000004     app_pe66.oe66 (.const:ti_sysbios_knl_Semaphore_Module__loggerFxn2__C)
                  00828878    00000004     app_pe66.oe66 (.const:ti_sysbios_knl_Semaphore_Module__loggerFxn4__C)
                  0082887c    00000004     app_pe66.oe66 (.const:ti_sysbios_knl_Semaphore_Module__loggerObj__C)
                  00828880    00000004     app_pe66.oe66 (.const:ti_sysbios_knl_Swi_LD_end__C)
                  00828884    00000004     app_pe66.oe66 (.const:ti_sysbios_knl_Swi_LM_begin__C)
                  00828888    00000004     app_pe66.oe66 (.const:ti_sysbios_knl_Swi_LM_post__C)
                  0082888c    00000004     app_pe66.oe66 (.const:ti_sysbios_knl_Swi_Module__diagsEnabled__C)
                  00828890    00000004     app_pe66.oe66 (.const:ti_sysbios_knl_Swi_Module__diagsIncluded__C)
                  00828894    00000004     app_pe66.oe66 (.const:ti_sysbios_knl_Swi_Module__diagsMask__C)
                  00828898    00000004     app_pe66.oe66 (.const:ti_sysbios_knl_Swi_Module__loggerFxn1__C)
                  0082889c    00000004     app_pe66.oe66 (.const:ti_sysbios_knl_Swi_Module__loggerFxn4__C)
                  008288a0    00000004     app_pe66.oe66 (.const:ti_sysbios_knl_Swi_Module__loggerObj__C)
                  008288a4    00000004     app_pe66.oe66 (.const:ti_sysbios_knl_Swi_Object__count__C)
                  008288a8    00000004     app_pe66.oe66 (.const:ti_sysbios_knl_Swi_numConstructedSwis__C)
                  008288ac    00000004     app_pe66.oe66 (.const:ti_sysbios_knl_Task_A_badPriority__C)
                  008288b0    00000004     app_pe66.oe66 (.const:ti_sysbios_knl_Task_A_badTaskState__C)
                  008288b4    00000004     app_pe66.oe66 (.const:ti_sysbios_knl_Task_A_badThreadType__C)
                  008288b8    00000004     app_pe66.oe66 (.const:ti_sysbios_knl_Task_A_badTimeout__C)
                  008288bc    00000004     app_pe66.oe66 (.const:ti_sysbios_knl_Task_A_noPendElem__C)
                  008288c0    00000004     app_pe66.oe66 (.const:ti_sysbios_knl_Task_A_sleepTaskDisabled__C)
                  008288c4    00000004     app_pe66.oe66 (.const:ti_sysbios_knl_Task_A_taskDisabled__C)
                  008288c8    00000004     app_pe66.oe66 (.const:ti_sysbios_knl_Task_E_spOutOfBounds__C)
                  008288cc    00000004     app_pe66.oe66 (.const:ti_sysbios_knl_Task_E_stackOverflow__C)
                  008288d0    00000004     app_pe66.oe66 (.const:ti_sysbios_knl_Task_LD_block__C)
                  008288d4    00000004     app_pe66.oe66 (.const:ti_sysbios_knl_Task_LD_exit__C)
                  008288d8    00000004     app_pe66.oe66 (.const:ti_sysbios_knl_Task_LD_ready__C)
                  008288dc    00000004     app_pe66.oe66 (.const:ti_sysbios_knl_Task_LM_sleep__C)
                  008288e0    00000004     app_pe66.oe66 (.const:ti_sysbios_knl_Task_LM_switch__C)
                  008288e4    00000004     app_pe66.oe66 (.const:ti_sysbios_knl_Task_Module_State_inactiveQ__O)
                  008288e8    00000004     app_pe66.oe66 (.const:ti_sysbios_knl_Task_Module__diagsEnabled__C)
                  008288ec    00000004     app_pe66.oe66 (.const:ti_sysbios_knl_Task_Module__diagsIncluded__C)
                  008288f0    00000004     app_pe66.oe66 (.const:ti_sysbios_knl_Task_Module__diagsMask__C)
                  008288f4    00000004     app_pe66.oe66 (.const:ti_sysbios_knl_Task_Module__loggerFxn2__C)
                  008288f8    00000004     app_pe66.oe66 (.const:ti_sysbios_knl_Task_Module__loggerFxn4__C)
                  008288fc    00000004     app_pe66.oe66 (.const:ti_sysbios_knl_Task_Module__loggerObj__C)
                  00828900    00000004     app_pe66.oe66 (.const:ti_sysbios_knl_Task_Object__count__C)
                  00828904    00000004     app_pe66.oe66 (.const:ti_sysbios_knl_Task_allBlockedFunc__C)
                  00828908    00000004     app_pe66.oe66 (.const:ti_sysbios_knl_Task_defaultStackHeap__C)
                  0082890c    00000004     app_pe66.oe66 (.const:ti_sysbios_knl_Task_defaultStackSize__C)
                  00828910    00000004     app_pe66.oe66 (.const:ti_sysbios_knl_Task_numConstructedTasks__C)
                  00828914    00000004     app_pe66.oe66 (.const:ti_sysbios_timers_timer64_Timer_A_notAvailable__C)
                  00828918    00000004     app_pe66.oe66 (.const:ti_sysbios_timers_timer64_Timer_E_cannotSupport__C)
                  0082891c    00000004     app_pe66.oe66 (.const:ti_sysbios_timers_timer64_Timer_Module__diagsEnabled__C)
                  00828920    00000004     app_pe66.oe66 (.const:ti_sysbios_timers_timer64_Timer_Module__diagsIncluded__C)
                  00828924    00000004     app_pe66.oe66 (.const:ti_sysbios_timers_timer64_Timer_Module__diagsMask__C)
                  00828928    00000004     app_pe66.oe66 (.const:ti_sysbios_timers_timer64_Timer_anyMaskHigh__C)
                  0082892c    00000004     app_pe66.oe66 (.const:ti_sysbios_timers_timer64_Timer_anyMask__C)
                  00828930    00000004     app_pe66.oe66 (.const:ti_sysbios_timers_timer64_Timer_freqDivisor__C)
                  00828934    00000004     app_pe66.oe66 (.const:ti_sysbios_timers_timer64_Timer_numLocalTimers__C)
                  00828938    00000004     app_pe66.oe66 (.const:ti_sysbios_timers_timer64_Timer_numTimerDevices__C)
                  0082893c    00000004     app_pe66.oe66 (.const:xdc_runtime_Assert_E_assertFailed__C)
                  00828940    00000004     app_pe66.oe66 (.const:xdc_runtime_Core_A_initializedParams__C)
                  00828944    00000004     app_pe66.oe66 (.const:xdc_runtime_Core_Module__diagsEnabled__C)
                  00828948    00000004     app_pe66.oe66 (.const:xdc_runtime_Core_Module__diagsIncluded__C)
                  0082894c    00000004     app_pe66.oe66 (.const:xdc_runtime_Core_Module__diagsMask__C)
                  00828950    00000004     app_pe66.oe66 (.const:xdc_runtime_Error_E_memory__C)
                  00828954    00000004     app_pe66.oe66 (.const:xdc_runtime_Error_Module__diagsEnabled__C)
                  00828958    00000004     app_pe66.oe66 (.const:xdc_runtime_Error_Module__diagsIncluded__C)
                  0082895c    00000004     app_pe66.oe66 (.const:xdc_runtime_Error_Module__diagsMask__C)
                  00828960    00000004     app_pe66.oe66 (.const:xdc_runtime_Error_Module__loggerFxn8__C)
                  00828964    00000004     app_pe66.oe66 (.const:xdc_runtime_Error_Module__loggerObj__C)
                  00828968    00000004     app_pe66.oe66 (.const:xdc_runtime_Error_policyFxn__C)
                  0082896c    00000004     app_pe66.oe66 (.const:xdc_runtime_Error_policy__C)
                  00828970    00000004     app_pe66.oe66 (.const:xdc_runtime_Error_raiseHook__C)
                  00828974    00000004     app_pe66.oe66 (.const:xdc_runtime_IFilterLogger_Interface__BASE__C)
                  00828978    00000004     app_pe66.oe66 (.const:xdc_runtime_IGateProvider_Interface__BASE__C)
                  0082897c    00000004     app_pe66.oe66 (.const:xdc_runtime_IHeap_Interface__BASE__C)
                  00828980    00000004     app_pe66.oe66 (.const:xdc_runtime_ILogger_Interface__BASE__C)
                  00828984    00000004     app_pe66.oe66 (.const:xdc_runtime_IModule_Interface__BASE__C)
                  00828988    00000004     app_pe66.oe66 (.const:xdc_runtime_Log_L_error__C)
                  0082898c    00000004     app_pe66.oe66 (.const:xdc_runtime_LoggerBuf_E_badLevel__C)
                  00828990    00000004     app_pe66.oe66 (.const:xdc_runtime_LoggerBuf_Module__gateObj__C)
                  00828994    00000004     app_pe66.oe66 (.const:xdc_runtime_LoggerBuf_Object__count__C)
                  00828998    00000004     app_pe66.oe66 (.const:xdc_runtime_LoggerBuf_statusLogger__C)
                  0082899c    00000004     app_pe66.oe66 (.const:xdc_runtime_Memory_defaultHeapInstance__C)
                  008289a0    00000004     app_pe66.oe66 (.const:xdc_runtime_Startup_execImpl__C)
                  008289a4    00000004     app_pe66.oe66 (.const:xdc_runtime_Startup_maxPasses__C)
                  008289a8    00000004     app_pe66.oe66 (.const:xdc_runtime_Startup_sfxnRts__C)
                  008289ac    00000004     app_pe66.oe66 (.const:xdc_runtime_Startup_sfxnTab__C)
                  008289b0    00000004     app_pe66.oe66 (.const:xdc_runtime_SysMin_bufSize__C)
                  008289b4    00000004     app_pe66.oe66 (.const:xdc_runtime_SysMin_outputFunc__C)
                  008289b8    00000004     app_pe66.oe66 (.const:xdc_runtime_System_Module__gateObj__C)
                  008289bc    00000004     app_pe66.oe66 (.const:xdc_runtime_System_abortFxn__C)
                  008289c0    00000004     app_pe66.oe66 (.const:xdc_runtime_System_exitFxn__C)
                  008289c4    00000004     app_pe66.oe66 (.const:xdc_runtime_System_extendFxn__C)
                  008289c8    00000004     app_pe66.oe66 (.const:xdc_runtime_System_maxAtexitHandlers__C)
                  008289cc    00000004     app_pe66.oe66 (.const:xdc_runtime_Text_charTab__C)
                  008289d0    00000004     app_pe66.oe66 (.const:xdc_runtime_Text_nameEmpty__C)
                  008289d4    00000004     app_pe66.oe66 (.const:xdc_runtime_Text_nameStatic__C)
                  008289d8    00000004     app_pe66.oe66 (.const:xdc_runtime_Text_nameUnknown__C)
                  008289dc    00000004     app_pe66.oe66 (.const:xdc_runtime_Text_nodeTab__C)
                  008289e0    00000004     app_pe66.oe66 (.const:xdc_runtime_Text_visitRopeFxn__C)
                  008289e4    00000002     app_pe66.oe66 (.const:ti_sysbios_family_c64p_Hwi_Module__loggerDefined__C)
                  008289e6    00000002     app_pe66.oe66 (.const:ti_sysbios_family_c66_Cache_Module__id__C)
                  008289e8    00000002     app_pe66.oe66 (.const:ti_sysbios_family_c66_Cache_registerRTSSynch__C)
                  008289ea    00000002     app_pe66.oe66 (.const:ti_sysbios_family_c66_tci66xx_CpIntc_Module__id__C)
                  008289ec    00000002     app_pe66.oe66 (.const:ti_sysbios_gates_GateMutex_Module__id__C)
                  008289ee    00000002     app_pe66.oe66 (.const:ti_sysbios_hal_Hwi_Module__id__C)
                  008289f0    00000002     app_pe66.oe66 (.const:ti_sysbios_heaps_HeapMem_Module__id__C)
                  008289f2    00000002     app_pe66.oe66 (.const:ti_sysbios_knl_Clock_Module__id__C)
                  008289f4    00000002     app_pe66.oe66 (.const:ti_sysbios_knl_Clock_Module__loggerDefined__C)
                  008289f6    00000002     app_pe66.oe66 (.const:ti_sysbios_knl_Event_Module__id__C)
                  008289f8    00000002     app_pe66.oe66 (.const:ti_sysbios_knl_Event_Module__loggerDefined__C)
                  008289fa    00000002     app_pe66.oe66 (.const:ti_sysbios_knl_Semaphore_Module__id__C)
                  008289fc    00000002     app_pe66.oe66 (.const:ti_sysbios_knl_Semaphore_Module__loggerDefined__C)
                  008289fe    00000002     app_pe66.oe66 (.const:ti_sysbios_knl_Swi_Module__id__C)
                  00828a00    00000002     app_pe66.oe66 (.const:ti_sysbios_knl_Swi_Module__loggerDefined__C)
[...]
00828824  ti_sysbios_knl_Event_Instance_State_pendQ__O                          
00828828  ti_sysbios_knl_Event_LM_pend__C                                       
0082882c  ti_sysbios_knl_Event_LM_post__C                                       
00828830  ti_sysbios_knl_Event_Module__diagsEnabled__C                          
00828834  ti_sysbios_knl_Event_Module__diagsIncluded__C                         
00828838  ti_sysbios_knl_Event_Module__diagsMask__C                             
0082883c  ti_sysbios_knl_Event_Module__loggerFxn4__C                            
00828840  ti_sysbios_knl_Event_Module__loggerFxn8__C                            
00828844  ti_sysbios_knl_Event_Module__loggerObj__C                             
00828848  ti_sysbios_knl_Idle_funcList__A                                       
0082884c  ti_sysbios_knl_Semaphore_A_badContext__C                              
00828850  ti_sysbios_knl_Semaphore_A_noEvents__C                                
00828854  ti_sysbios_knl_Semaphore_A_overflow__C                                
00828858  ti_sysbios_knl_Semaphore_A_pendTaskDisabled__C                        
0082885c  ti_sysbios_knl_Semaphore_Instance_State_pendQ__O                      
00828860  ti_sysbios_knl_Semaphore_LM_pend__C                                   
00828864  ti_sysbios_knl_Semaphore_LM_post__C                                   
00828868  ti_sysbios_knl_Semaphore_Module__diagsEnabled__C                      
0082886c  ti_sysbios_knl_Semaphore_Module__diagsIncluded__C                     
00828870  ti_sysbios_knl_Semaphore_Module__diagsMask__C                         
00828874  ti_sysbios_knl_Semaphore_Module__loggerFxn2__C                        
00828878  ti_sysbios_knl_Semaphore_Module__loggerFxn4__C                        
0082887c  ti_sysbios_knl_Semaphore_Module__loggerObj__C                         
00828880  ti_sysbios_knl_Swi_LD_end__C                                          
00828884  ti_sysbios_knl_Swi_LM_begin__C                                        
00828888  ti_sysbios_knl_Swi_LM_post__C                                         
0082888c  ti_sysbios_knl_Swi_Module__diagsEnabled__C                            
00828890  ti_sysbios_knl_Swi_Module__diagsIncluded__C                           
00828894  ti_sysbios_knl_Swi_Module__diagsMask__C                               
00828898  ti_sysbios_knl_Swi_Module__loggerFxn1__C                              
0082889c  ti_sysbios_knl_Swi_Module__loggerFxn4__C                              
008288a0  ti_sysbios_knl_Swi_Module__loggerObj__C                               
008288a4  ti_sysbios_knl_Swi_Object__count__C                                   
008288a8  ti_sysbios_knl_Swi_numConstructedSwis__C                              
008288ac  ti_sysbios_knl_Task_A_badPriority__C                                  
008288b0  ti_sysbios_knl_Task_A_badTaskState__C                                 
008288b4  ti_sysbios_knl_Task_A_badThreadType__C                                
008288b8  ti_sysbios_knl_Task_A_badTimeout__C                                   
008288bc  ti_sysbios_knl_Task_A_noPendElem__C                                   
008288c0  ti_sysbios_knl_Task_A_sleepTaskDisabled__C                            
008288c4  ti_sysbios_knl_Task_A_taskDisabled__C                                 
008288c8  ti_sysbios_knl_Task_E_spOutOfBounds__C                                
008288cc  ti_sysbios_knl_Task_E_stackOverflow__C                                
008288d0  ti_sysbios_knl_Task_LD_block__C                                       
008288d4  ti_sysbios_knl_Task_LD_exit__C                                        
008288d8  ti_sysbios_knl_Task_LD_ready__C                                       
008288dc  ti_sysbios_knl_Task_LM_sleep__C                                       
008288e0  ti_sysbios_knl_Task_LM_switch__C                                      
008288e4  ti_sysbios_knl_Task_Module_State_inactiveQ__O                         
008288e8  ti_sysbios_knl_Task_Module__diagsEnabled__C                           
008288ec  ti_sysbios_knl_Task_Module__diagsIncluded__C                          
008288f0  ti_sysbios_knl_Task_Module__diagsMask__C                              
008288f4  ti_sysbios_knl_Task_Module__loggerFxn2__C                             
008288f8  ti_sysbios_knl_Task_Module__loggerFxn4__C                             
008288fc  ti_sysbios_knl_Task_Module__loggerObj__C                              
00828900  ti_sysbios_knl_Task_Object__count__C                                  
00828904  ti_sysbios_knl_Task_allBlockedFunc__C                                 
00828908  ti_sysbios_knl_Task_defaultStackHeap__C                               
0082890c  ti_sysbios_knl_Task_defaultStackSize__C                               
00828910  ti_sysbios_knl_Task_numConstructedTasks__C                            
00828914  ti_sysbios_timers_timer64_Timer_A_notAvailable__C                     
00828918  ti_sysbios_timers_timer64_Timer_E_cannotSupport__C                    
0082891c  ti_sysbios_timers_timer64_Timer_Module__diagsEnabled__C               
00828920  ti_sysbios_timers_timer64_Timer_Module__diagsIncluded__C              
00828924  ti_sysbios_timers_timer64_Timer_Module__diagsMask__C                  
00828928  ti_sysbios_timers_timer64_Timer_anyMaskHigh__C                        
0082892c  ti_sysbios_timers_timer64_Timer_anyMask__C                            
00828930  ti_sysbios_timers_timer64_Timer_freqDivisor__C                        
00828934  ti_sysbios_timers_timer64_Timer_numLocalTimers__C                     
00828938  ti_sysbios_timers_timer64_Timer_numTimerDevices__C                    
0082893c  xdc_runtime_Assert_E_assertFailed__C                                  
00828940  xdc_runtime_Core_A_initializedParams__C                               
00828944  xdc_runtime_Core_Module__diagsEnabled__C                              
00828948  xdc_runtime_Core_Module__diagsIncluded__C                             
0082894c  xdc_runtime_Core_Module__diagsMask__C                                 
00828950  xdc_runtime_Error_E_memory__C                                         
00828954  xdc_runtime_Error_Module__diagsEnabled__C                             
00828958  xdc_runtime_Error_Module__diagsIncluded__C                            
0082895c  xdc_runtime_Error_Module__diagsMask__C                                
00828960  xdc_runtime_Error_Module__loggerFxn8__C                               
00828964  xdc_runtime_Error_Module__loggerObj__C                                
00828968  xdc_runtime_Error_policyFxn__C                                        
0082896c  xdc_runtime_Error_policy__C                                           
00828970  xdc_runtime_Error_raiseHook__C                                        
00828974  xdc_runtime_IFilterLogger_Interface__BASE__C                          
00828978  xdc_runtime_IGateProvider_Interface__BASE__C                          
0082897c  xdc_runtime_IHeap_Interface__BASE__C                                  
00828980  xdc_runtime_ILogger_Interface__BASE__C                                
00828984  xdc_runtime_IModule_Interface__BASE__C                                
00828988  xdc_runtime_Log_L_error__C                                            
0082898c  xdc_runtime_LoggerBuf_E_badLevel__C                                   
00828990  xdc_runtime_LoggerBuf_Module__gateObj__C                              
00828994  xdc_runtime_LoggerBuf_Object__count__C                                
00828998  xdc_runtime_LoggerBuf_statusLogger__C                                 
0082899c  xdc_runtime_Memory_defaultHeapInstance__C                             
008289a0  xdc_runtime_Startup_execImpl__C                                       
008289a4  xdc_runtime_Startup_maxPasses__C                                      
008289a8  xdc_runtime_Startup_sfxnRts__C                                        
008289ac  xdc_runtime_Startup_sfxnTab__C                                        
008289b0  xdc_runtime_SysMin_bufSize__C                                         
008289b4  xdc_runtime_SysMin_outputFunc__C                                      
008289b8  xdc_runtime_System_Module__gateObj__C                                 
008289bc  xdc_runtime_System_abortFxn__C                                        
008289c0  xdc_runtime_System_exitFxn__C                                         
008289c4  xdc_runtime_System_extendFxn__C                                       
008289c8  xdc_runtime_System_maxAtexitHandlers__C                               
008289cc  xdc_runtime_Text_charTab__C                                           
008289d0  xdc_runtime_Text_nameEmpty__C                                         
008289d4  xdc_runtime_Text_nameStatic__C                                        
008289d8  xdc_runtime_Text_nameUnknown__C                                       
008289dc  xdc_runtime_Text_nodeTab__C                                           
008289e0  xdc_runtime_Text_visitRopeFxn__C                                      
008289e4  ti_sysbios_family_c64p_Hwi_Module__loggerDefined__C                   
008289e6  ti_sysbios_family_c66_Cache_Module__id__C                             
008289e8  ti_sysbios_family_c66_Cache_registerRTSSynch__C                       
008289ea  ti_sysbios_family_c66_tci66xx_CpIntc_Module__id__C                    
008289ec  ti_sysbios_gates_GateMutex_Module__id__C                              
008289ee  ti_sysbios_hal_Hwi_Module__id__C                                      
008289f0  ti_sysbios_heaps_HeapMem_Module__id__C                                
008289f2  ti_sysbios_knl_Clock_Module__id__C                                    
008289f4  ti_sysbios_knl_Clock_Module__loggerDefined__C                         
008289f6  ti_sysbios_knl_Event_Module__id__C                                    
008289f8  ti_sysbios_knl_Event_Module__loggerDefined__C                         
008289fa  ti_sysbios_knl_Semaphore_Module__id__C                                
008289fc  ti_sysbios_knl_Semaphore_Module__loggerDefined__C                     
008289fe  ti_sysbios_knl_Swi_Module__id__C                                      
00828a00  ti_sysbios_knl_Swi_Module__loggerDefined__C                           
00828a02  ti_sysbios_knl_Task_Module__id__C                                     
00828a04  ti_sysbios_knl_Task_Module__loggerDefined__C                          
00828a06  ti_sysbios_timers_timer64_Timer_Module__id__C                         
00828a08  ti_sysbios_timers_timer64_Timer_startupNeeded__C                      
00828a0a  ti_sysbios_timers_timer64_Timer_useTimer64pRegMap__C                  
00828a0c  xdc_runtime_Core_Module__id__C                                        
00828a0e  xdc_runtime_Error_Module__loggerDefined__C                            
00828a10  xdc_runtime_Error_maxDepth__C                                         
00828a12  xdc_runtime_LoggerBuf_Module__id__C                                   
00828a14  xdc_runtime_LoggerBuf_filterByLevel__C                                
00828a16  xdc_runtime_Main_Module__id__C                                        
00828a18  xdc_runtime_Memory_Module__id__C                                      
00828a1a  xdc_runtime_SysMin_flushAtExit__C                                     
00828a1c  xdc_runtime_Text_charCnt__C                                           
00828a1e  xdc_runtime_Text_isLoaded__C                                          
00828a20  xdc_runtime_Text_registryModsLastId__C                                
00828a22  xdc_runtime_Text_unnamedModsLastId__C                                 
00828a28  ti_sysbios_family_c66_tci66xx_CpIntc_Module_State_0_dispatchTab__A    
0082a938  ti_sysbios_family_c64p_EventCombiner_Module__state__V                 
0082ad38  ti_sysbios_timers_timer64_Timer_Module_State_0_device__A              
0082aeb8  uartInitCfg                                                           
0082aff8  ti_sysbios_family_c66_tci66xx_CpIntc_Module_State_0_hostIntToSysInt__A
0082b0c8  ti_sysbios_knl_Swi_Module_State_0_readyQ__A                           
0082b148  ti_sysbios_knl_Task_Module_State_0_readyQ__A                          
0082b1c8  ti_sysbios_timers_timer64_Timer_Module_State_0_gctrl__A               
0082b248  ti_sysbios_timers_timer64_Timer_Module_State_0_handles__A             
0082b2c8  ti_sysbios_timers_timer64_Timer_Module_State_0_intFreqs__A            
0082b348  ti_sysbios_family_c64p_Hwi_Module__state__V                           
0082b3b4  _lock                                                                 
0082b3b8  ti_sysbios_timers_timer64_Timer_Object__table__V                      
0082b408  ti_sysbios_knl_Task_Object__table__V                                  
0082b454  ti_sysbios_knl_Task_Module__state__V                                  
0082b4d8  ti_sysbios_gates_GateMutex_Object__table__V                           
0082b518  ti_sysbios_family_c66_tci66xx_CpIntc_Module_State_0_initSIER__A       
0082b554  ti_sysbios_family_c64p_Exception_Module__state__V                     
0082b584  _unlock                                                               
0082b588  ti_sysbios_knl_Swi_Object__table__V                                   
0082b5b8  gOsal_HwAttrs                                                         
0082b5e4  ti_sysbios_knl_Clock_Module__state__V                                 
0082b610  ti_sysbios_BIOS_Module__state__V                                      
0082b634  ti_sysbios_family_c64p_MemoryProtect_Module__state__V                 
0082b638  xdc_runtime_LoggerBuf_Object__table__V                                
0082b65c  xdc_runtime_Error_IgnoreBlock                                         
0082b67c  ti_sysbios_knl_Swi_Module__state__V                                   
0082b698  ti_sysbios_family_c64p_Hwi_Object__table__V                           
0082b6b0  ti_sysbios_heaps_HeapMem_Object__table__V                             
0082b6c8  ti_sysbios_timers_timer64_Timer_Module__state__V                      
0082b6e0  ti_sysbios_family_c64p_MemoryProtect_Module_State_0_controllers__A    
0082b6f0  ti_sysbios_family_c66_tci66xx_CpIntc_Module__state__V                 
0082b700  xdc_runtime_System_Module_State_0_atexitHandlers__A                   
0082b710  __TI_cleanup_ptr                                                      
0082b714  __TI_dtors_ptr                                                        
0082b718  __TI_enable_exit_profile_output                                       
0082b71c  xdc_runtime_Memory_Module__state__V                                   
0082b720  ti_sysbios_family_c66_tci66xx_CpIntc_Module_State_0_controller__A     
0082b72c  xdc_runtime_SysMin_Module__state__V                                   
0082b738  ti_sysbios_family_c64p_Hwi_Module__root__V                            
0082b740  ti_sysbios_gates_GateHwi_Module__root__V                              
0082b748  ti_sysbios_gates_GateMutex_Module__root__V                            
0082b750  ti_sysbios_hal_Hwi_Object__table__V                                   
0082b758  ti_sysbios_heaps_HeapMem_Module__root__V                              
0082b760  ti_sysbios_knl_Event_Module__root__V                                  
0082b768  ti_sysbios_knl_Queue_Module__root__V                                  
0082b770  ti_sysbios_knl_Semaphore_Module__root__V                              
0082b778  ti_sysbios_knl_Task_Module__root__V                                   
0082b780  xdc_runtime_LoggerBuf_Module__root__V                                 
0082b788  xdc_runtime_Registry_Module__state__V                                 
0082b790  xdc_runtime_Startup_Module__state__V                                  
0082b798  xdc_runtime_System_Module__state__V                                   
0082b7a0  xdc_runtime_LoggerBuf_Module__state__V                                
0082b7a6  xdc_runtime_Error_Module__state__V                                    
0082b7a8  ti_sysbios_gates_GateHwi_Object__table__V                             
0082b7b0  ti_sysbios_knl_Task_Module_State_0_idleTask__A                        
0082b7b8  _stack                                                                
0082d7b8  __TI_STACK_END                                                        
0082d7b8  ti_sysbios_knl_Task_Instance_State_0_stack__A                         
0082dfb8  xdc_runtime_SysMin_Module_State_0_outbuf__A                           
0082e3b8  UartObjects                                                           
0082e5d8  xdc_runtime_LoggerBuf_Instance_State_0_entryArr__A                    
0082e7d8  parmbuf                                                               
0082e800  ti_sysbios_family_c64p_Hwi0                                           
0082e800  ti_sysbios_family_c64p_Hwi_int0                                       
0082e820  ti_sysbios_family_c64p_Hwi_int1                                       
0082e840  ti_sysbios_family_c64p_Hwi_int2                                       
0082e860  ti_sysbios_family_c64p_Hwi_int3                                       
0082e880  ti_sysbios_family_c64p_Hwi_int4                                       
0082e8a0  ti_sysbios_family_c64p_Hwi_int5                                       
0082e8c0  ti_sysbios_family_c64p_Hwi_int6                                       
0082e8e0  ti_sysbios_family_c64p_Hwi_int7                                       
0082e900  ti_sysbios_family_c64p_Hwi_int8                                       
0082e920  ti_sysbios_family_c64p_Hwi_int9                                       
0082e940  ti_sysbios_family_c64p_Hwi_int10                                      
0082e960  ti_sysbios_family_c64p_Hwi_int11                                      
0082e980  ti_sysbios_family_c64p_Hwi_int12                                      
0082e9a0  ti_sysbios_family_c64p_Hwi_int13                                      
0082e9c0  ti_sysbios_family_c64p_Hwi_int14                                      
0082e9e0  ti_sysbios_family_c64p_Hwi_int15                                      
0082ea00  __CIOBUF_                                                             
0082eb30  __TI_STATIC_BASE                                                      
0082eb30  gOsalSemAllocCnt                                                      
0082eb34  gOsalSemPeak                                                          
0082eb38  gOsalTimerAllocCnt                                                    
0082eb3c  gOsalTimerPeak                                                        
0082eb40  gOsalHwiAllocCnt                                                      
0082eb44  gOsalHwiPeak                                                          
00830488  __TI_Handler_Table_Base                                               
00830490  __TI_CINIT_Base                                                       
00830490  __TI_Handler_Table_Limit                                              
008304b8  __TI_CINIT_Limit                                                      
ffffffff  __TI_pprof_out_hndl                                                   
ffffffff  __TI_prof_data_size                                                   
ffffffff  __TI_prof_data_start                                                  
ffffffff  __binit__                                                             
ffffffff  __c_args__                                                            
ffffffff  binit                                                                 
UNDEFED   __TI_INITARRAY_Base                                                   
UNDEFED   __TI_INITARRAY_Limit                                                  
UNDEFED   __TI_TLS_INIT_Base                                                    
UNDEFED   __TI_TLS_INIT_Limit                                                   

[846 symbols]
